Component: ARM Compiler 5.06 update 6 (build 750) Tool: armlink [4d35ed]

==============================================================================

Section Cross References

    main.o(i.Zbar_Test) refers to img_scanner.o(i.zbar_image_scanner_create) for zbar_image_scanner_create
    main.o(i.Zbar_Test) refers to img_scanner.o(i.zbar_image_scanner_set_config) for zbar_image_scanner_set_config
    main.o(i.Zbar_Test) refers to image.o(i.zbar_image_create) for zbar_image_create
    main.o(i.Zbar_Test) refers to image.o(i.zbar_image_set_format) for zbar_image_set_format
    main.o(i.Zbar_Test) refers to image.o(i.zbar_image_set_size) for zbar_image_set_size
    main.o(i.Zbar_Test) refers to image.o(i.zbar_image_set_data) for zbar_image_set_data
    main.o(i.Zbar_Test) refers to img_scanner.o(i.zbar_scan_image) for zbar_scan_image
    main.o(i.Zbar_Test) refers to printf8.o(i.__0printf$8) for __2printf
    main.o(i.Zbar_Test) refers to image.o(i.zbar_image_first_symbol) for zbar_image_first_symbol
    main.o(i.Zbar_Test) refers to symbol.o(i.zbar_symbol_get_type) for zbar_symbol_get_type
    main.o(i.Zbar_Test) refers to symbol.o(i.zbar_symbol_get_data) for zbar_symbol_get_data
    main.o(i.Zbar_Test) refers to symbol.o(i.zbar_get_symbol_name) for zbar_get_symbol_name
    main.o(i.Zbar_Test) refers to strlen.o(.text) for strlen
    main.o(i.Zbar_Test) refers to symbol.o(i.zbar_symbol_next) for zbar_symbol_next
    main.o(i.Zbar_Test) refers to malloc.o(i.my_mem_perused) for my_mem_perused
    main.o(i.Zbar_Test) refers to image.o(i.zbar_image_destroy) for zbar_image_destroy
    main.o(i.Zbar_Test) refers to img_scanner.o(i.zbar_image_scanner_destroy) for zbar_image_scanner_destroy
    main.o(i.Zbar_Test) refers to main.o(.constdata) for data_buf
    main.o(i.Zbar_Test) refers to image.o(i.zbar_image_free_data) for zbar_image_free_data
    main.o(i.main) refers to init.o(i.initGPIO) for initGPIO
    main.o(i.main) refers to init.o(i.USART_Config) for USART_Config
    main.o(i.main) refers to init.o(i.initSystick) for initSystick
    main.o(i.main) refers to sram.o(i.FSMC_SRAM_Init) for FSMC_SRAM_Init
    main.o(i.main) refers to malloc.o(i.my_mem_init) for my_mem_init
    main.o(i.main) refers to malloc.o(i.my_mem_perused) for my_mem_perused
    main.o(i.main) refers to init.o(i.delay_ms) for delay_ms
    main.o(i.main) refers to main.o(i.Zbar_Test) for Zbar_Test
    main.o(i.main) refers to stm32f10x_gpio.o(i.GPIO_SetBits) for GPIO_SetBits
    main.o(i.main) refers to stm32f10x_gpio.o(i.GPIO_ResetBits) for GPIO_ResetBits
    init.o(i.USART_Config) refers to stm32f10x_rcc.o(i.RCC_APB2PeriphClockCmd) for RCC_APB2PeriphClockCmd
    init.o(i.USART_Config) refers to stm32f10x_usart.o(i.USART_Init) for USART_Init
    init.o(i.USART_Config) refers to stm32f10x_gpio.o(i.GPIO_Init) for GPIO_Init
    init.o(i.USART_Config) refers to stm32f10x_usart.o(i.USART_Cmd) for USART_Cmd
    init.o(i.delay_ms) refers to init.o(.data) for fac_ms
    init.o(i.delay_us) refers to init.o(.data) for fac_us
    init.o(i.initGPIO) refers to stm32f10x_rcc.o(i.RCC_APB2PeriphClockCmd) for RCC_APB2PeriphClockCmd
    init.o(i.initGPIO) refers to stm32f10x_gpio.o(i.GPIO_Init) for GPIO_Init
    init.o(i.initGPIO) refers to stm32f10x_gpio.o(i.GPIO_SetBits) for GPIO_SetBits
    init.o(i.initSystick) refers to misc.o(i.SysTick_CLKSourceConfig) for SysTick_CLKSourceConfig
    init.o(i.initSystick) refers to init.o(.data) for fac_us
    sram.o(i.FSMC_SRAM_Init) refers to stm32f10x_rcc.o(i.RCC_APB2PeriphClockCmd) for RCC_APB2PeriphClockCmd
    sram.o(i.FSMC_SRAM_Init) refers to stm32f10x_rcc.o(i.RCC_AHBPeriphClockCmd) for RCC_AHBPeriphClockCmd
    sram.o(i.FSMC_SRAM_Init) refers to stm32f10x_gpio.o(i.GPIO_Init) for GPIO_Init
    sram.o(i.FSMC_SRAM_Init) refers to stm32f10x_fsmc.o(i.FSMC_NORSRAMInit) for FSMC_NORSRAMInit
    sram.o(i.FSMC_SRAM_Init) refers to stm32f10x_fsmc.o(i.FSMC_NORSRAMCmd) for FSMC_NORSRAMCmd
    malloc.o(i.my_mem_free) refers to malloc.o(.data) for malloc_cortol
    malloc.o(i.my_mem_free) refers to malloc.o(.constdata) for memsize
    malloc.o(i.my_mem_init) refers to malloc.o(i.mymemset) for mymemset
    malloc.o(i.my_mem_init) refers to malloc.o(.constdata) for memtblsize
    malloc.o(i.my_mem_init) refers to malloc.o(.data) for malloc_cortol
    malloc.o(i.my_mem_malloc) refers to malloc.o(.data) for malloc_cortol
    malloc.o(i.my_mem_malloc) refers to malloc.o(.constdata) for memblksize
    malloc.o(i.my_mem_perused) refers to malloc.o(.data) for malloc_cortol
    malloc.o(i.my_mem_perused) refers to malloc.o(.constdata) for memtblsize
    malloc.o(i.myfree) refers to malloc.o(i.my_mem_free) for my_mem_free
    malloc.o(i.myfree) refers to malloc.o(.data) for malloc_cortol
    malloc.o(i.mymalloc) refers to malloc.o(i.my_mem_malloc) for my_mem_malloc
    malloc.o(i.mymalloc) refers to malloc.o(.data) for malloc_cortol
    malloc.o(i.myrealloc) refers to malloc.o(i.my_mem_malloc) for my_mem_malloc
[...]
    i.isaac_update                           0x080022ae   Section        0  isaac.o(i.isaac_update)
    isaac_update                             0x080022af   Thumb Code   544  isaac.o(i.isaac_update)
    i.main                                   0x080024d0   Section        0  main.o(i.main)
    i.my_mem_free                            0x08002528   Section        0  malloc.o(i.my_mem_free)
    i.my_mem_init                            0x08002594   Section        0  malloc.o(i.my_mem_init)
    i.my_mem_malloc                          0x080025d8   Section        0  malloc.o(i.my_mem_malloc)
    i.my_mem_perused                         0x08002680   Section        0  malloc.o(i.my_mem_perused)
    i.myfree                                 0x080026c0   Section        0  malloc.o(i.myfree)
    i.mymalloc                               0x080026e4   Section        0  malloc.o(i.mymalloc)
    i.mymemcpy                               0x0800270c   Section        0  malloc.o(i.mymemcpy)
    i.mymemset                               0x08002726   Section        0  malloc.o(i.mymemset)
    i.myrealloc                              0x0800273c   Section        0  malloc.o(i.myrealloc)
    i.pair_width                             0x08002780   Section        0  qr_finder.o(i.pair_width)
    pair_width                               0x08002781   Thumb Code    30  qr_finder.o(i.pair_width)
    i.process_edge                           0x0800279e   Section        0  scanner.o(i.process_edge)
    process_edge                             0x0800279f   Thumb Code    56  scanner.o(i.process_edge)
    i.qr_aff_init                            0x080027d6   Section        0  qrdec.o(i.qr_aff_init)
    qr_aff_init                              0x080027d7   Thumb Code   246  qrdec.o(i.qr_aff_init)
    i.qr_aff_line_step                       0x080028cc   Section        0  qrdec.o(i.qr_aff_line_step)
    qr_aff_line_step                         0x080028cd   Thumb Code   278  qrdec.o(i.qr_aff_line_step)
    i.qr_aff_project                         0x080029e2   Section        0  qrdec.o(i.qr_aff_project)
    qr_aff_project                           0x080029e3   Thumb Code    72  qrdec.o(i.qr_aff_project)
    i.qr_aff_unproject                       0x08002a2a   Section        0  qrdec.o(i.qr_aff_unproject)
    qr_aff_unproject                         0x08002a2b   Thumb Code    44  qrdec.o(i.qr_aff_unproject)
    i.qr_alignment_pattern_fetch             0x08002a56   Section        0  qrdec.o(i.qr_alignment_pattern_fetch)
    qr_alignment_pattern_fetch               0x08002a57   Thumb Code   118  qrdec.o(i.qr_alignment_pattern_fetch)
    i.qr_alignment_pattern_search            0x08002acc   Section        0  qrdec.o(i.qr_alignment_pattern_search)
    qr_alignment_pattern_search              0x08002acd   Thumb Code  1728  qrdec.o(i.qr_alignment_pattern_search)
    i.qr_binarize                            0x08003190   Section        0  binarize.o(i.qr_binarize)
    i.qr_cmp_edge_pt                         0x08003414   Section        0  qrdec.o(i.qr_cmp_edge_pt)
    qr_cmp_edge_pt                           0x08003415   Thumb Code    76  qrdec.o(i.qr_cmp_edge_pt)
    i.qr_code_data_clear                     0x08003460   Section        0  qrdec.o(i.qr_code_data_clear)
    qr_code_data_clear                       0x08003461   Thumb Code    66  qrdec.o(i.qr_code_data_clear)
    i.qr_code_data_list_add                  0x080034a2   Section        0  qrdec.o(i.qr_code_data_list_add)
    qr_code_data_list_add                    0x080034a3   Thumb Code    66  qrdec.o(i.qr_code_data_list_add)
    i.qr_code_data_list_clear                0x080034e4   Section        0  qrdec.o(i.qr_code_data_list_clear)
    i.qr_code_data_list_extract_text         0x08003510   Section        0  qrdectxt.o(i.qr_code_data_list_extract_text)
    i.qr_code_data_list_init                 0x08003a1c   Section        0  qrdec.o(i.qr_code_data_list_init)
    i.qr_code_data_parse                     0x08003a28   Section        0  qrdec.o(i.qr_code_data_parse)
    qr_code_data_parse                       0x08003a29   Thumb Code  1098  qrdec.o(i.qr_code_data_parse)
    i.qr_code_decode                         0x08003e80   Section        0  qrdec.o(i.qr_code_decode)
    qr_code_decode                           0x08003e81   Thumb Code   426  qrdec.o(i.qr_code_decode)
    i.qr_code_ncodewords                     0x08004038   Section        0  qrdec.o(i.qr_code_ncodewords)
    qr_code_ncodewords                       0x08004039   Thumb Code    64  qrdec.o(i.qr_code_ncodewords)
    i.qr_data_mask_fill                      0x08004078   Section        0  qrdec.o(i.qr_data_mask_fill)
    qr_data_mask_fill                        0x08004079   Thumb Code   528  qrdec.o(i.qr_data_mask_fill)
    i.qr_finder_center_cmp                   0x08004288   Section        0  qrdec.o(i.qr_finder_center_cmp)
    qr_finder_center_cmp                     0x08004289   Thumb Code   110  qrdec.o(i.qr_finder_center_cmp)
    i.qr_finder_centers_locate               0x080042f8   Section        0  qrdec.o(i.qr_finder_centers_locate)
    qr_finder_centers_locate                 0x080042f9   Thumb Code   288  qrdec.o(i.qr_finder_centers_locate)
    i.qr_finder_cluster_lines                0x0800441c   Section        0  qrdec.o(i.qr_finder_cluster_lines)
    qr_finder_cluster_lines                  0x0800441d   Thumb Code   542  qrdec.o(i.qr_finder_cluster_lines)
    i.qr_finder_edge_pts_aff_classify        0x0800463c   Section        0  qrdec.o(i.qr_finder_edge_pts_aff_classify)
    qr_finder_edge_pts_aff_classify          0x0800463d   Thumb Code   226  qrdec.o(i.qr_finder_edge_pts_aff_classify)
    i.qr_finder_edge_pts_fill                0x08004724   Section        0  qrdec.o(i.qr_finder_edge_pts_fill)
    qr_finder_edge_pts_fill                  0x08004725   Thumb Code   178  qrdec.o(i.qr_finder_edge_pts_fill)
    i.qr_finder_edge_pts_hom_classify        0x080047d8   Section        0  qrdec.o(i.qr_finder_edge_pts_hom_classify)
    qr_finder_edge_pts_hom_classify          0x080047d9   Thumb Code   252  qrdec.o(i.qr_finder_edge_pts_hom_classify)
    i.qr_finder_estimate_module_size_and_version 0x080048d8   Section        0  qrdec.o(i.qr_finder_estimate_module_size_and_version)
    qr_finder_estimate_module_size_and_version 0x080048d9   Thumb Code   548  qrdec.o(i.qr_finder_estimate_module_size_and_version)
    i.qr_finder_find_crossings               0x08004afc   Section        0  qrdec.o(i.qr_finder_find_crossings)
    qr_finder_find_crossings                 0x08004afd   Thumb Code   546  qrdec.o(i.qr_finder_find_crossings)
    i.qr_finder_fmt_info_decode              0x08004d24   Section        0  qrdec.o(i.qr_finder_fmt_info_decode)
    qr_finder_fmt_info_decode                0x08004d25   Thumb Code  1034  qrdec.o(i.qr_finder_fmt_info_decode)
    i.qr_finder_lines_are_crossing           0x0800512e   Section        0  qrdec.o(i.qr_finder_lines_are_crossing)
    qr_finder_lines_are_crossing             0x0800512f   Thumb Code    50  qrdec.o(i.qr_finder_lines_are_crossing)
    i.qr_finder_locate_crossing              0x08005160   Section        0  qrdec.o(i.qr_finder_locate_crossing)
    qr_finder_locate_crossing                0x08005161   Thumb Code   424  qrdec.o(i.qr_finder_locate_crossing)
    i.qr_finder_quick_crossing_check         0x08005308   Section        0  qrdec.o(i.qr_finder_quick_crossing_check)
    qr_finder_quick_crossing_check           0x08005309   Thumb Code   130  qrdec.o(i.qr_finder_quick_crossing_check)
    i.qr_finder_ransac                       0x0800538a   Section        0  qrdec.o(i.qr_finder_ransac)
    qr_finder_ransac                         0x0800538b   Thumb Code   500  qrdec.o(i.qr_finder_ransac)
    i.qr_finder_version_decode               0x0800557e   Section        0  qrdec.o(i.qr_finder_version_decode)
    qr_finder_version_decode                 0x0800557f   Thumb Code   388  qrdec.o(i.qr_finder_version_decode)
    i.qr_finder_vline_cmp                    0x08005702   Section        0  qrdec.o(i.qr_finder_vline_cmp)
    qr_finder_vline_cmp                      0x08005703   Thumb Code    76  qrdec.o(i.qr_finder_vline_cmp)
    i.qr_hamming_dist                        0x0800574e   Section        0  qrdec.o(i.qr_hamming_dist)
    qr_hamming_dist                          0x0800574f   Thumb Code    30  qrdec.o(i.qr_hamming_dist)
    i.qr_handler                             0x0800576c   Section        0  img_scanner.o(i.qr_handler)
    qr_handler                               0x0800576d   Thumb Code   160  img_scanner.o(i.qr_handler)
    i.qr_hom_cell_fproject                   0x0800580c   Section        0  qrdec.o(i.qr_hom_cell_fproject)
    qr_hom_cell_fproject                     0x0800580d   Thumb Code   104  qrdec.o(i.qr_hom_cell_fproject)
    i.qr_hom_cell_init                       0x08005874   Section        0  qrdec.o(i.qr_hom_cell_init)
    qr_hom_cell_init                         0x08005875   Thumb Code  2834  qrdec.o(i.qr_hom_cell_init)
    i.qr_hom_cell_project                    0x08006386   Section        0  qrdec.o(i.qr_hom_cell_project)
    qr_hom_cell_project                      0x08006387   Thumb Code    88  qrdec.o(i.qr_hom_cell_project)
    i.qr_hom_fit                             0x080063de   Section        0  qrdec.o(i.qr_hom_fit)
    qr_hom_fit                               0x080063df   Thumb Code  4252  qrdec.o(i.qr_hom_fit)
    i.qr_hom_fproject                        0x0800747a   Section        0  qrdec.o(i.qr_hom_fproject)
    qr_hom_fproject                          0x0800747b   Thumb Code   104  qrdec.o(i.qr_hom_fproject)
    i.qr_hom_init                            0x080074e2   Section        0  qrdec.o(i.qr_hom_init)
    qr_hom_init                              0x080074e3   Thumb Code  2666  qrdec.o(i.qr_hom_init)
    i.qr_hom_unproject                       0x08007f4c   Section        0  qrdec.o(i.qr_hom_unproject)
    qr_hom_unproject                         0x08007f4d   Thumb Code   202  qrdec.o(i.qr_hom_unproject)
    i.qr_ihypot                              0x08008018   Section        0  util.o(i.qr_ihypot)
    i.qr_ilog                                0x08008124   Section        0  util.o(i.qr_ilog)
    i.qr_img_get_bit                         0x08008180   Section        0  qrdec.o(i.qr_img_get_bit)
    qr_img_get_bit                           0x08008181   Thumb Code   152  qrdec.o(i.qr_img_get_bit)
    i.qr_isqrt                               0x08008218   Section        0  util.o(i.qr_isqrt)
    i.qr_line_eval                           0x08008244   Section        0  qrdec.o(i.qr_line_eval)
    qr_line_eval                             0x08008245   Thumb Code    20  qrdec.o(i.qr_line_eval)
    i.qr_line_fit                            0x08008258   Section        0  qrdec.o(i.qr_line_fit)
    qr_line_fit                              0x08008259   Thumb Code   338  qrdec.o(i.qr_line_fit)
    i.qr_line_fit_finder_edge                0x080083aa   Section        0  qrdec.o(i.qr_line_fit_finder_edge)
    qr_line_fit_finder_edge                  0x080083ab   Thumb Code   112  qrdec.o(i.qr_line_fit_finder_edge)
    i.qr_line_fit_finder_pair                0x0800841a   Section        0  qrdec.o(i.qr_line_fit_finder_pair)
    qr_line_fit_finder_pair                  0x0800841b   Thumb Code   326  qrdec.o(i.qr_line_fit_finder_pair)
    i.qr_line_fit_points                     0x08008560   Section        0  qrdec.o(i.qr_line_fit_points)
    qr_line_fit_points                       0x08008561   Thumb Code   808  qrdec.o(i.qr_line_fit_points)
    i.qr_line_isect                          0x08008888   Section        0  qrdec.o(i.qr_line_isect)
    qr_line_isect                            0x08008889   Thumb Code   118  qrdec.o(i.qr_line_isect)
    i.qr_line_orient                         0x080088fe   Section        0  qrdec.o(i.qr_line_orient)
    qr_line_orient                           0x080088ff   Thumb Code    42  qrdec.o(i.qr_line_orient)
    i.qr_pack_buf_avail                      0x08008928   Section        0  qrdec.o(i.qr_pack_buf_avail)
    qr_pack_buf_avail                        0x08008929   Thumb Code    16  qrdec.o(i.qr_pack_buf_avail)
    i.qr_pack_buf_init                       0x08008938   Section        0  qrdec.o(i.qr_pack_buf_init)
    qr_pack_buf_init                         0x08008939   Thumb Code    12  qrdec.o(i.qr_pack_buf_init)
    i.qr_pack_buf_read                       0x08008944   Section        0  qrdec.o(i.qr_pack_buf_read)
    qr_pack_buf_read                         0x08008945   Thumb Code   118  qrdec.o(i.qr_pack_buf_read)
    i.qr_point_ccw                           0x080089ba   Section        0  qrdec.o(i.qr_point_ccw)
    qr_point_ccw                             0x080089bb   Thumb Code    34  qrdec.o(i.qr_point_ccw)
    i.qr_point_distance2                     0x080089dc   Section        0  qrdec.o(i.qr_point_distance2)
    qr_point_distance2                       0x080089dd   Thumb Code    30  qrdec.o(i.qr_point_distance2)
    i.qr_point_translate                     0x080089fa   Section        0  qrdec.o(i.qr_point_translate)
    qr_point_translate                       0x080089fb   Thumb Code    14  qrdec.o(i.qr_point_translate)
    i.qr_reader_init                         0x08008a08   Section        0  qrdec.o(i.qr_reader_init)
    qr_reader_init                           0x08008a09   Thumb Code    26  qrdec.o(i.qr_reader_init)
    i.qr_reader_match_centers                0x08008a22   Section        0  qrdec.o(i.qr_reader_match_centers)
    i.qr_reader_try_configuration            0x08008c0a   Section        0  qrdec.o(i.qr_reader_try_configuration)
    qr_reader_try_configuration              0x08008c0b   Thumb Code   910  qrdec.o(i.qr_reader_try_configuration)
    i.qr_samples_unpack                      0x08008f98   Section        0  qrdec.o(i.qr_samples_unpack)
    qr_samples_unpack                        0x08008f99   Thumb Code   642  qrdec.o(i.qr_samples_unpack)
    i.qr_sampling_grid_clear                 0x0800921a   Section        0  qrdec.o(i.qr_sampling_grid_clear)
    qr_sampling_grid_clear                   0x0800921b   Thumb Code    18  qrdec.o(i.qr_sampling_grid_clear)
    i.qr_sampling_grid_fp_mask_rect          0x0800922c   Section        0  qrdec.o(i.qr_sampling_grid_fp_mask_rect)
    qr_sampling_grid_fp_mask_rect            0x0800922d   Thumb Code   100  qrdec.o(i.qr_sampling_grid_fp_mask_rect)
    i.qr_sampling_grid_init                  0x08009290   Section        0  qrdec.o(i.qr_sampling_grid_init)
    qr_sampling_grid_init                    0x08009291   Thumb Code  2612  qrdec.o(i.qr_sampling_grid_init)
    i.qr_sampling_grid_is_in_fp              0x08009ccc   Section        0  qrdec.o(i.qr_sampling_grid_is_in_fp)
    qr_sampling_grid_is_in_fp                0x08009ccd   Thumb Code    34  qrdec.o(i.qr_sampling_grid_is_in_fp)
    i.qr_sampling_grid_sample                0x08009cee   Section        0  qrdec.o(i.qr_sampling_grid_sample)
    qr_sampling_grid_sample                  0x08009cef   Thumb Code   362  qrdec.o(i.qr_sampling_grid_sample)
    i.quiet_border                           0x08009e58   Section        0  img_scanner.o(i.quiet_border)
    quiet_border                             0x08009e59   Thumb Code    26  img_scanner.o(i.quiet_border)
    i.recycle_syms                           0x08009e72   Section        0  img_scanner.o(i.recycle_syms)
    recycle_syms                             0x08009e73   Thumb Code    42  img_scanner.o(i.recycle_syms)
    i.rs_calc_syndrome                       0x08009e9c   Section        0  rs.o(i.rs_calc_syndrome)
    rs_calc_syndrome                         0x08009e9d   Thumb Code    80  rs.o(i.rs_calc_syndrome)
    i.rs_correct                             0x08009eec   Section        0  rs.o(i.rs_correct)
    i.rs_cubic_solve                         0x0800a05e   Section        0  rs.o(i.rs_cubic_solve)
    rs_cubic_solve                           0x0800a05f   Thumb Code   348  rs.o(i.rs_cubic_solve)
    i.rs_find_roots                          0x0800a1ba   Section        0  rs.o(i.rs_find_roots)
    rs_find_roots                            0x0800a1bb   Thumb Code   160  rs.o(i.rs_find_roots)
    i.rs_gdiv                                0x0800a25a   Section        0  rs.o(i.rs_gdiv)
    rs_gdiv                                  0x0800a25b   Thumb Code    26  rs.o(i.rs_gdiv)
    i.rs_gf256_init                          0x0800a274   Section        0  rs.o(i.rs_gf256_init)
    i.rs_gmul                                0x0800a2b8   Section        0  rs.o(i.rs_gmul)
    rs_gmul                                  0x0800a2b9   Thumb Code    26  rs.o(i.rs_gmul)
    i.rs_gsqrt                               0x0800a2d2   Section        0  rs.o(i.rs_gsqrt)
    rs_gsqrt                                 0x0800a2d3   Thumb Code    34  rs.o(i.rs_gsqrt)
    i.rs_hgmul                               0x0800a2f4   Section        0  rs.o(i.rs_hgmul)
    rs_hgmul                                 0x0800a2f5   Thumb Code    22  rs.o(i.rs_hgmul)
    i.rs_init_lambda                         0x0800a30a   Section        0  rs.o(i.rs_init_lambda)
    rs_init_lambda                           0x0800a30b   Thumb Code    88  rs.o(i.rs_init_lambda)
    i.rs_modified_berlekamp_massey           0x0800a362   Section        0  rs.o(i.rs_modified_berlekamp_massey)
    rs_modified_berlekamp_massey             0x0800a363   Thumb Code   262  rs.o(i.rs_modified_berlekamp_massey)
    i.rs_poly_copy                           0x0800a468   Section        0  rs.o(i.rs_poly_copy)
    rs_poly_copy                             0x0800a469   Thumb Code    20  rs.o(i.rs_poly_copy)
    i.rs_poly_mul_x                          0x0800a47c   Section        0  rs.o(i.rs_poly_mul_x)
    rs_poly_mul_x                            0x0800a47d   Thumb Code    24  rs.o(i.rs_poly_mul_x)
    i.rs_poly_mult                           0x0800a494   Section        0  rs.o(i.rs_poly_mult)
    rs_poly_mult                             0x0800a495   Thumb Code   118  rs.o(i.rs_poly_mult)
    i.rs_poly_zero                           0x0800a50a   Section        0  rs.o(i.rs_poly_zero)
    rs_poly_zero                             0x0800a50b   Thumb Code    18  rs.o(i.rs_poly_zero)
    i.rs_quadratic_solve                     0x0800a51c   Section        0  rs.o(i.rs_quadratic_solve)
    rs_quadratic_solve                       0x0800a51d   Thumb Code   550  rs.o(i.rs_quadratic_solve)
    i.rs_quartic_solve                       0x0800a742   Section        0  rs.o(i.rs_quartic_solve)
    rs_quartic_solve                         0x0800a743   Thumb Code   412  rs.o(i.rs_quartic_solve)
    i.sym_add_point                          0x0800a8de   Section        0  img_scanner.o(i.sym_add_point)
    sym_add_point                            0x0800a8df   Thumb Code    58  img_scanner.o(i.sym_add_point)
    i.sym_add_point                          0x0800a918   Section        0  qrdectxt.o(i.sym_add_point)
    sym_add_point                            0x0800a919   Thumb Code    58  qrdectxt.o(i.sym_add_point)
    i.symbol_handler                         0x0800a952   Section        0  img_scanner.o(i.symbol_handler)
    symbol_handler                           0x0800a953   Thumb Code   238  img_scanner.o(i.symbol_handler)
    i.zbar_decode_width                      0x0800aa40   Section        0  decoder.o(i.zbar_decode_width)
    i.zbar_decoder_create                    0x0800aaa4   Section        0  decoder.o(i.zbar_decoder_create)
    i.zbar_decoder_destroy                   0x0800ab1c   Section        0  decoder.o(i.zbar_decoder_destroy)
    i.zbar_decoder_get_data                  0x0800ab32   Section        0  decoder.o(i.zbar_decoder_get_data)
    i.zbar_decoder_get_data_length           0x0800ab38   Section        0  decoder.o(i.zbar_decoder_get_data_length)
    i.zbar_decoder_get_type                  0x0800ab3e   Section        0  decoder.o(i.zbar_decoder_get_type)
    i.zbar_decoder_get_userdata              0x0800ab46   Section        0  decoder.o(i.zbar_decoder_get_userdata)
    i.zbar_decoder_new_scan                  0x0800ab4c   Section        0  decoder.o(i.zbar_decoder_new_scan)
    i.zbar_decoder_reset                     0x0800ab6a   Section        0  decoder.o(i.zbar_decoder_reset)
    i.zbar_decoder_set_config                0x0800ab86   Section        0  decoder.o(i.zbar_decoder_set_config)
    i.zbar_decoder_set_handler               0x0800ac4c   Section        0  decoder.o(i.zbar_decoder_set_handler)
    i.zbar_decoder_set_userdata              0x0800ac54   Section        0  decoder.o(i.zbar_decoder_set_userdata)
    i.zbar_get_symbol_name                   0x0800ac58   Section        0  symbol.o(i.zbar_get_symbol_name)
    i.zbar_image_create                      0x0800ad24   Section        0  image.o(i.zbar_image_create)
    i.zbar_image_destroy                     0x0800ad46   Section        0  image.o(i.zbar_image_destroy)
    i.zbar_image_first_symbol                0x0800ad56   Section        0  image.o(i.zbar_image_first_symbol)
    i.zbar_image_free_data                   0x0800ad68   Section        0  image.o(i.zbar_image_free_data)
    i.zbar_image_scanner_create              0x0800adc0   Section        0  img_scanner.o(i.zbar_image_scanner_create)
    i.zbar_image_scanner_destroy             0x0800ae4c   Section        0  img_scanner.o(i.zbar_image_scanner_destroy)
    i.zbar_image_scanner_recycle_image       0x0800aed0   Section        0  img_scanner.o(i.zbar_image_scanner_recycle_image)
    i.zbar_image_scanner_set_config          0x0800af34   Section        0  img_scanner.o(i.zbar_image_scanner_set_config)
    i.zbar_image_set_data                    0x0800afaa   Section        0  image.o(i.zbar_image_set_data)
    i.zbar_image_set_format                  0x0800afc6   Section        0  image.o(i.zbar_image_set_format)
    i.zbar_image_set_size                    0x0800afca   Section        0  image.o(i.zbar_image_set_size)
    i.zbar_scan_image                        0x0800afd0   Section        0  img_scanner.o(i.zbar_scan_image)
    i.zbar_scan_y                            0x0800b3a8   Section        0  scanner.o(i.zbar_scan_y)
    i.zbar_scanner_create                    0x0800b54e   Section        0  scanner.o(i.zbar_scanner_create)
    i.zbar_scanner_destroy                   0x0800b56a   Section        0  scanner.o(i.zbar_scanner_destroy)
    i.zbar_scanner_flush                     0x0800b576   Section        0  scanner.o(i.zbar_scanner_flush)
    i.zbar_scanner_get_edge                  0x0800b5c6   Section        0  scanner.o(i.zbar_scanner_get_edge)
    i.zbar_scanner_get_width                 0x0800b5f0   Section        0  scanner.o(i.zbar_scanner_get_width)
    i.zbar_scanner_new_scan                  0x0800b5f6   Section        0  scanner.o(i.zbar_scanner_new_scan)
    i.zbar_scanner_reset                     0x0800b63c   Section        0  scanner.o(i.zbar_scanner_reset)
    i.zbar_symbol_get_data                   0x0800b666   Section        0  symbol.o(i.zbar_symbol_get_data)
    i.zbar_symbol_get_type                   0x0800b66c   Section        0  symbol.o(i.zbar_symbol_get_type)
    i.zbar_symbol_next                       0x0800b672   Section        0  symbol.o(i.zbar_symbol_next)
    i.zbar_symbol_set_ref                    0x0800b67e   Section        0  symbol.o(i.zbar_symbol_set_ref)
    i.zbar_utf8_to_gb18030                   0x0800b69c   Section        0  qrdectxt.o(i.zbar_utf8_to_gb18030)
    .constdata                               0x0800b784   Section    25600  main.o(.constdata)
    .constdata                               0x08011b84   Section       24  malloc.o(.constdata)
    .constdata                               0x08011b9c   Section       27  img_scanner.o(.constdata)
    __func__                                 0x08011b9c   Data          11  img_scanner.o(.constdata)
    __func__                                 0x08011ba7   Data          16  img_scanner.o(.constdata)
    .constdata                               0x08011bb7   Section       47  bch15_5.o(.constdata)
    gf16_exp                                 0x08011bb7   Data          31  bch15_5.o(.constdata)
    gf16_log                                 0x08011bd6   Data          16  bch15_5.o(.constdata)
    .constdata                               0x08011be6   Section        8  isaac.o(.constdata)
    SHIFT                                    0x08011be6   Data           8  isaac.o(.constdata)
    .constdata                               0x08011bf0   Section      612  qrdec.o(.constdata)
    BCH18_6_CODES                            0x08011bf0   Data         136  qrdec.o(.constdata)
    QR_ALIGNMENT_SPACING                     0x08011c78   Data          34  qrdec.o(.constdata)
    QR_ALNUM_TABLE                           0x08011c9a   Data          45  qrdec.o(.constdata)
    QR_RS_NPAR_VALS                          0x08011cc7   Data          71  qrdec.o(.constdata)
    QR_RS_NPAR_OFFS                          0x08011d0e   Data          40  qrdec.o(.constdata)
    QR_RS_NBLOCKS                            0x08011d36   Data         160  qrdec.o(.constdata)
    __func__                                 0x08011dd6   Data          17  qrdec.o(.constdata)
    MASK_TESTS                               0x08011de8   Data          64  qrdec.o(.constdata)
    MASK_COORDS                              0x08011e28   Data          16  qrdec.o(.constdata)
    LEN_BITS                                 0x08011e38   Data          12  qrdec.o(.constdata)
    __func__                                 0x08011e44   Data          16  qrdec.o(.constdata)
    .constdata                               0x08011e54   Section    41804  qrdectxt.o(.constdata)
    .conststring                             0x0801c1a0   Section      227  error.o(.conststring)
    .data                                    0x20000000   Section        4  init.o(.data)
    fac_us                                   0x20000000   Data           1  init.o(.data)
    fac_ms                                   0x20000002   Data           2  init.o(.data)
    .data                                    0x20000004   Section       28  malloc.o(.data)
    .data                                    0x20000020   Section       56  error.o(.data)
    err_str                                  0x20000024   Data          52  error.o(.data)
    .data                                    0x20000058   Section       20  stm32f10x_rcc.o(.data)
    APBAHBPrescTable                         0x20000058   Data          16  stm32f10x_rcc.o(.data)
    ADCPrescTable                            0x20000068   Data           4  stm32f10x_rcc.o(.data)
    .data                                    0x2000006c   Section        4  stderr.o(.data)
    .data                                    0x20000070   Section        4  stdout.o(.data)
    .bss                                     0x20000080   Section    59840  malloc.o(.bss)
    STACK                                    0x2000ea40   Section     4096  startup_stm32f10x_hd.o(STACK)
    .ARM.__AT_0x68000000                     0x68000000   Section    983040  malloc.o(.ARM.__AT_0x68000000)
    .ARM.__AT_0x680F0000                     0x680f0000   Section    61440  malloc.o(.ARM.__AT_0x680F0000)

    Global Symbols

    Symbol Name                              Value     Ov Type        Size  Object(Section)

    BuildAttributes$$THM_ISAv4$P$D$K$B$S$PE$A:L22UL41UL21$X:L11$S22US41US21$IEEE1$IW$USESV6$~STKCKD$USESV7$~SHL$OSPACE$ROPI$EBA8$MICROLIB$REQ8$PRES8$EABIv2 0x00000000   Number         0  anon$$obj.o ABSOLUTE
    __ARM_use_no_argv                        0x00000000   Number         0  main.o ABSOLUTE
    _printf_a                                0x00000000   Number         0  stubs.o ABSOLUTE
    _printf_c                                0x00000000   Number         0  stubs.o ABSOLUTE
    _printf_charcount                        0x00000000   Number         0  stubs.o ABSOLUTE
    _printf_d                                0x00000000   Number         0  stubs.o ABSOLUTE
    _printf_e                                0x00000000   Number         0  stubs.o ABSOLUTE
    _printf_f                                0x00000000   Number         0  stubs.o ABSOLUTE
    _printf_flags                            0x00000000   Number         0  stubs.o ABSOLUTE
    _printf_fp_dec                           0x00000000   Number         0  stubs.o ABSOLUTE
    _printf_fp_hex                           0x00000000   Number         0  stubs.o ABSOLUTE
    _printf_g                                0x00000000   Number         0  stubs.o ABSOLUTE
    _printf_i                                0x00000000   Number         0  stubs.o ABSOLUTE
    _printf_int_dec                          0x00000000   Number         0  stubs.o ABSOLUTE
    _printf_l                                0x00000000   Number         0  stubs.o ABSOLUTE
    _printf_lc                               0x00000000   Number         0  stubs.o ABSOLUTE
    _printf_ll                               0x00000000   Number         0  stubs.o ABSOLUTE
    _printf_lld                              0x00000000   Number         0  stubs.o ABSOLUTE
    _printf_lli                              0x00000000   Number         0  stubs.o ABSOLUTE
    _printf_llo                              0x00000000   Number         0  stubs.o ABSOLUTE
    _printf_llu                              0x00000000   Number         0  stubs.o ABSOLUTE
    _printf_llx                              0x00000000   Number         0  stubs.o ABSOLUTE
    _printf_longlong_dec                     0x00000000   Number         0  stubs.o ABSOLUTE
    _printf_longlong_hex                     0x00000000   Number         0  stubs.o ABSOLUTE
    _printf_longlong_oct                     0x00000000   Number         0  stubs.o ABSOLUTE
    _printf_ls                               0x00000000   Number         0  stubs.o ABSOLUTE
    _printf_mbtowc                           0x00000000   Number         0  stubs.o ABSOLUTE
    _printf_n                                0x00000000   Number         0  stubs.o ABSOLUTE
    _printf_o                                0x00000000   Number         0  stubs.o ABSOLUTE
    _printf_p                                0x00000000   Number         0  stubs.o ABSOLUTE
    _printf_percent                          0x00000000   Number         0  stubs.o ABSOLUTE
    _printf_pre_padding                      0x00000000   Number         0  stubs.o ABSOLUTE
    _printf_return_value                     0x00000000   Number         0  stubs.o ABSOLUTE
    _printf_s                                0x00000000   Number         0  stubs.o ABSOLUTE
    _printf_sizespec                         0x00000000   Number         0  stubs.o ABSOLUTE
    _printf_str                              0x00000000   Number         0  stubs.o ABSOLUTE
    _printf_truncate_signed                  0x00000000   Number         0  stubs.o ABSOLUTE
    _printf_truncate_unsigned                0x00000000   Number         0  stubs.o ABSOLUTE
    _printf_u                                0x00000000   Number         0  stubs.o ABSOLUTE
    _printf_wc                               0x00000000   Number         0  stubs.o ABSOLUTE
    _printf_wctomb                           0x00000000   Number         0  stubs.o ABSOLUTE
    _printf_widthprec                        0x00000000   Number         0  stubs.o ABSOLUTE
    _printf_x                                0x00000000   Number         0  stubs.o ABSOLUTE
    __cpp_initialize__aeabi_                  - Undefined Weak Reference
    __cxa_finalize                            - Undefined Weak Reference
    __decompress                              - Undefined Weak Reference
    _clock_init                               - Undefined Weak Reference
    _microlib_exit                            - Undefined Weak Reference
    __Vectors_Size                           0x00000130   Number         0  startup_stm32f10x_hd.o ABSOLUTE
    __Vectors                                0x08000000   Data           4  startup_stm32f10x_hd.o(RESET)
    __Vectors_End                            0x08000130   Data           0  startup_stm32f10x_hd.o(RESET)
    __main                                   0x08000131   Thumb Code     0  entry.o(.ARM.Collect$$$$00000000)
    _main_stk                                0x08000131   Thumb Code     0  entry2.o(.ARM.Collect$$$$00000001)
    _main_scatterload                        0x08000135   Thumb Code     0  entry5.o(.ARM.Collect$$$$00000004)
    __main_after_scatterload                 0x08000139   Thumb Code     0  entry5.o(.ARM.Collect$$$$00000004)
    _main_clock                              0x08000139   Thumb Code     0  entry7b.o(.ARM.Collect$$$$00000008)
    _main_cpp_init                           0x08000139   Thumb Code     0  entry8b.o(.ARM.Collect$$$$0000000A)
    _main_init                               0x08000139   Thumb Code     0  entry9a.o(.ARM.Collect$$$$0000000B)
    __rt_final_cpp                           0x08000141   Thumb Code     0  entry10a.o(.ARM.Collect$$$$0000000D)
    __rt_final_exit                          0x08000141   Thumb Code     0  entry11a.o(.ARM.Collect$$$$0000000F)
    Reset_Handler                            0x08000145   Thumb Code     8  startup_stm32f10x_hd.o(.text)
    NMI_Handler                              0x0800014d   Thumb Code     2  startup_stm32f10x_hd.o(.text)
    HardFault_Handler                        0x0800014f   Thumb Code     2  startup_stm32f10x_hd.o(.text)
    MemManage_Handler                        0x08000151   Thumb Code     2  startup_stm32f10x_hd.o(.text)
    BusFault_Handler                         0x08000153   Thumb Code     2  startup_stm32f10x_hd.o(.text)
    UsageFault_Handler                       0x08000155   Thumb Code     2  startup_stm32f10x_hd.o(.text)
    SVC_Handler                              0x08000157   Thumb Code     2  startup_stm32f10x_hd.o(.text)
    DebugMon_Handler                         0x08000159   Thumb Code     2  startup_stm32f10x_hd.o(.text)
    PendSV_Handler                           0x0800015b   Thumb Code     2  startup_stm32f10x_hd.o(.text)
    SysTick_Handler                          0x0800015d   Thumb Code     2  startup_stm32f10x_hd.o(.text)
    ADC1_2_IRQHandler                        0x0800015f   Thumb Code     0  startup_stm32f10x_hd.o(.text)
    ADC3_IRQHandler                          0x0800015f   Thumb Code     0  startup_stm32f10x_hd.o(.text)
    CAN1_RX1_IRQHandler                      0x0800015f   Thumb Code     0  startup_stm32f10x_hd.o(.text)
    CAN1_SCE_IRQHandler                      0x0800015f   Thumb Code     0  startup_stm32f10x_hd.o(.text)
    EXTI0_IRQHandler                         0x0800015f   Thumb Code     0  startup_stm32f10x_hd.o(.text)
    EXTI15_10_IRQHandler                     0x0800015f   Thumb Code     0  startup_stm32f10x_hd.o(.text)
    EXTI1_IRQHandler                         0x0800015f   Thumb Code     0  startup_stm32f10x_hd.o(.text)
    EXTI2_IRQHandler                         0x0800015f   Thumb Code     0  startup_stm32f10x_hd.o(.text)
    EXTI3_IRQHandler                         0x0800015f   Thumb Code     0  startup_stm32f10x_hd.o(.text)
    EXTI4_IRQHandler                         0x0800015f   Thumb Code     0  startup_stm32f10x_hd.o(.text)
    EXTI9_5_IRQHandler                       0x0800015f   Thumb Code     0  startup_stm32f10x_hd.o(.text)
    FLASH_IRQHandler                         0x0800015f   Thumb Code     0  startup_stm32f10x_hd.o(.text)
    FSMC_IRQHandler                          0x0800015f   Thumb Code     0  startup_stm32f10x_hd.o(.text)
    I2C1_ER_IRQHandler                       0x0800015f   Thumb Code     0  startup_stm32f10x_hd.o(.text)
    I2C1_EV_IRQHandler                       0x0800015f   Thumb Code     0  startup_stm32f10x_hd.o(.text)
    I2C2_ER_IRQHandler                       0x0800015f   Thumb Code     0  startup_stm32f10x_hd.o(.text)
    I2C2_EV_IRQHandler                       0x0800015f   Thumb Code     0  startup_stm32f10x_hd.o(.text)
    PVD_IRQHandler                           0x0800015f   Thumb Code     0  startup_stm32f10x_hd.o(.text)
    RCC_IRQHandler                           0x0800015f   Thumb Code     0  startup_stm32f10x_hd.o(.text)
    RTCAlarm_IRQHandler                      0x0800015f   Thumb Code     0  startup_stm32f10x_hd.o(.text)
    RTC_IRQHandler                           0x0800015f   Thumb Code     0  startup_stm32f10x_hd.o(.text)
    SDIO_IRQHandler                          0x0800015f   Thumb Code     0  startup_stm32f10x_hd.o(.text)
    SPI1_IRQHandler                          0x0800015f   Thumb Code     0  startup_stm32f10x_hd.o(.text)
    SPI2_IRQHandler                          0x0800015f   Thumb Code     0  startup_stm32f10x_hd.o(.text)
    SPI3_IRQHandler                          0x0800015f   Thumb Code     0  startup_stm32f10x_hd.o(.text)
    TAMPER_IRQHandler                        0x0800015f   Thumb Code     0  startup_stm32f10x_hd.o(.text)
    TIM1_BRK_IRQHandler                      0x0800015f   Thumb Code     0  startup_stm32f10x_hd.o(.text)
    TIM1_CC_IRQHandler                       0x0800015f   Thumb Code     0  startup_stm32f10x_hd.o(.text)
    TIM1_TRG_COM_IRQHandler                  0x0800015f   Thumb Code     0  startup_stm32f10x_hd.o(.text)
    TIM1_UP_IRQHandler                       0x0800015f   Thumb Code     0  startup_stm32f10x_hd.o(.text)
    TIM2_IRQHandler                          0x0800015f   Thumb Code     0  startup_stm32f10x_hd.o(.text)
    TIM3_IRQHandler                          0x0800015f   Thumb Code     0  startup_stm32f10x_hd.o(.text)
    TIM4_IRQHandler                          0x0800015f   Thumb Code     0  startup_stm32f10x_hd.o(.text)
    TIM5_IRQHandler                          0x0800015f   Thumb Code     0  startup_stm32f10x_hd.o(.text)
    TIM6_IRQHandler                          0x0800015f   Thumb Code     0  startup_stm32f10x_hd.o(.text)
    TIM7_IRQHandler                          0x0800015f   Thumb Code     0  startup_stm32f10x_hd.o(.text)
    TIM8_BRK_IRQHandler                      0x0800015f   Thumb Code     0  startup_stm32f10x_hd.o(.text)
    TIM8_CC_IRQHandler                       0x0800015f   Thumb Code     0  startup_stm32f10x_hd.o(.text)
    TIM8_TRG_COM_IRQHandler                  0x0800015f   Thumb Code     0  startup_stm32f10x_hd.o(.text)
    TIM8_UP_IRQHandler                       0x0800015f   Thumb Code     0  startup_stm32f10x_hd.o(.text)
    UART4_IRQHandler                         0x0800015f   Thumb Code     0  startup_stm32f10x_hd.o(.text)
    UART5_IRQHandler                         0x0800015f   Thumb Code     0  startup_stm32f10x_hd.o(.text)
    USART1_IRQHandler                        0x0800015f   Thumb Code     0  startup_stm32f10x_hd.o(.text)
    USART2_IRQHandler                        0x0800015f   Thumb Code     0  startup_stm32f10x_hd.o(.text)
    USART3_IRQHandler                        0x0800015f   Thumb Code     0  startup_stm32f10x_hd.o(.text)
    USBWakeUp_IRQHandler                     0x0800015f   Thumb Code     0  startup_stm32f10x_hd.o(.text)
    USB_HP_CAN1_TX_IRQHandler                0x0800015f   Thumb Code     0  startup_stm32f10x_hd.o(.text)
    USB_LP_CAN1_RX0_IRQHandler               0x0800015f   Thumb Code     0  startup_stm32f10x_hd.o(.text)
    WWDG_IRQHandler                          0x0800015f   Thumb Code     0  startup_stm32f10x_hd.o(.text)
    __aeabi_ldivmod                          0x08000169   Thumb Code    98  ldiv.o(.text)
    __aeabi_lasr                             0x080001cb   Thumb Code    36  llsshr.o(.text)
    _ll_sshift_r                             0x080001cb   Thumb Code     0  llsshr.o(.text)
    qsort                                    0x080001ef   Thumb Code   156  qsort.o(.text)
    ___aeabi_memcpy8$move                    0x0800028b   Thumb Code     0  memmovea.o(.text)
    __aeabi_memcpy                           0x0800028b   Thumb Code    64  memmovea.o(.text)
    __aeabi_memcpy4                          0x0800028b   Thumb Code     0  memmovea.o(.text)
    __aeabi_memmove                          0x0800028b   Thumb Code     0  memmovea.o(.text)
    __aeabi_memmove4                         0x0800028b   Thumb Code     0  memmovea.o(.text)
    __aeabi_memmove8                         0x0800028b   Thumb Code     0  memmovea.o(.text)
    strlen                                   0x080002cb   Thumb Code    14  strlen.o(.text)
    memchr                                   0x080002d9   Thumb Code    20  memchr.o(.text)
    memcmp                                   0x080002ed   Thumb Code    26  memcmp.o(.text)
    __aeabi_uldivmod                         0x08000307   Thumb Code    98  uldiv.o(.text)
    __scatterload                            0x08000369   Thumb Code    28  init.o(.text)
    __scatterload_rt2                        0x08000369   Thumb Code     0  init.o(.text)
    __aeabi_llsl                             0x0800038d   Thumb Code    30  llshl.o(.text)
    _ll_shift_l                              0x0800038d   Thumb Code     0  llshl.o(.text)
    __aeabi_llsr                             0x080003ab   Thumb Code    32  llushr.o(.text)
    _ll_ushift_r                             0x080003ab   Thumb Code     0  llushr.o(.text)
    DMA1_Channel1_Event                      0x080003cb   Thumb Code     2  dma_stm32f10x.o(i.DMA1_Channel1_Event)
    DMA1_Channel1_IRQHandler                 0x080003cd   Thumb Code    22  dma_stm32f10x.o(i.DMA1_Channel1_IRQHandler)
    DMA1_Channel2_Event                      0x080003e9   Thumb Code     2  dma_stm32f10x.o(i.DMA1_Channel2_Event)
    DMA1_Channel2_IRQHandler                 0x080003ed   Thumb Code    24  dma_stm32f10x.o(i.DMA1_Channel2_IRQHandler)
    DMA1_Channel3_Event                      0x08000409   Thumb Code     2  dma_stm32f10x.o(i.DMA1_Channel3_Event)
    DMA1_Channel3_IRQHandler                 0x0800040d   Thumb Code    24  dma_stm32f10x.o(i.DMA1_Channel3_IRQHandler)
    DMA1_Channel4_Event                      0x08000429   Thumb Code     2  dma_stm32f10x.o(i.DMA1_Channel4_Event)
    DMA1_Channel4_IRQHandler                 0x0800042d   Thumb Code    24  dma_stm32f10x.o(i.DMA1_Channel4_IRQHandler)
    DMA1_Channel5_Event                      0x08000449   Thumb Code     2  dma_stm32f10x.o(i.DMA1_Channel5_Event)
    DMA1_Channel5_IRQHandler                 0x0800044d   Thumb Code    24  dma_stm32f10x.o(i.DMA1_Channel5_IRQHandler)
    DMA1_Channel6_Event                      0x08000469   Thumb Code     2  dma_stm32f10x.o(i.DMA1_Channel6_Event)
    DMA1_Channel6_IRQHandler                 0x0800046d   Thumb Code    24  dma_stm32f10x.o(i.DMA1_Channel6_IRQHandler)
    DMA1_Channel7_Event                      0x08000489   Thumb Code     2  dma_stm32f10x.o(i.DMA1_Channel7_Event)
    DMA1_Channel7_IRQHandler                 0x0800048d   Thumb Code    24  dma_stm32f10x.o(i.DMA1_Channel7_IRQHandler)
    DMA2_Channel1_Event                      0x080004a9   Thumb Code     2  dma_stm32f10x.o(i.DMA2_Channel1_Event)
    DMA2_Channel1_IRQHandler                 0x080004ad   Thumb Code    24  dma_stm32f10x.o(i.DMA2_Channel1_IRQHandler)
    DMA2_Channel2_Event                      0x080004c9   Thumb Code     2  dma_stm32f10x.o(i.DMA2_Channel2_Event)
    DMA2_Channel2_IRQHandler                 0x080004cd   Thumb Code    26  dma_stm32f10x.o(i.DMA2_Channel2_IRQHandler)
    DMA2_Channel3_Event                      0x080004ed   Thumb Code     2  dma_stm32f10x.o(i.DMA2_Channel3_Event)
    DMA2_Channel3_IRQHandler                 0x080004f1   Thumb Code    26  dma_stm32f10x.o(i.DMA2_Channel3_IRQHandler)
    DMA2_Channel4_5_IRQHandler               0x08000511   Thumb Code    52  dma_stm32f10x.o(i.DMA2_Channel4_5_IRQHandler)
    DMA2_Channel4_Event                      0x08000549   Thumb Code     2  dma_stm32f10x.o(i.DMA2_Channel4_Event)
    DMA2_Channel5_Event                      0x0800054b   Thumb Code     2  dma_stm32f10x.o(i.DMA2_Channel5_Event)
    FSMC_NORSRAMCmd                          0x0800054d   Thumb Code    46  stm32f10x_fsmc.o(i.FSMC_NORSRAMCmd)
    FSMC_NORSRAMInit                         0x08000581   Thumb Code   230  stm32f10x_fsmc.o(i.FSMC_NORSRAMInit)
    FSMC_SRAM_Init                           0x08000669   Thumb Code   226  sram.o(i.FSMC_SRAM_Init)
    GPIO_Init                                0x0800075d   Thumb Code   278  stm32f10x_gpio.o(i.GPIO_Init)
    GPIO_ResetBits                           0x08000873   Thumb Code     4  stm32f10x_gpio.o(i.GPIO_ResetBits)
    GPIO_SetBits                             0x08000877   Thumb Code     4  stm32f10x_gpio.o(i.GPIO_SetBits)
    RCC_AHBPeriphClockCmd                    0x0800087d   Thumb Code    26  stm32f10x_rcc.o(i.RCC_AHBPeriphClockCmd)
    RCC_APB2PeriphClockCmd                   0x0800089d   Thumb Code    26  stm32f10x_rcc.o(i.RCC_APB2PeriphClockCmd)
    RCC_GetClocksFreq                        0x080008bd   Thumb Code   192  stm32f10x_rcc.o(i.RCC_GetClocksFreq)
    SysTick_CLKSourceConfig                  0x08000a79   Thumb Code    40  misc.o(i.SysTick_CLKSourceConfig)
    SystemInit                               0x08000aa1   Thumb Code    78  system_stm32f10x.o(i.SystemInit)
    USART_Cmd                                0x08000b01   Thumb Code    24  stm32f10x_usart.o(i.USART_Cmd)
    USART_Config                             0x08000b19   Thumb Code   116  init.o(i.USART_Config)
    USART_Init                               0x08000b95   Thumb Code   210  stm32f10x_usart.o(i.USART_Init)
    Zbar_Test                                0x08000c6d   Thumb Code   240  main.o(i.Zbar_Test)
    Zbar_calloc                              0x08000dcd   Thumb Code    36  zbar_config.o(i.Zbar_calloc)
    Zbar_free                                0x08000df1   Thumb Code    14  zbar_config.o(i.Zbar_free)
    Zbar_malloc                              0x08000dff   Thumb Code    14  zbar_config.o(i.Zbar_malloc)
    Zbar_memcpy                              0x08000e0d   Thumb Code    20  zbar_config.o(i.Zbar_memcpy)
    Zbar_memset                              0x08000e21   Thumb Code    20  zbar_config.o(i.Zbar_memset)
    Zbar_realloc                             0x08000e35   Thumb Code    18  zbar_config.o(i.Zbar_realloc)
    __0fprintf$8                             0x08000e49   Thumb Code    22  printf8.o(i.__0fprintf$8)
    __1fprintf$8                             0x08000e49   Thumb Code     0  printf8.o(i.__0fprintf$8)
    __2fprintf                               0x08000e49   Thumb Code     0  printf8.o(i.__0fprintf$8)
    __0printf$8                              0x08000e65   Thumb Code    22  printf8.o(i.__0printf$8)
    __1printf$8                              0x08000e65   Thumb Code     0  printf8.o(i.__0printf$8)
    __2printf                                0x08000e65   Thumb Code     0  printf8.o(i.__0printf$8)
    __scatterload_copy                       0x08000e85   Thumb Code    14  handlers.o(i.__scatterload_copy)
    __scatterload_null                       0x08000e93   Thumb Code     2  handlers.o(i.__scatterload_null)
    __scatterload_zeroinit                   0x08000e95   Thumb Code    14  handlers.o(i.__scatterload_zeroinit)
    _zbar_decoder_get_qr_finder_line         0x08001307   Thumb Code     8  qr_finder.o(i._zbar_decoder_get_qr_finder_line)
    _zbar_find_qr                            0x0800130f   Thumb Code   268  qr_finder.o(i._zbar_find_qr)
    _zbar_image_free                         0x0800141b   Thumb Code    30  image.o(i._zbar_image_free)
    _zbar_image_scanner_add_sym              0x08001467   Thumb Code    96  img_scanner.o(i._zbar_image_scanner_add_sym)
    _zbar_image_scanner_alloc_sym            0x080014c7   Thumb Code   216  img_scanner.o(i._zbar_image_scanner_alloc_sym)
    _zbar_image_scanner_recycle_syms         0x0800159f   Thumb Code   172  img_scanner.o(i._zbar_image_scanner_recycle_syms)
    _zbar_qr_create                          0x0800164b   Thumb Code    24  qrdec.o(i._zbar_qr_create)
    _zbar_qr_decode                          0x08001665   Thumb Code   246  qrdec.o(i._zbar_qr_decode)
    _zbar_qr_destroy                         0x08001789   Thumb Code    78  qrdec.o(i._zbar_qr_destroy)
    _zbar_qr_found_line                      0x08001805   Thumb Code    86  qrdec.o(i._zbar_qr_found_line)
    _zbar_qr_reset                           0x0800185b   Thumb Code    16  qrdec.o(i._zbar_qr_reset)
    _zbar_refcnt_init                        0x08001883   Thumb Code     2  refcnt.o(i._zbar_refcnt_init)
    _zbar_symbol_free                        0x08001885   Thumb Code    54  symbol.o(i._zbar_symbol_free)
    _zbar_symbol_set_create                  0x080018d9   Thumb Code    24  symbol.o(i._zbar_symbol_set_create)
    _zbar_symbol_set_free                    0x080018f1   Thumb Code    40  symbol.o(i._zbar_symbol_set_free)
    bch15_5_correct                          0x08001aad   Thumb Code    82  bch15_5.o(i.bch15_5_correct)
    bch15_5_encode                           0x08001aff   Thumb Code    70  bch15_5.o(i.bch15_5_encode)
    delay_ms                                 0x08001d81   Thumb Code    72  init.o(i.delay_ms)
    fputc                                    0x08001f59   Thumb Code    24  init.o(i.fputc)
    initGPIO                                 0x08001fed   Thumb Code    46  init.o(i.initGPIO)
    initSystick                              0x08002021   Thumb Code    52  init.o(i.initSystick)
    isaac_init                               0x0800205d   Thumb Code   330  isaac.o(i.isaac_init)
    isaac_next_uint                          0x08002269   Thumb Code    42  isaac.o(i.isaac_next_uint)
    isaac_next_uint32                        0x08002293   Thumb Code    28  isaac.o(i.isaac_next_uint32)
    main                                     0x080024d1   Thumb Code    84  main.o(i.main)
    my_mem_free                              0x08002529   Thumb Code    96  malloc.o(i.my_mem_free)
    my_mem_init                              0x08002595   Thumb Code    54  malloc.o(i.my_mem_init)
    my_mem_malloc                            0x080025d9   Thumb Code   156  malloc.o(i.my_mem_malloc)
    my_mem_perused                           0x08002681   Thumb Code    54  malloc.o(i.my_mem_perused)
    myfree                                   0x080026c1   Thumb Code    30  malloc.o(i.myfree)
    mymalloc                                 0x080026e5   Thumb Code    34  malloc.o(i.mymalloc)
    mymemcpy                                 0x0800270d   Thumb Code    26  malloc.o(i.mymemcpy)
    mymemset                                 0x08002727   Thumb Code    20  malloc.o(i.mymemset)
    myrealloc                                0x0800273d   Thumb Code    64  malloc.o(i.myrealloc)
    qr_binarize                              0x08003191   Thumb Code   644  binarize.o(i.qr_binarize)
    qr_code_data_list_clear                  0x080034e5   Thumb Code    44  qrdec.o(i.qr_code_data_list_clear)
    qr_code_data_list_extract_text           0x08003511   Thumb Code  1292  qrdectxt.o(i.qr_code_data_list_extract_text)
    qr_code_data_list_init                   0x08003a1d   Thumb Code    10  qrdec.o(i.qr_code_data_list_init)
    qr_ihypot                                0x08008019   Thumb Code   264  util.o(i.qr_ihypot)
    qr_ilog                                  0x08008125   Thumb Code    92  util.o(i.qr_ilog)
    qr_isqrt                                 0x08008219   Thumb Code    44  util.o(i.qr_isqrt)
    qr_reader_match_centers                  0x08008a23   Thumb Code   488  qrdec.o(i.qr_reader_match_centers)
    rs_correct                               0x08009eed   Thumb Code   370  rs.o(i.rs_correct)
    rs_gf256_init                            0x0800a275   Thumb Code    68  rs.o(i.rs_gf256_init)
    zbar_decode_width                        0x0800aa41   Thumb Code   100  decoder.o(i.zbar_decode_width)
    zbar_decoder_create                      0x0800aaa5   Thumb Code    56  decoder.o(i.zbar_decoder_create)
    zbar_decoder_destroy                     0x0800ab1d   Thumb Code    22  decoder.o(i.zbar_decoder_destroy)
    zbar_decoder_get_data                    0x0800ab33   Thumb Code     6  decoder.o(i.zbar_decoder_get_data)
    zbar_decoder_get_data_length             0x0800ab39   Thumb Code     6  decoder.o(i.zbar_decoder_get_data_length)
    zbar_decoder_get_type                    0x0800ab3f   Thumb Code     8  decoder.o(i.zbar_decoder_get_type)
    zbar_decoder_get_userdata                0x0800ab47   Thumb Code     6  decoder.o(i.zbar_decoder_get_userdata)
    zbar_decoder_new_scan                    0x0800ab4d   Thumb Code    30  decoder.o(i.zbar_decoder_new_scan)
    zbar_decoder_reset                       0x0800ab6b   Thumb Code    28  decoder.o(i.zbar_decoder_reset)
    zbar_decoder_set_config                  0x0800ab87   Thumb Code   198  decoder.o(i.zbar_decoder_set_config)
    zbar_decoder_set_handler                 0x0800ac4d   Thumb Code     8  decoder.o(i.zbar_decoder_set_handler)
    zbar_decoder_set_userdata                0x0800ac55   Thumb Code     4  decoder.o(i.zbar_decoder_set_userdata)
    zbar_get_symbol_name                     0x0800ac59   Thumb Code   102  symbol.o(i.zbar_get_symbol_name)
    zbar_image_create                        0x0800ad25   Thumb Code    34  image.o(i.zbar_image_create)
    zbar_image_destroy                       0x0800ad47   Thumb Code    16  image.o(i.zbar_image_destroy)
    zbar_image_first_symbol                  0x0800ad57   Thumb Code    16  image.o(i.zbar_image_first_symbol)
    zbar_image_free_data                     0x0800ad69   Thumb Code    82  image.o(i.zbar_image_free_data)
    zbar_image_scanner_create                0x0800adc1   Thumb Code   102  img_scanner.o(i.zbar_image_scanner_create)
    zbar_image_scanner_destroy               0x0800ae4d   Thumb Code   132  img_scanner.o(i.zbar_image_scanner_destroy)
    zbar_image_scanner_recycle_image         0x0800aed1   Thumb Code   100  img_scanner.o(i.zbar_image_scanner_recycle_image)
    zbar_image_scanner_set_config            0x0800af35   Thumb Code   118  img_scanner.o(i.zbar_image_scanner_set_config)
    zbar_image_set_data                      0x0800afab   Thumb Code    28  image.o(i.zbar_image_set_data)
    zbar_image_set_format                    0x0800afc7   Thumb Code     4  image.o(i.zbar_image_set_format)
    zbar_image_set_size                      0x0800afcb   Thumb Code     6  image.o(i.zbar_image_set_size)
    zbar_scan_image                          0x0800afd1   Thumb Code   852  img_scanner.o(i.zbar_scan_image)
    zbar_scan_y                              0x0800b3a9   Thumb Code   422  scanner.o(i.zbar_scan_y)
    zbar_scanner_create                      0x0800b54f   Thumb Code    28  scanner.o(i.zbar_scanner_create)
    zbar_scanner_destroy                     0x0800b56b   Thumb Code    12  scanner.o(i.zbar_scanner_destroy)
    zbar_scanner_flush                       0x0800b577   Thumb Code    80  scanner.o(i.zbar_scanner_flush)
    zbar_scanner_get_edge                    0x0800b5c7   Thumb Code    42  scanner.o(i.zbar_scanner_get_edge)
    zbar_scanner_get_width                   0x0800b5f1   Thumb Code     6  scanner.o(i.zbar_scanner_get_width)
    zbar_scanner_new_scan                    0x0800b5f7   Thumb Code    70  scanner.o(i.zbar_scanner_new_scan)
    zbar_scanner_reset                       0x0800b63d   Thumb Code    42  scanner.o(i.zbar_scanner_reset)
    zbar_symbol_get_data                     0x0800b667   Thumb Code     6  symbol.o(i.zbar_symbol_get_data)
    zbar_symbol_get_type                     0x0800b66d   Thumb Code     6  symbol.o(i.zbar_symbol_get_type)
    zbar_symbol_next                         0x0800b673   Thumb Code    12  symbol.o(i.zbar_symbol_next)
    zbar_symbol_set_ref                      0x0800b67f   Thumb Code    30  symbol.o(i.zbar_symbol_set_ref)
    zbar_utf8_to_gb18030                     0x0800b69d   Thumb Code   228  qrdectxt.o(i.zbar_utf8_to_gb18030)
    data_buf                                 0x0800b784   Data       25600  main.o(.constdata)
    memtblsize                               0x08011b84   Data           8  malloc.o(.constdata)
    memblksize                               0x08011b8c   Data           8  malloc.o(.constdata)
    memsize                                  0x08011b94   Data           8  malloc.o(.constdata)
    unicode_to_gb18030_table1                0x08011e54   Data       41804  qrdectxt.o(.constdata)
    Region$$Table$$Base                      0x0801c284   Number         0  anon$$obj.o(Region$$Table)
    Region$$Table$$Limit                     0x0801c2a4   Number         0  anon$$obj.o(Region$$Table)
    malloc_cortol                            0x20000004   Data          28  malloc.o(.data)
    _zbar_verbosity                          0x20000020   Data           4  error.o(.data)
    __stderr                                 0x2000006c   Data           4  stderr.o(.data)
    __stdout                                 0x20000070   Data           4  stdout.o(.data)
    mem1base                                 0x20000080   Data       56320  malloc.o(.bss)
    mem1mapbase                              0x2000dc80   Data        3520  malloc.o(.bss)
    __initial_sp                             0x2000fa40   Data           0  startup_stm32f10x_hd.o(STACK)
    mem2base                                 0x68000000   Data       983040  malloc.o(.ARM.__AT_0x68000000)
    mem2mapbase                              0x680f0000   Data       61440  malloc.o(.ARM.__AT_0x680F0000)



==============================================================================

Memory Map of the image

  Image Entry point : 0x08000131

  Load Region LR_IROM1 (Base: 0x08000000, Size: 0x0001c318, Max: 0x00080000, ABSOLUTE)

    Execution Region ER_IROM1 (Exec base: 0x08000000, Load base: 0x08000000, Size: 0x0001c2a4, Max: 0x00080000, ABSOLUTE)

    Exec Addr    Load Addr    Size         Type   Attr      Idx    E Section Name        Object

    0x08000000   0x08000000   0x00000130   Data   RO         4200    RESET               startup_stm32f10x_hd.o
    0x08000130   0x08000130   0x00000000   Code   RO         4251  * .ARM.Collect$$$$00000000  mc_w.l(entry.o)
    0x08000130   0x08000130   0x00000004   Code   RO         4593    .ARM.Collect$$$$00000001  mc_w.l(entry2.o)
    0x08000134   0x08000134   0x00000004   Code   RO         4596    .ARM.Collect$$$$00000004  mc_w.l(entry5.o)
    0x08000138   0x08000138   0x00000000   Code   RO         4598    .ARM.Collect$$$$00000008  mc_w.l(entry7b.o)
    0x08000138   0x08000138   0x00000000   Code   RO         4600    .ARM.Collect$$$$0000000A  mc_w.l(entry8b.o)
    0x08000138   0x08000138   0x00000008   Code   RO         4601    .ARM.Collect$$$$0000000B  mc_w.l(entry9a.o)
    0x08000140   0x08000140   0x00000000   Code   RO         4603    .ARM.Collect$$$$0000000D  mc_w.l(entry10a.o)
    0x08000140   0x08000140   0x00000000   Code   RO         4605    .ARM.Collect$$$$0000000F  mc_w.l(entry11a.o)
    0x08000140   0x08000140   0x00000004   Code   RO         4594    .ARM.Collect$$$$00002712  mc_w.l(entry2.o)
    0x08000144   0x08000144   0x00000024   Code   RO         4201    .text               startup_stm32f10x_hd.o
    0x08000168   0x08000168   0x00000062   Code   RO         4263    .text               mc_w.l(ldiv.o)
    0x080001ca   0x080001ca   0x00000024   Code   RO         4265    .text               mc_w.l(llsshr.o)
    0x080001ee   0x080001ee   0x0000009c   Code   RO         4267    .text               mc_w.l(qsort.o)
    0x0800028a   0x0800028a   0x00000040   Code   RO         4271    .text               mc_w.l(memmovea.o)
    0x080002ca   0x080002ca   0x0000000e   Code   RO         4279    .text               mc_w.l(strlen.o)
    0x080002d8   0x080002d8   0x00000014   Code   RO         4281    .text               mc_w.l(memchr.o)
    0x080002ec   0x080002ec   0x0000001a   Code   RO         4283    .text               mc_w.l(memcmp.o)
    0x08000306   0x08000306   0x00000062   Code   RO         4610    .text               mc_w.l(uldiv.o)
    0x08000368   0x08000368   0x00000024   Code   RO         4655    .text               mc_w.l(init.o)
    0x0800038c   0x0800038c   0x0000001e   Code   RO         4657    .text               mc_w.l(llshl.o)
    0x080003aa   0x080003aa   0x00000020   Code   RO         4659    .text               mc_w.l(llushr.o)
    0x080003ca   0x080003ca   0x00000002   Code   RO         3949    i.DMA1_Channel1_Event  dma_stm32f10x.o
    0x080003cc   0x080003cc   0x0000001c   Code   RO         3950    i.DMA1_Channel1_IRQHandler  dma_stm32f10x.o
    0x080003e8   0x080003e8   0x00000002   Code   RO         3951    i.DMA1_Channel2_Event  dma_stm32f10x.o
    0x080003ea   0x080003ea   0x00000002   PAD
    0x080003ec   0x080003ec   0x0000001c   Code   RO         3952    i.DMA1_Channel2_IRQHandler  dma_stm32f10x.o
    0x08000408   0x08000408   0x00000002   Code   RO         3953    i.DMA1_Channel3_Event  dma_stm32f10x.o
    0x0800040a   0x0800040a   0x00000002   PAD
    0x0800040c   0x0800040c   0x0000001c   Code   RO         3954    i.DMA1_Channel3_IRQHandler  dma_stm32f10x.o
    0x08000428   0x08000428   0x00000002   Code   RO         3955    i.DMA1_Channel4_Event  dma_stm32f10x.o
    0x0800042a   0x0800042a   0x00000002   PAD
    0x0800042c   0x0800042c   0x0000001c   Code   RO         3956    i.DMA1_Channel4_IRQHandler  dma_stm32f10x.o
    0x08000448   0x08000448   0x00000002   Code   RO         3957    i.DMA1_Channel5_Event  dma_stm32f10x.o
    0x0800044a   0x0800044a   0x00000002   PAD
    0x0800044c   0x0800044c   0x0000001c   Code   RO         3958    i.DMA1_Channel5_IRQHandler  dma_stm32f10x.o
    0x08000468   0x08000468   0x00000002   Code   RO         3959    i.DMA1_Channel6_Event  dma_stm32f10x.o
    0x0800046a   0x0800046a   0x00000002   PAD
    0x0800046c   0x0800046c   0x0000001c   Code   RO         3960    i.DMA1_Channel6_IRQHandler  dma_stm32f10x.o
    0x08000488   0x08000488   0x00000002   Code   RO         3961    i.DMA1_Channel7_Event  dma_stm32f10x.o
    0x0800048a   0x0800048a   0x00000002   PAD
    0x0800048c   0x0800048c   0x0000001c   Code   RO         3962    i.DMA1_Channel7_IRQHandler  dma_stm32f10x.o
    0x080004a8   0x080004a8   0x00000002   Code   RO         3963    i.DMA2_Channel1_Event  dma_stm32f10x.o
    0x080004aa   0x080004aa   0x00000002   PAD
    0x080004ac   0x080004ac   0x0000001c   Code   RO         3964    i.DMA2_Channel1_IRQHandler  dma_stm32f10x.o
    0x080004c8   0x080004c8   0x00000002   Code   RO         3965    i.DMA2_Channel2_Event  dma_stm32f10x.o
    0x080004ca   0x080004ca   0x00000002   PAD
    0x080004cc   0x080004cc   0x00000020   Code   RO         3966    i.DMA2_Channel2_IRQHandler  dma_stm32f10x.o
    0x080004ec   0x080004ec   0x00000002   Code   RO         3967    i.DMA2_Channel3_Event  dma_stm32f10x.o
    0x080004ee   0x080004ee   0x00000002   PAD
    0x080004f0   0x080004f0   0x00000020   Code   RO         3968    i.DMA2_Channel3_IRQHandler  dma_stm32f10x.o
    0x08000510   0x08000510   0x00000038   Code   RO         3969    i.DMA2_Channel4_5_IRQHandler  dma_stm32f10x.o
    0x08000548   0x08000548   0x00000002   Code   RO         3970    i.DMA2_Channel4_Event  dma_stm32f10x.o
    0x0800054a   0x0800054a   0x00000002   Code   RO         3972    i.DMA2_Channel5_Event  dma_stm32f10x.o
    0x0800054c   0x0800054c   0x00000034   Code   RO         2366    i.FSMC_NORSRAMCmd   stm32f10x_fsmc.o
    0x08000580   0x08000580   0x000000e6   Code   RO         2368    i.FSMC_NORSRAMInit  stm32f10x_fsmc.o
    0x08000666   0x08000666   0x00000002   PAD
    0x08000668   0x08000668   0x000000f4   Code   RO          203    i.FSMC_SRAM_Init    sram.o
    0x0800075c   0x0800075c   0x00000116   Code   RO         2493    i.GPIO_Init         stm32f10x_gpio.o
    0x08000872   0x08000872   0x00000004   Code   RO         2500    i.GPIO_ResetBits    stm32f10x_gpio.o
    0x08000876   0x08000876   0x00000004   Code   RO         2501    i.GPIO_SetBits      stm32f10x_gpio.o
    0x0800087a   0x0800087a   0x00000002   PAD
    0x0800087c   0x0800087c   0x00000020   Code   RO         2686    i.RCC_AHBPeriphClockCmd  stm32f10x_rcc.o
    0x0800089c   0x0800089c   0x00000020   Code   RO         2689    i.RCC_APB2PeriphClockCmd  stm32f10x_rcc.o
    0x080008bc   0x080008bc   0x000000d4   Code   RO         2697    i.RCC_GetClocksFreq  stm32f10x_rcc.o
    0x08000990   0x08000990   0x00000008   Code   RO         4208    i.SetSysClock       system_stm32f10x.o
    0x08000998   0x08000998   0x000000e0   Code   RO         4209    i.SetSysClockTo72   system_stm32f10x.o
    0x08000a78   0x08000a78   0x00000028   Code   RO         1915    i.SysTick_CLKSourceConfig  misc.o
    0x08000aa0   0x08000aa0   0x00000060   Code   RO         4211    i.SystemInit        system_stm32f10x.o
    0x08000b00   0x08000b00   0x00000018   Code   RO         3761    i.USART_Cmd         stm32f10x_usart.o
    0x08000b18   0x08000b18   0x0000007c   Code   RO          140    i.USART_Config      init.o
    0x08000b94   0x08000b94   0x000000d8   Code   RO         3768    i.USART_Init        stm32f10x_usart.o
    0x08000c6c   0x08000c6c   0x00000160   Code   RO            4    i.Zbar_Test         main.o
    0x08000dcc   0x08000dcc   0x00000024   Code   RO         1102    i.Zbar_calloc       zbar_config.o
    0x08000df0   0x08000df0   0x0000000e   Code   RO         1103    i.Zbar_free         zbar_config.o
    0x08000dfe   0x08000dfe   0x0000000e   Code   RO         1104    i.Zbar_malloc       zbar_config.o
    0x08000e0c   0x08000e0c   0x00000014   Code   RO         1105    i.Zbar_memcpy       zbar_config.o
    0x08000e20   0x08000e20   0x00000014   Code   RO         1106    i.Zbar_memset       zbar_config.o
    0x08000e34   0x08000e34   0x00000012   Code   RO         1107    i.Zbar_realloc      zbar_config.o
    0x08000e46   0x08000e46   0x00000002   PAD
    0x08000e48   0x08000e48   0x0000001c   Code   RO         4501    i.__0fprintf$8      mc_w.l(printf8.o)
    0x08000e64   0x08000e64   0x00000020   Code   RO         4502    i.__0printf$8       mc_w.l(printf8.o)
    0x08000e84   0x08000e84   0x0000000e   Code   RO         4667    i.__scatterload_copy  mc_w.l(handlers.o)
    0x08000e92   0x08000e92   0x00000002   Code   RO         4668    i.__scatterload_null  mc_w.l(handlers.o)
    0x08000e94   0x08000e94   0x0000000e   Code   RO         4669    i.__scatterload_zeroinit  mc_w.l(handlers.o)
    0x08000ea2   0x08000ea2   0x00000002   PAD
    0x08000ea4   0x08000ea4   0x00000410   Code   RO         4509    i._printf_core      mc_w.l(printf8.o)
    0x080012b4   0x080012b4   0x00000024   Code   RO         4510    i._printf_post_padding  mc_w.l(printf8.o)
    0x080012d8   0x080012d8   0x0000002e   Code   RO         4511    i._printf_pre_padding  mc_w.l(printf8.o)
    0x08001306   0x08001306   0x00000008   Code   RO         1863    i._zbar_decoder_get_qr_finder_line  qr_finder.o
    0x0800130e   0x0800130e   0x0000010c   Code   RO         1864    i._zbar_find_qr     qr_finder.o
    0x0800141a   0x0800141a   0x0000001e   Code   RO          470    i._zbar_image_free  image.o
    0x08001438   0x08001438   0x0000002e   Code   RO          471    i._zbar_image_refcnt  image.o
    0x08001466   0x08001466   0x00000060   Code   RO          640    i._zbar_image_scanner_add_sym  img_scanner.o
    0x080014c6   0x080014c6   0x000000d8   Code   RO          749    i._zbar_image_scanner_alloc_sym  img_scanner.o
    0x0800159e   0x0800159e   0x000000ac   Code   RO          641    i._zbar_image_scanner_recycle_syms  img_scanner.o
    0x0800164a   0x0800164a   0x00000018   Code   RO         1289    i._zbar_qr_create   qrdec.o
    0x08001662   0x08001662   0x00000002   PAD
    0x08001664   0x08001664   0x00000124   Code   RO         1290    i._zbar_qr_decode   qrdec.o
    0x08001788   0x08001788   0x0000007c   Code   RO         1291    i._zbar_qr_destroy  qrdec.o
    0x08001804   0x08001804   0x00000056   Code   RO         1292    i._zbar_qr_found_line  qrdec.o
    0x0800185a   0x0800185a   0x00000010   Code   RO         1293    i._zbar_qr_reset    qrdec.o
    0x0800186a   0x0800186a   0x0000000c   Code   RO          642    i._zbar_refcnt      img_scanner.o
    0x08001876   0x08001876   0x0000000c   Code   RO          887    i._zbar_refcnt      symbol.o
    0x08001882   0x08001882   0x00000002   Code   RO          793    i._zbar_refcnt_init  refcnt.o
    0x08001884   0x08001884   0x00000036   Code   RO          888    i._zbar_symbol_free  symbol.o
    0x080018ba   0x080018ba   0x0000001e   Code   RO          889    i._zbar_symbol_refcnt  symbol.o
    0x080018d8   0x080018d8   0x00000018   Code   RO          890    i._zbar_symbol_set_create  symbol.o
    0x080018f0   0x080018f0   0x00000028   Code   RO         1023    i._zbar_symbol_set_free  symbol.o
    0x08001918   0x08001918   0x00000090   Code   RO         1153    i.bch15_5_calc_epos  bch15_5.o
    0x080019a8   0x080019a8   0x00000068   Code   RO         1154    i.bch15_5_calc_omega  bch15_5.o
    0x08001a10   0x08001a10   0x0000009c   Code   RO         1155    i.bch15_5_calc_syndrome  bch15_5.o
    0x08001aac   0x08001aac   0x00000052   Code   RO         1156    i.bch15_5_correct   bch15_5.o
    0x08001afe   0x08001afe   0x00000046   Code   RO         1157    i.bch15_5_encode    bch15_5.o
    0x08001b44   0x08001b44   0x00000074   Code   RO         1294    i.bch18_6_correct   qrdec.o
    0x08001bb8   0x08001bb8   0x0000006a   Code   RO          643    i.cache_lookup      img_scanner.o
    0x08001c22   0x08001c22   0x000000ae   Code   RO          644    i.cache_sym         img_scanner.o
    0x08001cd0   0x08001cd0   0x00000040   Code   RO          808    i.calc_thresh       scanner.o
    0x08001d10   0x08001d10   0x00000026   Code   RO         1865    i.decode_e          qr_finder.o
    0x08001d36   0x08001d36   0x00000048   Code   RO          352    i.decoder_set_config_bool  decoder.o
    0x08001d7e   0x08001d7e   0x00000002   PAD
    0x08001d80   0x08001d80   0x0000004c   Code   RO          141    i.delay_ms          init.o
    0x08001dcc   0x08001dcc   0x0000018c   Code   RO          645    i.dump_stats        img_scanner.o
    0x08001f58   0x08001f58   0x0000001c   Code   RO          143    i.fputc             init.o
    0x08001f74   0x08001f74   0x00000012   Code   RO         1866    i.get_width         qr_finder.o
    0x08001f86   0x08001f86   0x00000002   PAD
    0x08001f88   0x08001f88   0x00000024   Code   RO         1158    i.gf16_div          bch15_5.o
    0x08001fac   0x08001fac   0x0000001c   Code   RO         1159    i.gf16_hmul         bch15_5.o
    0x08001fc8   0x08001fc8   0x00000024   Code   RO         1160    i.gf16_mul          bch15_5.o
    0x08001fec   0x08001fec   0x00000034   Code   RO          144    i.initGPIO          init.o
    0x08002020   0x08002020   0x0000003c   Code   RO          145    i.initSystick       init.o
    0x0800205c   0x0800205c   0x00000150   Code   RO         1248    i.isaac_init        isaac.o
    0x080021ac   0x080021ac   0x000000bc   Code   RO         1249    i.isaac_mix         isaac.o
    0x08002268   0x08002268   0x0000002a   Code   RO         1250    i.isaac_next_uint   isaac.o
    0x08002292   0x08002292   0x0000001c   Code   RO         1251    i.isaac_next_uint32  isaac.o
    0x080022ae   0x080022ae   0x00000220   Code   RO         1252    i.isaac_update      isaac.o
    0x080024ce   0x080024ce   0x00000002   PAD
    0x080024d0   0x080024d0   0x00000058   Code   RO            6    i.main              main.o
    0x08002528   0x08002528   0x0000006c   Code   RO          242    i.my_mem_free       malloc.o
    0x08002594   0x08002594   0x00000044   Code   RO          243    i.my_mem_init       malloc.o
    0x080025d8   0x080025d8   0x000000a8   Code   RO          244    i.my_mem_malloc     malloc.o
    0x08002680   0x08002680   0x00000040   Code   RO          245    i.my_mem_perused    malloc.o
    0x080026c0   0x080026c0   0x00000024   Code   RO          246    i.myfree            malloc.o
    0x080026e4   0x080026e4   0x00000028   Code   RO          247    i.mymalloc          malloc.o
    0x0800270c   0x0800270c   0x0000001a   Code   RO          248    i.mymemcpy          malloc.o
    0x08002726   0x08002726   0x00000014   Code   RO          249    i.mymemset          malloc.o
    0x0800273a   0x0800273a   0x00000002   PAD
    0x0800273c   0x0800273c   0x00000044   Code   RO          250    i.myrealloc         malloc.o
    0x08002780   0x08002780   0x0000001e   Code   RO         1867    i.pair_width        qr_finder.o
    0x0800279e   0x0800279e   0x00000038   Code   RO          809    i.process_edge      scanner.o
    0x080027d6   0x080027d6   0x000000f6   Code   RO         1295    i.qr_aff_init       qrdec.o
    0x080028cc   0x080028cc   0x00000116   Code   RO         1296    i.qr_aff_line_step  qrdec.o
    0x080029e2   0x080029e2   0x00000048   Code   RO         1297    i.qr_aff_project    qrdec.o
    0x08002a2a   0x08002a2a   0x0000002c   Code   RO         1298    i.qr_aff_unproject  qrdec.o
    0x08002a56   0x08002a56   0x00000076   Code   RO         1299    i.qr_alignment_pattern_fetch  qrdec.o
    0x08002acc   0x08002acc   0x000006c4   Code   RO         1300    i.qr_alignment_pattern_search  qrdec.o
    0x08003190   0x08003190   0x00000284   Code   RO         1206    i.qr_binarize       binarize.o
    0x08003414   0x08003414   0x0000004c   Code   RO         1301    i.qr_cmp_edge_pt    qrdec.o
    0x08003460   0x08003460   0x00000042   Code   RO         1302    i.qr_code_data_clear  qrdec.o
    0x080034a2   0x080034a2   0x00000042   Code   RO         1303    i.qr_code_data_list_add  qrdec.o
    0x080034e4   0x080034e4   0x0000002c   Code   RO         1304    i.qr_code_data_list_clear  qrdec.o
    0x08003510   0x08003510   0x0000050c   Code   RO         1663    i.qr_code_data_list_extract_text  qrdectxt.o
    0x08003a1c   0x08003a1c   0x0000000a   Code   RO         1305    i.qr_code_data_list_init  qrdec.o
    0x08003a26   0x08003a26   0x00000002   PAD
    0x08003a28   0x08003a28   0x00000458   Code   RO         1306    i.qr_code_data_parse  qrdec.o
    0x08003e80   0x08003e80   0x000001b8   Code   RO         1307    i.qr_code_decode    qrdec.o
    0x08004038   0x08004038   0x00000040   Code   RO         1308    i.qr_code_ncodewords  qrdec.o
    0x08004078   0x08004078   0x00000210   Code   RO         1309    i.qr_data_mask_fill  qrdec.o
    0x08004288   0x08004288   0x0000006e   Code   RO         1310    i.qr_finder_center_cmp  qrdec.o
    0x080042f6   0x080042f6   0x00000002   PAD
    0x080042f8   0x080042f8   0x00000124   Code   RO         1311    i.qr_finder_centers_locate  qrdec.o
    0x0800441c   0x0800441c   0x0000021e   Code   RO         1312    i.qr_finder_cluster_lines  qrdec.o
    0x0800463a   0x0800463a   0x00000002   PAD
    0x0800463c   0x0800463c   0x000000e8   Code   RO         1313    i.qr_finder_edge_pts_aff_classify  qrdec.o
    0x08004724   0x08004724   0x000000b2   Code   RO         1314    i.qr_finder_edge_pts_fill  qrdec.o
    0x080047d6   0x080047d6   0x00000002   PAD
    0x080047d8   0x080047d8   0x00000100   Code   RO         1315    i.qr_finder_edge_pts_hom_classify  qrdec.o
    0x080048d8   0x080048d8   0x00000224   Code   RO         1316    i.qr_finder_estimate_module_size_and_version  qrdec.o
    0x08004afc   0x08004afc   0x00000228   Code   RO         1317    i.qr_finder_find_crossings  qrdec.o
    0x08004d24   0x08004d24   0x0000040a   Code   RO         1318    i.qr_finder_fmt_info_decode  qrdec.o
    0x0800512e   0x0800512e   0x00000032   Code   RO         1319    i.qr_finder_lines_are_crossing  qrdec.o
    0x08005160   0x08005160   0x000001a8   Code   RO         1320    i.qr_finder_locate_crossing  qrdec.o
    0x08005308   0x08005308   0x00000082   Code   RO         1321    i.qr_finder_quick_crossing_check  qrdec.o
    0x0800538a   0x0800538a   0x000001f4   Code   RO         1322    i.qr_finder_ransac  qrdec.o
    0x0800557e   0x0800557e   0x00000184   Code   RO         1323    i.qr_finder_version_decode  qrdec.o
    0x08005702   0x08005702   0x0000004c   Code   RO         1324    i.qr_finder_vline_cmp  qrdec.o
    0x0800574e   0x0800574e   0x0000001e   Code   RO         1325    i.qr_hamming_dist   qrdec.o
    0x0800576c   0x0800576c   0x000000a0   Code   RO          646    i.qr_handler        img_scanner.o
    0x0800580c   0x0800580c   0x00000068   Code   RO         1326    i.qr_hom_cell_fproject  qrdec.o
    0x08005874   0x08005874   0x00000b12   Code   RO         1327    i.qr_hom_cell_init  qrdec.o
    0x08006386   0x08006386   0x00000058   Code   RO         1328    i.qr_hom_cell_project  qrdec.o
    0x080063de   0x080063de   0x0000109c   Code   RO         1329    i.qr_hom_fit        qrdec.o
    0x0800747a   0x0800747a   0x00000068   Code   RO         1330    i.qr_hom_fproject   qrdec.o
    0x080074e2   0x080074e2   0x00000a6a   Code   RO         1331    i.qr_hom_init       qrdec.o
    0x08007f4c   0x08007f4c   0x000000ca   Code   RO         1332    i.qr_hom_unproject  qrdec.o
    0x08008016   0x08008016   0x00000002   PAD
    0x08008018   0x08008018   0x0000010c   Code   RO         1839    i.qr_ihypot         util.o
    0x08008124   0x08008124   0x0000005c   Code   RO         1840    i.qr_ilog           util.o
    0x08008180   0x08008180   0x00000098   Code   RO         1333    i.qr_img_get_bit    qrdec.o
    0x08008218   0x08008218   0x0000002c   Code   RO         1841    i.qr_isqrt          util.o
    0x08008244   0x08008244   0x00000014   Code   RO         1334    i.qr_line_eval      qrdec.o
    0x08008258   0x08008258   0x00000152   Code   RO         1335    i.qr_line_fit       qrdec.o
    0x080083aa   0x080083aa   0x00000070   Code   RO         1336    i.qr_line_fit_finder_edge  qrdec.o
    0x0800841a   0x0800841a   0x00000146   Code   RO         1337    i.qr_line_fit_finder_pair  qrdec.o
    0x08008560   0x08008560   0x00000328   Code   RO         1338    i.qr_line_fit_points  qrdec.o
    0x08008888   0x08008888   0x00000076   Code   RO         1339    i.qr_line_isect     qrdec.o
    0x080088fe   0x080088fe   0x0000002a   Code   RO         1340    i.qr_line_orient    qrdec.o
    0x08008928   0x08008928   0x00000010   Code   RO         1341    i.qr_pack_buf_avail  qrdec.o
    0x08008938   0x08008938   0x0000000c   Code   RO         1342    i.qr_pack_buf_init  qrdec.o
    0x08008944   0x08008944   0x00000076   Code   RO         1343    i.qr_pack_buf_read  qrdec.o
    0x080089ba   0x080089ba   0x00000022   Code   RO         1344    i.qr_point_ccw      qrdec.o
    0x080089dc   0x080089dc   0x0000001e   Code   RO         1345    i.qr_point_distance2  qrdec.o
    0x080089fa   0x080089fa   0x0000000e   Code   RO         1346    i.qr_point_translate  qrdec.o
    0x08008a08   0x08008a08   0x0000001a   Code   RO         1347    i.qr_reader_init    qrdec.o
    0x08008a22   0x08008a22   0x000001e8   Code   RO         1348    i.qr_reader_match_centers  qrdec.o
    0x08008c0a   0x08008c0a   0x0000038e   Code   RO         1349    i.qr_reader_try_configuration  qrdec.o
    0x08008f98   0x08008f98   0x00000282   Code   RO         1350    i.qr_samples_unpack  qrdec.o
    0x0800921a   0x0800921a   0x00000012   Code   RO         1351    i.qr_sampling_grid_clear  qrdec.o
    0x0800922c   0x0800922c   0x00000064   Code   RO         1352    i.qr_sampling_grid_fp_mask_rect  qrdec.o
    0x08009290   0x08009290   0x00000a3c   Code   RO         1353    i.qr_sampling_grid_init  qrdec.o
    0x08009ccc   0x08009ccc   0x00000022   Code   RO         1354    i.qr_sampling_grid_is_in_fp  qrdec.o
    0x08009cee   0x08009cee   0x0000016a   Code   RO         1355    i.qr_sampling_grid_sample  qrdec.o
    0x08009e58   0x08009e58   0x0000001a   Code   RO          647    i.quiet_border      img_scanner.o
    0x08009e72   0x08009e72   0x0000002a   Code   RO          648    i.recycle_syms      img_scanner.o
    0x08009e9c   0x08009e9c   0x00000050   Code   RO         1729    i.rs_calc_syndrome  rs.o
    0x08009eec   0x08009eec   0x00000172   Code   RO         1731    i.rs_correct        rs.o
    0x0800a05e   0x0800a05e   0x0000015c   Code   RO         1732    i.rs_cubic_solve    rs.o
    0x0800a1ba   0x0800a1ba   0x000000a0   Code   RO         1734    i.rs_find_roots     rs.o
    0x0800a25a   0x0800a25a   0x0000001a   Code   RO         1735    i.rs_gdiv           rs.o
    0x0800a274   0x0800a274   0x00000044   Code   RO         1736    i.rs_gf256_init     rs.o
    0x0800a2b8   0x0800a2b8   0x0000001a   Code   RO         1737    i.rs_gmul           rs.o
    0x0800a2d2   0x0800a2d2   0x00000022   Code   RO         1738    i.rs_gsqrt          rs.o
    0x0800a2f4   0x0800a2f4   0x00000016   Code   RO         1739    i.rs_hgmul          rs.o
    0x0800a30a   0x0800a30a   0x00000058   Code   RO         1740    i.rs_init_lambda    rs.o
    0x0800a362   0x0800a362   0x00000106   Code   RO         1741    i.rs_modified_berlekamp_massey  rs.o
    0x0800a468   0x0800a468   0x00000014   Code   RO         1742    i.rs_poly_copy      rs.o
    0x0800a47c   0x0800a47c   0x00000018   Code   RO         1744    i.rs_poly_mul_x     rs.o
    0x0800a494   0x0800a494   0x00000076   Code   RO         1745    i.rs_poly_mult      rs.o
    0x0800a50a   0x0800a50a   0x00000012   Code   RO         1746    i.rs_poly_zero      rs.o
    0x0800a51c   0x0800a51c   0x00000226   Code   RO         1747    i.rs_quadratic_solve  rs.o
    0x0800a742   0x0800a742   0x0000019c   Code   RO         1748    i.rs_quartic_solve  rs.o
    0x0800a8de   0x0800a8de   0x0000003a   Code   RO          649    i.sym_add_point     img_scanner.o
    0x0800a918   0x0800a918   0x0000003a   Code   RO         1664    i.sym_add_point     qrdectxt.o
    0x0800a952   0x0800a952   0x000000ee   Code   RO          650    i.symbol_handler    img_scanner.o
    0x0800aa40   0x0800aa40   0x00000064   Code   RO          353    i.zbar_decode_width  decoder.o
    0x0800aaa4   0x0800aaa4   0x00000078   Code   RO          354    i.zbar_decoder_create  decoder.o
    0x0800ab1c   0x0800ab1c   0x00000016   Code   RO          355    i.zbar_decoder_destroy  decoder.o
    0x0800ab32   0x0800ab32   0x00000006   Code   RO          357    i.zbar_decoder_get_data  decoder.o
    0x0800ab38   0x0800ab38   0x00000006   Code   RO          358    i.zbar_decoder_get_data_length  decoder.o
    0x0800ab3e   0x0800ab3e   0x00000008   Code   RO          359    i.zbar_decoder_get_type  decoder.o
    0x0800ab46   0x0800ab46   0x00000006   Code   RO          360    i.zbar_decoder_get_userdata  decoder.o
    0x0800ab4c   0x0800ab4c   0x0000001e   Code   RO          361    i.zbar_decoder_new_scan  decoder.o
    0x0800ab6a   0x0800ab6a   0x0000001c   Code   RO          362    i.zbar_decoder_reset  decoder.o
    0x0800ab86   0x0800ab86   0x000000c6   Code   RO          363    i.zbar_decoder_set_config  decoder.o
    0x0800ac4c   0x0800ac4c   0x00000008   Code   RO          364    i.zbar_decoder_set_handler  decoder.o
    0x0800ac54   0x0800ac54   0x00000004   Code   RO          365    i.zbar_decoder_set_userdata  decoder.o
    0x0800ac58   0x0800ac58   0x000000cc   Code   RO          892    i.zbar_get_symbol_name  symbol.o
    0x0800ad24   0x0800ad24   0x00000022   Code   RO          473    i.zbar_image_create  image.o
    0x0800ad46   0x0800ad46   0x00000010   Code   RO          474    i.zbar_image_destroy  image.o
    0x0800ad56   0x0800ad56   0x00000010   Code   RO          475    i.zbar_image_first_symbol  image.o
    0x0800ad66   0x0800ad66   0x00000002   PAD
    0x0800ad68   0x0800ad68   0x00000058   Code   RO          605    i.zbar_image_free_data  image.o
    0x0800adc0   0x0800adc0   0x0000008c   Code   RO          651    i.zbar_image_scanner_create  img_scanner.o
    0x0800ae4c   0x0800ae4c   0x00000084   Code   RO          652    i.zbar_image_scanner_destroy  img_scanner.o
    0x0800aed0   0x0800aed0   0x00000064   Code   RO          743    i.zbar_image_scanner_recycle_image  img_scanner.o
    0x0800af34   0x0800af34   0x00000076   Code   RO          655    i.zbar_image_scanner_set_config  img_scanner.o
    0x0800afaa   0x0800afaa   0x0000001c   Code   RO          485    i.zbar_image_set_data  image.o
    0x0800afc6   0x0800afc6   0x00000004   Code   RO          486    i.zbar_image_set_format  image.o
    0x0800afca   0x0800afca   0x00000006   Code   RO          488    i.zbar_image_set_size  image.o
    0x0800afd0   0x0800afd0   0x000003d8   Code   RO          657    i.zbar_scan_image   img_scanner.o
    0x0800b3a8   0x0800b3a8   0x000001a6   Code   RO          810    i.zbar_scan_y       scanner.o
    0x0800b54e   0x0800b54e   0x0000001c   Code   RO          811    i.zbar_scanner_create  scanner.o
    0x0800b56a   0x0800b56a   0x0000000c   Code   RO          812    i.zbar_scanner_destroy  scanner.o
    0x0800b576   0x0800b576   0x00000050   Code   RO          875    i.zbar_scanner_flush  scanner.o
    0x0800b5c6   0x0800b5c6   0x0000002a   Code   RO          814    i.zbar_scanner_get_edge  scanner.o
    0x0800b5f0   0x0800b5f0   0x00000006   Code   RO          816    i.zbar_scanner_get_width  scanner.o
    0x0800b5f6   0x0800b5f6   0x00000046   Code   RO          817    i.zbar_scanner_new_scan  scanner.o
    0x0800b63c   0x0800b63c   0x0000002a   Code   RO          818    i.zbar_scanner_reset  scanner.o
    0x0800b666   0x0800b666   0x00000006   Code   RO          896    i.zbar_symbol_get_data  symbol.o
    0x0800b66c   0x0800b66c   0x00000006   Code   RO          902    i.zbar_symbol_get_type  symbol.o
    0x0800b672   0x0800b672   0x0000000c   Code   RO          903    i.zbar_symbol_next  symbol.o
    0x0800b67e   0x0800b67e   0x0000001e   Code   RO          907    i.zbar_symbol_set_ref  symbol.o
    0x0800b69c   0x0800b69c   0x000000e8   Code   RO         1667    i.zbar_utf8_to_gb18030  qrdectxt.o
    0x0800b784   0x0800b784   0x00006400   Data   RO            7    .constdata          main.o
    0x08011b84   0x08011b84   0x00000018   Data   RO          254    .constdata          malloc.o
    0x08011b9c   0x08011b9c   0x0000001b   Data   RO          658    .constdata          img_scanner.o
    0x08011bb7   0x08011bb7   0x0000002f   Data   RO         1161    .constdata          bch15_5.o
    0x08011be6   0x08011be6   0x00000008   Data   RO         1253    .constdata          isaac.o
    0x08011bee   0x08011bee   0x00000002   PAD
    0x08011bf0   0x08011bf0   0x00000264   Data   RO         1356    .constdata          qrdec.o
    0x08011e54   0x08011e54   0x0000a34c   Data   RO         1668    .constdata          qrdectxt.o
    0x0801c1a0   0x0801c1a0   0x000000e3   Data   RO         1052    .conststring        error.o
    0x0801c283   0x0801c283   0x00000001   PAD
    0x0801c284   0x0801c284   0x00000020   Data   RO         4665    Region$$Table       anon$$obj.o


    Execution Region RW_IRAM1 (Exec base: 0x20000000, Load base: 0x0801c2a4, Size: 0x0000fa40, Max: 0x00010000, ABSOLUTE)

    Exec Addr    Load Addr    Size         Type   Attr      Idx    E Section Name        Object

    0x20000000   0x0801c2a4   0x00000004   Data   RW          146    .data               init.o
    0x20000004   0x0801c2a8   0x0000001c   Data   RW          255    .data               malloc.o
    0x20000020   0x0801c2c4   0x00000038   Data   RW         1053    .data               error.o
    0x20000058   0x0801c2fc   0x00000014   Data   RW         2717    .data               stm32f10x_rcc.o
    0x2000006c   0x0801c310   0x00000004   Data   RW         4262    .data               mc_w.l(stderr.o)
    0x20000070   0x0801c314   0x00000004   Data   RW         4607    .data               mc_w.l(stdout.o)
    0x20000074   0x0801c318   0x0000000c   PAD
    0x20000080        -       0x0000e9c0   Zero   RW          253    .bss                malloc.o
    0x2000ea40        -       0x00001000   Zero   RW         4198    STACK               startup_stm32f10x_hd.o



  Load Region LR$$.ARM.__AT_0x68000000 (Base: 0x68000000, Size: 0x00000000, Max: 0x000f0000, ABSOLUTE)

    Execution Region ER$$.ARM.__AT_0x68000000 (Exec base: 0x68000000, Load base: 0x68000000, Size: 0x000f0000, Max: 0x000f0000, ABSOLUTE, UNINIT)

    Exec Addr    Load Addr    Size         Type   Attr      Idx    E Section Name        Object

    0x68000000        -       0x000f0000   Zero   RW          251    .ARM.__AT_0x68000000  malloc.o



  Load Region LR$$.ARM.__AT_0x680F0000 (Base: 0x680f0000, Size: 0x00000000, Max: 0x0000f000, ABSOLUTE)

    Execution Region ER$$.ARM.__AT_0x680F0000 (Exec base: 0x680f0000, Load base: 0x680f0000, Size: 0x0000f000, Max: 0x0000f000, ABSOLUTE, UNINIT)

    Exec Addr    Load Addr    Size         Type   Attr      Idx    E Section Name        Object

    0x680f0000        -       0x0000f000   Zero   RW          252    .ARM.__AT_0x680F0000  malloc.o


==============================================================================

Image component sizes


      Code (inc. data)   RO Data    RW Data    ZI Data      Debug   Object Name

       656         44         47          0          0       5799   bch15_5.o
       644          0          0          0          0       7010   binarize.o
       608         64          0          0          0      13082   decoder.o
       368         50          0          0          0      12687   dma_stm32f10x.o
         0          0        227         56          0       2550   error.o
       268          6          0          0          0      11025   image.o
      3170        408         27          0          0      20463   img_scanner.o
       340         30          0          4          0       4191   init.o
      1138         10          8          0          0       4455   isaac.o
       440        116      25600          0          0     244594   main.o
       598         64         24         28    1104320       7351   malloc.o
        40          0          0          0          0        586   misc.o
       362          0          0          0          0       7963   qr_finder.o
     28486        190        612          0          0      71723   qrdec.o
      1582         14      41804          0          0      13804   qrdectxt.o
         2          0          0          0          0        404   refcnt.o
      2626          0          0          0          0      15389   rs.o
       822          0          0          0          0      10226   scanner.o
       244         18          0          0          0        693   sram.o
        36          8        304          0       4096        812   startup_stm32f10x_hd.o
       282          6          0          0          0       2205   stm32f10x_fsmc.o
       286          0          0          0          0       3480   stm32f10x_gpio.o
       276         32          0         20          0       4889   stm32f10x_rcc.o
       240          6          0          0          0       3229   stm32f10x_usart.o
       418        108          0          0          0       9428   symbol.o
       328         28          0          0          0       2113   system_stm32f10x.o
       404          4          0          0          0       1981   util.o
       122          0          0          0          0       3383   zbar_config.o

    ----------------------------------------------------------------------
     44832       1206      68688        108    1108416     485515   Object Totals
         0          0         32          0          0          0   (incl. Generated)
        46          0          3          0          0          0   (incl. Padding)

    ----------------------------------------------------------------------

      Code (inc. data)   RO Data    RW Data    ZI Data      Debug   Library Member Name

         0          0          0          0          0          0   entry.o
         0          0          0          0          0          0   entry10a.o
         0          0          0          0          0          0   entry11a.o
         8          4          0          0          0          0   entry2.o
         4          0          0          0          0          0   entry5.o
         0          0          0          0          0          0   entry7b.o
         0          0          0          0          0          0   entry8b.o
         8          4          0          0          0          0   entry9a.o
        30          0          0          0          0          0   handlers.o
        36          8          0          0          0         68   init.o
        98          0          0          0          0         84   ldiv.o
        30          0          0          0          0         68   llshl.o
        36          0          0          0          0         68   llsshr.o
        32          0          0          0          0         68   llushr.o
        20          0          0          0          0         68   memchr.o
        26          0          0          0          0         80   memcmp.o
        64          0          0          0          0         76   memmovea.o
      1182         60          0          0          0        436   printf8.o
       156          0          0          0          0         88   qsort.o
         0          0          0          4          0          0   stderr.o
         0          0          0          4          0          0   stdout.o
        14          0          0          0          0         68   strlen.o
        98          0          0          0          0         92   uldiv.o

    ----------------------------------------------------------------------
      1844         76          0          8         12       1264   Library Totals
         2          0          0          0         12          0   (incl. Padding)

    ----------------------------------------------------------------------

      Code (inc. data)   RO Data    RW Data    ZI Data      Debug   Library Name

      1842         76          0          8          0       1264   mc_w.l

    ----------------------------------------------------------------------
      1844         76          0          8         12       1264   Library Totals

    ----------------------------------------------------------------------

==============================================================================


      Code (inc. data)   RO Data    RW Data    ZI Data      Debug   

     46676       1282      68688        116    1108428     474555   Grand Totals
     46676       1282      68688        116    1108428     474555   ELF Image Totals
     46676       1282      68688        116          0          0   ROM Totals

==============================================================================

    Total RO  Size (Code + RO Data)               115364 ( 112.66kB)
    Total RW  Size (RW Data + ZI Data)           1108544 (1082.56kB)
    Total ROM Size (Code + RO Data + RW Data)     115480 ( 112.77kB)

==============================================================================

