Component: ARM Compiler 5.06 update 7 (build 960) Tool: armlink [4d3601]

==============================================================================

Section Cross References

    main.o(i.EXTI7_Init) refers to stm32f10x_rcc.o(i.RCC_APB2PeriphClockCmd) for RCC_APB2PeriphClockCmd
    main.o(i.EXTI7_Init) refers to stm32f10x_gpio.o(i.GPIO_EXTILineConfig) for GPIO_EXTILineConfig
    main.o(i.EXTI7_Init) refers to my_stm32f10x_exti.o(i.EXTI_Init) for EXTI_Init
    main.o(i.EXTI7_Init) refers to misc.o(i.NVIC_Init) for NVIC_Init
    main.o(i.EXTI9_5_IRQHandler) refers to my_stm32f10x_exti.o(i.EXTI_GetITStatus) for EXTI_GetITStatus
    main.o(i.EXTI9_5_IRQHandler) refers to my_stm32f10x_exti.o(i.EXTI_ClearITPendingBit) for EXTI_ClearITPendingBit
    main.o(i.EXTI9_5_IRQHandler) refers to main.o(.data) for ov_sta
    main.o(i.My_EXTI_Init) refers to stm32f10x_rcc.o(i.RCC_APB2PeriphClockCmd) for RCC_APB2PeriphClockCmd
    main.o(i.My_EXTI_Init) refers to stm32f10x_gpio.o(i.GPIO_EXTILineConfig) for GPIO_EXTILineConfig
    main.o(i.My_EXTI_Init) refers to misc.o(i.NVIC_Init) for NVIC_Init
    main.o(i.My_EXTI_Init) refers to my_stm32f10x_exti.o(i.EXTI_Init) for EXTI_Init
    main.o(i.Zbar_Test) refers to img_scanner.o(i.zbar_image_scanner_create) for zbar_image_scanner_create
    main.o(i.Zbar_Test) refers to img_scanner.o(i.zbar_image_scanner_set_config) for zbar_image_scanner_set_config
    main.o(i.Zbar_Test) refers to image.o(i.zbar_image_create) for zbar_image_create
    main.o(i.Zbar_Test) refers to image.o(i.zbar_image_set_format) for zbar_image_set_format
    main.o(i.Zbar_Test) refers to image.o(i.zbar_image_set_size) for zbar_image_set_size
    main.o(i.Zbar_Test) refers to image.o(i.zbar_image_set_data) for zbar_image_set_data
    main.o(i.Zbar_Test) refers to img_scanner.o(i.zbar_scan_image) for zbar_scan_image
    main.o(i.Zbar_Test) refers to led.o(i.LED4_ON) for LED4_ON
    main.o(i.Zbar_Test) refers to led.o(i.LED5_ON) for LED5_ON
    main.o(i.Zbar_Test) refers to printf8.o(i.__0printf$8) for __2printf
    main.o(i.Zbar_Test) refers to image.o(i.zbar_image_first_symbol) for zbar_image_first_symbol
    main.o(i.Zbar_Test) refers to symbol.o(i.zbar_symbol_get_type) for zbar_symbol_get_type
    main.o(i.Zbar_Test) refers to symbol.o(i.zbar_symbol_get_data) for zbar_symbol_get_data
    main.o(i.Zbar_Test) refers to symbol.o(i.zbar_get_symbol_name) for zbar_get_symbol_name
    main.o(i.Zbar_Test) refers to strcmp.o(.text) for strcmp
    main.o(i.Zbar_Test) refers to led.o(i.buzzle6_ON) for buzzle6_ON
    main.o(i.Zbar_Test) refers to init.o(i.Serial_SendString2) for Serial_SendString2
    main.o(i.Zbar_Test) refers to init.o(i.Serial_SendString4) for Serial_SendString4
    main.o(i.Zbar_Test) refers to symbol.o(i.zbar_symbol_next) for zbar_symbol_next
    main.o(i.Zbar_Test) refers to image.o(i.zbar_image_destroy) for zbar_image_destroy
    main.o(i.Zbar_Test) refers to img_scanner.o(i.zbar_image_scanner_destroy) for zbar_image_scanner_destroy
    main.o(i.Zbar_Test) refers to main.o(.ARM.__AT_0x68106F80) for data_buf
    main.o(i.Zbar_Test) refers to image.o(i.zbar_image_free_data) for zbar_image_free_data
    main.o(i.camera_refresh) refers to lcd.o(i.LCD_direction) for LCD_direction
    main.o(i.camera_refresh) refers to lcd.o(i.LCD_SetWindows) for LCD_SetWindows
    main.o(i.camera_refresh) refers to stm32f10x_gpio.o(i.GPIO_ResetBits) for GPIO_ResetBits
    main.o(i.camera_refresh) refers to stm32f10x_gpio.o(i.GPIO_SetBits) for GPIO_SetBits
    main.o(i.camera_refresh) refers to lcd.o(i.Lcd_WriteData_16Bit) for Lcd_WriteData_16Bit
    main.o(i.camera_refresh) refers to main.o(.data) for ov_sta
    main.o(i.camera_refresh) refers to main.o(.ARM.__AT_0x68106F80) for data_buf
    main.o(i.main) refers to init.o(i.GPIO_Config) for GPIO_Config
    main.o(i.main) refers to init.o(i.USART_Config) for USART_Config
    main.o(i.main) refers to init.o(i.Systick_Config) for Systick_Config
    main.o(i.main) refers to buzzle.o(i.Buzzle_Init) for Buzzle_Init
    main.o(i.main) refers to system_stm32f10x.o(i.SystemInit) for SystemInit
    main.o(i.main) refers to lcd.o(i.LCD_Init) for LCD_Init
    main.o(i.main) refers to lcd.o(i.LCD_Clear) for LCD_Clear
    main.o(i.main) refers to ov7670.o(i.OV7670_Init) for OV7670_Init
    main.o(i.main) refers to init.o(i.delay_ms) for delay_ms
    main.o(i.main) refers to ov7670.o(i.OV7670_Light_Mode) for OV7670_Light_Mode
    main.o(i.main) refers to ov7670.o(i.OV7670_Color_Saturation) for OV7670_Color_Saturation
    main.o(i.main) refers to ov7670.o(i.OV7670_Brightness) for OV7670_Brightness
    main.o(i.main) refers to ov7670.o(i.OV7670_Contrast) for OV7670_Contrast
    main.o(i.main) refers to ov7670.o(i.OV7670_Special_Effects) for OV7670_Special_Effects
    main.o(i.main) refers to main.o(i.EXTI7_Init) for EXTI7_Init
    main.o(i.main) refers to init.o(i.UART4_Init) for UART4_Init
    main.o(i.main) refers to init.o(i.USART2_Init) for USART2_Init
[...]
    i.recycle_syms                           0x0800afea   Section        0  img_scanner.o(i.recycle_syms)
    recycle_syms                             0x0800afeb   Thumb Code    42  img_scanner.o(i.recycle_syms)
    i.rs_calc_syndrome                       0x0800b014   Section        0  rs.o(i.rs_calc_syndrome)
    rs_calc_syndrome                         0x0800b015   Thumb Code    80  rs.o(i.rs_calc_syndrome)
    i.rs_correct                             0x0800b064   Section        0  rs.o(i.rs_correct)
    i.rs_cubic_solve                         0x0800b1d6   Section        0  rs.o(i.rs_cubic_solve)
    rs_cubic_solve                           0x0800b1d7   Thumb Code   348  rs.o(i.rs_cubic_solve)
    i.rs_find_roots                          0x0800b332   Section        0  rs.o(i.rs_find_roots)
    rs_find_roots                            0x0800b333   Thumb Code   160  rs.o(i.rs_find_roots)
    i.rs_gdiv                                0x0800b3d2   Section        0  rs.o(i.rs_gdiv)
    rs_gdiv                                  0x0800b3d3   Thumb Code    26  rs.o(i.rs_gdiv)
    i.rs_gf256_init                          0x0800b3ec   Section        0  rs.o(i.rs_gf256_init)
    i.rs_gmul                                0x0800b430   Section        0  rs.o(i.rs_gmul)
    rs_gmul                                  0x0800b431   Thumb Code    26  rs.o(i.rs_gmul)
    i.rs_gsqrt                               0x0800b44a   Section        0  rs.o(i.rs_gsqrt)
    rs_gsqrt                                 0x0800b44b   Thumb Code    34  rs.o(i.rs_gsqrt)
    i.rs_hgmul                               0x0800b46c   Section        0  rs.o(i.rs_hgmul)
    rs_hgmul                                 0x0800b46d   Thumb Code    22  rs.o(i.rs_hgmul)
    i.rs_init_lambda                         0x0800b482   Section        0  rs.o(i.rs_init_lambda)
    rs_init_lambda                           0x0800b483   Thumb Code    88  rs.o(i.rs_init_lambda)
    i.rs_modified_berlekamp_massey           0x0800b4da   Section        0  rs.o(i.rs_modified_berlekamp_massey)
    rs_modified_berlekamp_massey             0x0800b4db   Thumb Code   262  rs.o(i.rs_modified_berlekamp_massey)
    i.rs_poly_copy                           0x0800b5e0   Section        0  rs.o(i.rs_poly_copy)
    rs_poly_copy                             0x0800b5e1   Thumb Code    20  rs.o(i.rs_poly_copy)
    i.rs_poly_mul_x                          0x0800b5f4   Section        0  rs.o(i.rs_poly_mul_x)
    rs_poly_mul_x                            0x0800b5f5   Thumb Code    24  rs.o(i.rs_poly_mul_x)
    i.rs_poly_mult                           0x0800b60c   Section        0  rs.o(i.rs_poly_mult)
    rs_poly_mult                             0x0800b60d   Thumb Code   118  rs.o(i.rs_poly_mult)
    i.rs_poly_zero                           0x0800b682   Section        0  rs.o(i.rs_poly_zero)
    rs_poly_zero                             0x0800b683   Thumb Code    18  rs.o(i.rs_poly_zero)
    i.rs_quadratic_solve                     0x0800b694   Section        0  rs.o(i.rs_quadratic_solve)
    rs_quadratic_solve                       0x0800b695   Thumb Code   550  rs.o(i.rs_quadratic_solve)
    i.rs_quartic_solve                       0x0800b8ba   Section        0  rs.o(i.rs_quartic_solve)
    rs_quartic_solve                         0x0800b8bb   Thumb Code   412  rs.o(i.rs_quartic_solve)
    i.sym_add_point                          0x0800ba56   Section        0  img_scanner.o(i.sym_add_point)
    sym_add_point                            0x0800ba57   Thumb Code    58  img_scanner.o(i.sym_add_point)
    i.sym_add_point                          0x0800ba90   Section        0  qrdectxt.o(i.sym_add_point)
    sym_add_point                            0x0800ba91   Thumb Code    58  qrdectxt.o(i.sym_add_point)
    i.symbol_handler                         0x0800baca   Section        0  img_scanner.o(i.symbol_handler)
    symbol_handler                           0x0800bacb   Thumb Code   238  img_scanner.o(i.symbol_handler)
    i.zbar_decode_width                      0x0800bbb8   Section        0  decoder.o(i.zbar_decode_width)
    i.zbar_decoder_create                    0x0800bc1c   Section        0  decoder.o(i.zbar_decoder_create)
    i.zbar_decoder_destroy                   0x0800bc94   Section        0  decoder.o(i.zbar_decoder_destroy)
    i.zbar_decoder_get_data                  0x0800bcaa   Section        0  decoder.o(i.zbar_decoder_get_data)
    i.zbar_decoder_get_data_length           0x0800bcb0   Section        0  decoder.o(i.zbar_decoder_get_data_length)
    i.zbar_decoder_get_type                  0x0800bcb6   Section        0  decoder.o(i.zbar_decoder_get_type)
    i.zbar_decoder_get_userdata              0x0800bcbe   Section        0  decoder.o(i.zbar_decoder_get_userdata)
    i.zbar_decoder_new_scan                  0x0800bcc4   Section        0  decoder.o(i.zbar_decoder_new_scan)
    i.zbar_decoder_reset                     0x0800bce2   Section        0  decoder.o(i.zbar_decoder_reset)
    i.zbar_decoder_set_config                0x0800bcfe   Section        0  decoder.o(i.zbar_decoder_set_config)
    i.zbar_decoder_set_handler               0x0800bdc4   Section        0  decoder.o(i.zbar_decoder_set_handler)
    i.zbar_decoder_set_userdata              0x0800bdcc   Section        0  decoder.o(i.zbar_decoder_set_userdata)
    i.zbar_get_symbol_name                   0x0800bdd0   Section        0  symbol.o(i.zbar_get_symbol_name)
    i.zbar_image_create                      0x0800be9c   Section        0  image.o(i.zbar_image_create)
    i.zbar_image_destroy                     0x0800bebe   Section        0  image.o(i.zbar_image_destroy)
    i.zbar_image_first_symbol                0x0800bece   Section        0  image.o(i.zbar_image_first_symbol)
    i.zbar_image_free_data                   0x0800bee0   Section        0  image.o(i.zbar_image_free_data)
    i.zbar_image_scanner_create              0x0800bf38   Section        0  img_scanner.o(i.zbar_image_scanner_create)
    i.zbar_image_scanner_destroy             0x0800bfc4   Section        0  img_scanner.o(i.zbar_image_scanner_destroy)
    i.zbar_image_scanner_recycle_image       0x0800c048   Section        0  img_scanner.o(i.zbar_image_scanner_recycle_image)
    i.zbar_image_scanner_set_config          0x0800c0ac   Section        0  img_scanner.o(i.zbar_image_scanner_set_config)
    i.zbar_image_set_data                    0x0800c122   Section        0  image.o(i.zbar_image_set_data)
    i.zbar_image_set_format                  0x0800c13e   Section        0  image.o(i.zbar_image_set_format)
    i.zbar_image_set_size                    0x0800c142   Section        0  image.o(i.zbar_image_set_size)
    i.zbar_scan_image                        0x0800c148   Section        0  img_scanner.o(i.zbar_scan_image)
    i.zbar_scan_y                            0x0800c520   Section        0  scanner.o(i.zbar_scan_y)
    i.zbar_scanner_create                    0x0800c6c6   Section        0  scanner.o(i.zbar_scanner_create)
    i.zbar_scanner_destroy                   0x0800c6e2   Section        0  scanner.o(i.zbar_scanner_destroy)
    i.zbar_scanner_flush                     0x0800c6ee   Section        0  scanner.o(i.zbar_scanner_flush)
    i.zbar_scanner_get_edge                  0x0800c73e   Section        0  scanner.o(i.zbar_scanner_get_edge)
    i.zbar_scanner_get_width                 0x0800c768   Section        0  scanner.o(i.zbar_scanner_get_width)
    i.zbar_scanner_new_scan                  0x0800c76e   Section        0  scanner.o(i.zbar_scanner_new_scan)
    i.zbar_scanner_reset                     0x0800c7b4   Section        0  scanner.o(i.zbar_scanner_reset)
    i.zbar_symbol_get_data                   0x0800c7de   Section        0  symbol.o(i.zbar_symbol_get_data)
    i.zbar_symbol_get_type                   0x0800c7e4   Section        0  symbol.o(i.zbar_symbol_get_type)
    i.zbar_symbol_next                       0x0800c7ea   Section        0  symbol.o(i.zbar_symbol_next)
    i.zbar_symbol_set_ref                    0x0800c7f6   Section        0  symbol.o(i.zbar_symbol_set_ref)
    i.zbar_utf8_to_gb18030                   0x0800c814   Section        0  qrdectxt.o(i.zbar_utf8_to_gb18030)
    .constdata                               0x0800c8fc   Section       24  malloc.o(.constdata)
    .constdata                               0x0800c914   Section       27  img_scanner.o(.constdata)
    __func__                                 0x0800c914   Data          11  img_scanner.o(.constdata)
    __func__                                 0x0800c91f   Data          16  img_scanner.o(.constdata)
    .constdata                               0x0800c92f   Section       47  bch15_5.o(.constdata)
    gf16_exp                                 0x0800c92f   Data          31  bch15_5.o(.constdata)
    gf16_log                                 0x0800c94e   Data          16  bch15_5.o(.constdata)
    .constdata                               0x0800c95e   Section        8  isaac.o(.constdata)
    SHIFT                                    0x0800c95e   Data           8  isaac.o(.constdata)
    .constdata                               0x0800c968   Section      612  qrdec.o(.constdata)
    BCH18_6_CODES                            0x0800c968   Data         136  qrdec.o(.constdata)
    QR_ALIGNMENT_SPACING                     0x0800c9f0   Data          34  qrdec.o(.constdata)
    QR_ALNUM_TABLE                           0x0800ca12   Data          45  qrdec.o(.constdata)
    QR_RS_NPAR_VALS                          0x0800ca3f   Data          71  qrdec.o(.constdata)
    QR_RS_NPAR_OFFS                          0x0800ca86   Data          40  qrdec.o(.constdata)
    QR_RS_NBLOCKS                            0x0800caae   Data         160  qrdec.o(.constdata)
    __func__                                 0x0800cb4e   Data          17  qrdec.o(.constdata)
    MASK_TESTS                               0x0800cb60   Data          64  qrdec.o(.constdata)
    MASK_COORDS                              0x0800cba0   Data          16  qrdec.o(.constdata)
    LEN_BITS                                 0x0800cbb0   Data          12  qrdec.o(.constdata)
    __func__                                 0x0800cbbc   Data          16  qrdec.o(.constdata)
    .constdata                               0x0800cbcc   Section    41804  qrdectxt.o(.constdata)
    .constdata                               0x08016f18   Section      336  ov7670.o(.constdata)
    .conststring                             0x08017068   Section      227  error.o(.conststring)
    .data                                    0x20000000   Section        2  main.o(.data)
    .data                                    0x20000002   Section        4  init.o(.data)
    fac_us                                   0x20000002   Data           1  init.o(.data)
    fac_ms                                   0x20000004   Data           2  init.o(.data)
    .data                                    0x20000008   Section       28  malloc.o(.data)
    .data                                    0x20000024   Section       56  error.o(.data)
    err_str                                  0x20000028   Data          52  error.o(.data)
    .data                                    0x2000005c   Section        1  time.o(.data)
    .data                                    0x2000005d   Section       20  stm32f10x_rcc.o(.data)
    APBAHBPrescTable                         0x2000005d   Data          16  stm32f10x_rcc.o(.data)
    ADCPrescTable                            0x2000006d   Data           4  stm32f10x_rcc.o(.data)
    .data                                    0x20000074   Section        4  stderr.o(.data)
    .data                                    0x20000078   Section        4  stdout.o(.data)
    .bss                                     0x20000080   Section    59840  malloc.o(.bss)
    .bss                                     0x2000ea40   Section       14  lcd.o(.bss)
    STACK                                    0x2000ea50   Section     4096  startup_stm32f10x_hd.o(STACK)
    .ARM.__AT_0x68000000                     0x68000000   Section    1013760  malloc.o(.ARM.__AT_0x68000000)
    .ARM.__AT_0x680F7800                     0x680f7800   Section    63360  malloc.o(.ARM.__AT_0x680F7800)
    .ARM.__AT_0x68106F80                     0x68106f80   Section    57600  main.o(.ARM.__AT_0x68106F80)

    Global Symbols

    Symbol Name                              Value     Ov Type        Size  Object(Section)

    BuildAttributes$$THM_ISAv4$P$D$K$B$S$PE$A:L22UL41UL21$X:L11$S22US41US21$IEEE1$IW$USESV6$~STKCKD$USESV7$~SHL$OSPACE$ROPI$EBA8$MICROLIB$REQ8$PRES8$EABIv2 0x00000000   Number         0  anon$$obj.o ABSOLUTE
    __ARM_use_no_argv                        0x00000000   Number         0  main.o ABSOLUTE
    _printf_a                                0x00000000   Number         0  stubs.o ABSOLUTE
    _printf_c                                0x00000000   Number         0  stubs.o ABSOLUTE
    _printf_charcount                        0x00000000   Number         0  stubs.o ABSOLUTE
    _printf_d                                0x00000000   Number         0  stubs.o ABSOLUTE
    _printf_e                                0x00000000   Number         0  stubs.o ABSOLUTE
    _printf_f                                0x00000000   Number         0  stubs.o ABSOLUTE
    _printf_flags                            0x00000000   Number         0  stubs.o ABSOLUTE
    _printf_fp_dec                           0x00000000   Number         0  stubs.o ABSOLUTE
    _printf_fp_hex                           0x00000000   Number         0  stubs.o ABSOLUTE
    _printf_g                                0x00000000   Number         0  stubs.o ABSOLUTE
    _printf_i                                0x00000000   Number         0  stubs.o ABSOLUTE
    _printf_int_dec                          0x00000000   Number         0  stubs.o ABSOLUTE
    _printf_l                                0x00000000   Number         0  stubs.o ABSOLUTE
    _printf_lc                               0x00000000   Number         0  stubs.o ABSOLUTE
    _printf_ll                               0x00000000   Number         0  stubs.o ABSOLUTE
    _printf_lld                              0x00000000   Number         0  stubs.o ABSOLUTE
    _printf_lli                              0x00000000   Number         0  stubs.o ABSOLUTE
    _printf_llo                              0x00000000   Number         0  stubs.o ABSOLUTE
    _printf_llu                              0x00000000   Number         0  stubs.o ABSOLUTE
    _printf_llx                              0x00000000   Number         0  stubs.o ABSOLUTE
    _printf_longlong_dec                     0x00000000   Number         0  stubs.o ABSOLUTE
    _printf_longlong_hex                     0x00000000   Number         0  stubs.o ABSOLUTE
    _printf_longlong_oct                     0x00000000   Number         0  stubs.o ABSOLUTE
    _printf_ls                               0x00000000   Number         0  stubs.o ABSOLUTE
    _printf_mbtowc                           0x00000000   Number         0  stubs.o ABSOLUTE
    _printf_n                                0x00000000   Number         0  stubs.o ABSOLUTE
    _printf_o                                0x00000000   Number         0  stubs.o ABSOLUTE
    _printf_p                                0x00000000   Number         0  stubs.o ABSOLUTE
    _printf_percent                          0x00000000   Number         0  stubs.o ABSOLUTE
    _printf_pre_padding                      0x00000000   Number         0  stubs.o ABSOLUTE
    _printf_return_value                     0x00000000   Number         0  stubs.o ABSOLUTE
    _printf_s                                0x00000000   Number         0  stubs.o ABSOLUTE
    _printf_sizespec                         0x00000000   Number         0  stubs.o ABSOLUTE
    _printf_str                              0x00000000   Number         0  stubs.o ABSOLUTE
    _printf_truncate_signed                  0x00000000   Number         0  stubs.o ABSOLUTE
    _printf_truncate_unsigned                0x00000000   Number         0  stubs.o ABSOLUTE
    _printf_u                                0x00000000   Number         0  stubs.o ABSOLUTE
    _printf_wc                               0x00000000   Number         0  stubs.o ABSOLUTE
    _printf_wctomb                           0x00000000   Number         0  stubs.o ABSOLUTE
    _printf_widthprec                        0x00000000   Number         0  stubs.o ABSOLUTE
    _printf_x                                0x00000000   Number         0  stubs.o ABSOLUTE
    __arm_fini_                               - Undefined Weak Reference
    __cpp_initialize__aeabi_                  - Undefined Weak Reference
    __cxa_finalize                            - Undefined Weak Reference
    __decompress                              - Undefined Weak Reference
    _clock_init                               - Undefined Weak Reference
    _microlib_exit                            - Undefined Weak Reference
    __Vectors_Size                           0x00000130   Number         0  startup_stm32f10x_hd.o ABSOLUTE
    __Vectors                                0x08000000   Data           4  startup_stm32f10x_hd.o(RESET)
    __Vectors_End                            0x08000130   Data           0  startup_stm32f10x_hd.o(RESET)
    __main                                   0x08000131   Thumb Code     0  entry.o(.ARM.Collect$$$$00000000)
    _main_stk                                0x08000131   Thumb Code     0  entry2.o(.ARM.Collect$$$$00000001)
    _main_scatterload                        0x08000135   Thumb Code     0  entry5.o(.ARM.Collect$$$$00000004)
    __main_after_scatterload                 0x08000139   Thumb Code     0  entry5.o(.ARM.Collect$$$$00000004)
    _main_clock                              0x08000139   Thumb Code     0  entry7b.o(.ARM.Collect$$$$00000008)
    _main_cpp_init                           0x08000139   Thumb Code     0  entry8b.o(.ARM.Collect$$$$0000000A)
    _main_init                               0x08000139   Thumb Code     0  entry9a.o(.ARM.Collect$$$$0000000B)
    __rt_lib_shutdown_fini                   0x08000141   Thumb Code     0  entry12b.o(.ARM.Collect$$$$0000000E)
    __rt_final_cpp                           0x08000145   Thumb Code     0  entry10a.o(.ARM.Collect$$$$0000000F)
    __rt_final_exit                          0x08000145   Thumb Code     0  entry11a.o(.ARM.Collect$$$$00000011)
    Reset_Handler                            0x08000149   Thumb Code     8  startup_stm32f10x_hd.o(.text)
    NMI_Handler                              0x08000151   Thumb Code     2  startup_stm32f10x_hd.o(.text)
    HardFault_Handler                        0x08000153   Thumb Code     2  startup_stm32f10x_hd.o(.text)
    MemManage_Handler                        0x08000155   Thumb Code     2  startup_stm32f10x_hd.o(.text)
    BusFault_Handler                         0x08000157   Thumb Code     2  startup_stm32f10x_hd.o(.text)
    UsageFault_Handler                       0x08000159   Thumb Code     2  startup_stm32f10x_hd.o(.text)
    SVC_Handler                              0x0800015b   Thumb Code     2  startup_stm32f10x_hd.o(.text)
    DebugMon_Handler                         0x0800015d   Thumb Code     2  startup_stm32f10x_hd.o(.text)
    PendSV_Handler                           0x0800015f   Thumb Code     2  startup_stm32f10x_hd.o(.text)
    SysTick_Handler                          0x08000161   Thumb Code     2  startup_stm32f10x_hd.o(.text)
    ADC1_2_IRQHandler                        0x08000163   Thumb Code     0  startup_stm32f10x_hd.o(.text)
    ADC3_IRQHandler                          0x08000163   Thumb Code     0  startup_stm32f10x_hd.o(.text)
    CAN1_RX1_IRQHandler                      0x08000163   Thumb Code     0  startup_stm32f10x_hd.o(.text)
    CAN1_SCE_IRQHandler                      0x08000163   Thumb Code     0  startup_stm32f10x_hd.o(.text)
    EXTI0_IRQHandler                         0x08000163   Thumb Code     0  startup_stm32f10x_hd.o(.text)
    EXTI15_10_IRQHandler                     0x08000163   Thumb Code     0  startup_stm32f10x_hd.o(.text)
    EXTI1_IRQHandler                         0x08000163   Thumb Code     0  startup_stm32f10x_hd.o(.text)
    EXTI2_IRQHandler                         0x08000163   Thumb Code     0  startup_stm32f10x_hd.o(.text)
    EXTI3_IRQHandler                         0x08000163   Thumb Code     0  startup_stm32f10x_hd.o(.text)
    EXTI4_IRQHandler                         0x08000163   Thumb Code     0  startup_stm32f10x_hd.o(.text)
    FLASH_IRQHandler                         0x08000163   Thumb Code     0  startup_stm32f10x_hd.o(.text)
    FSMC_IRQHandler                          0x08000163   Thumb Code     0  startup_stm32f10x_hd.o(.text)
    I2C1_ER_IRQHandler                       0x08000163   Thumb Code     0  startup_stm32f10x_hd.o(.text)
    I2C1_EV_IRQHandler                       0x08000163   Thumb Code     0  startup_stm32f10x_hd.o(.text)
    I2C2_ER_IRQHandler                       0x08000163   Thumb Code     0  startup_stm32f10x_hd.o(.text)
    I2C2_EV_IRQHandler                       0x08000163   Thumb Code     0  startup_stm32f10x_hd.o(.text)
    PVD_IRQHandler                           0x08000163   Thumb Code     0  startup_stm32f10x_hd.o(.text)
    RCC_IRQHandler                           0x08000163   Thumb Code     0  startup_stm32f10x_hd.o(.text)
    RTCAlarm_IRQHandler                      0x08000163   Thumb Code     0  startup_stm32f10x_hd.o(.text)
    RTC_IRQHandler                           0x08000163   Thumb Code     0  startup_stm32f10x_hd.o(.text)
    SDIO_IRQHandler                          0x08000163   Thumb Code     0  startup_stm32f10x_hd.o(.text)
    SPI1_IRQHandler                          0x08000163   Thumb Code     0  startup_stm32f10x_hd.o(.text)
    SPI2_IRQHandler                          0x08000163   Thumb Code     0  startup_stm32f10x_hd.o(.text)
    SPI3_IRQHandler                          0x08000163   Thumb Code     0  startup_stm32f10x_hd.o(.text)
    TAMPER_IRQHandler                        0x08000163   Thumb Code     0  startup_stm32f10x_hd.o(.text)
    TIM1_BRK_IRQHandler                      0x08000163   Thumb Code     0  startup_stm32f10x_hd.o(.text)
    TIM1_CC_IRQHandler                       0x08000163   Thumb Code     0  startup_stm32f10x_hd.o(.text)
    TIM1_TRG_COM_IRQHandler                  0x08000163   Thumb Code     0  startup_stm32f10x_hd.o(.text)
    TIM1_UP_IRQHandler                       0x08000163   Thumb Code     0  startup_stm32f10x_hd.o(.text)
    TIM2_IRQHandler                          0x08000163   Thumb Code     0  startup_stm32f10x_hd.o(.text)
    TIM3_IRQHandler                          0x08000163   Thumb Code     0  startup_stm32f10x_hd.o(.text)
    TIM5_IRQHandler                          0x08000163   Thumb Code     0  startup_stm32f10x_hd.o(.text)
    TIM6_IRQHandler                          0x08000163   Thumb Code     0  startup_stm32f10x_hd.o(.text)
    TIM7_IRQHandler                          0x08000163   Thumb Code     0  startup_stm32f10x_hd.o(.text)
    TIM8_BRK_IRQHandler                      0x08000163   Thumb Code     0  startup_stm32f10x_hd.o(.text)
    TIM8_CC_IRQHandler                       0x08000163   Thumb Code     0  startup_stm32f10x_hd.o(.text)
    TIM8_TRG_COM_IRQHandler                  0x08000163   Thumb Code     0  startup_stm32f10x_hd.o(.text)
    TIM8_UP_IRQHandler                       0x08000163   Thumb Code     0  startup_stm32f10x_hd.o(.text)
    UART4_IRQHandler                         0x08000163   Thumb Code     0  startup_stm32f10x_hd.o(.text)
    UART5_IRQHandler                         0x08000163   Thumb Code     0  startup_stm32f10x_hd.o(.text)
    USART1_IRQHandler                        0x08000163   Thumb Code     0  startup_stm32f10x_hd.o(.text)
    USART2_IRQHandler                        0x08000163   Thumb Code     0  startup_stm32f10x_hd.o(.text)
    USART3_IRQHandler                        0x08000163   Thumb Code     0  startup_stm32f10x_hd.o(.text)
    USBWakeUp_IRQHandler                     0x08000163   Thumb Code     0  startup_stm32f10x_hd.o(.text)
    USB_HP_CAN1_TX_IRQHandler                0x08000163   Thumb Code     0  startup_stm32f10x_hd.o(.text)
    USB_LP_CAN1_RX0_IRQHandler               0x08000163   Thumb Code     0  startup_stm32f10x_hd.o(.text)
    WWDG_IRQHandler                          0x08000163   Thumb Code     0  startup_stm32f10x_hd.o(.text)
    __aeabi_ldivmod                          0x0800016d   Thumb Code    98  ldiv.o(.text)
    __aeabi_lasr                             0x080001cf   Thumb Code    36  llsshr.o(.text)
    _ll_sshift_r                             0x080001cf   Thumb Code     0  llsshr.o(.text)
    qsort                                    0x080001f3   Thumb Code   156  qsort.o(.text)
    ___aeabi_memcpy8$move                    0x0800028f   Thumb Code     0  memmovea.o(.text)
    __aeabi_memcpy                           0x0800028f   Thumb Code    64  memmovea.o(.text)
    __aeabi_memcpy4                          0x0800028f   Thumb Code     0  memmovea.o(.text)
    __aeabi_memmove                          0x0800028f   Thumb Code     0  memmovea.o(.text)
    __aeabi_memmove4                         0x0800028f   Thumb Code     0  memmovea.o(.text)
    __aeabi_memmove8                         0x0800028f   Thumb Code     0  memmovea.o(.text)
    strcmp                                   0x080002cf   Thumb Code    28  strcmp.o(.text)
    memchr                                   0x080002eb   Thumb Code    20  memchr.o(.text)
    memcmp                                   0x080002ff   Thumb Code    26  memcmp.o(.text)
    __aeabi_uldivmod                         0x08000319   Thumb Code    98  uldiv.o(.text)
    __scatterload                            0x0800037d   Thumb Code    28  init.o(.text)
    __scatterload_rt2                        0x0800037d   Thumb Code     0  init.o(.text)
    __aeabi_llsl                             0x080003a1   Thumb Code    30  llshl.o(.text)
    _ll_shift_l                              0x080003a1   Thumb Code     0  llshl.o(.text)
    __aeabi_llsr                             0x080003bf   Thumb Code    32  llushr.o(.text)
    _ll_ushift_r                             0x080003bf   Thumb Code     0  llushr.o(.text)
    Buzzle_Init                              0x080003e1   Thumb Code    46  buzzle.o(i.Buzzle_Init)
    DMA1_Channel1_Event                      0x08000415   Thumb Code     2  dma_stm32f10x.o(i.DMA1_Channel1_Event)
    DMA1_Channel1_IRQHandler                 0x08000419   Thumb Code    22  dma_stm32f10x.o(i.DMA1_Channel1_IRQHandler)
    DMA1_Channel2_Event                      0x08000435   Thumb Code     2  dma_stm32f10x.o(i.DMA1_Channel2_Event)
    DMA1_Channel2_IRQHandler                 0x08000439   Thumb Code    24  dma_stm32f10x.o(i.DMA1_Channel2_IRQHandler)
    DMA1_Channel3_Event                      0x08000455   Thumb Code     2  dma_stm32f10x.o(i.DMA1_Channel3_Event)
    DMA1_Channel3_IRQHandler                 0x08000459   Thumb Code    24  dma_stm32f10x.o(i.DMA1_Channel3_IRQHandler)
    DMA1_Channel4_Event                      0x08000475   Thumb Code     2  dma_stm32f10x.o(i.DMA1_Channel4_Event)
    DMA1_Channel4_IRQHandler                 0x08000479   Thumb Code    24  dma_stm32f10x.o(i.DMA1_Channel4_IRQHandler)
    DMA1_Channel5_Event                      0x08000495   Thumb Code     2  dma_stm32f10x.o(i.DMA1_Channel5_Event)
    DMA1_Channel5_IRQHandler                 0x08000499   Thumb Code    24  dma_stm32f10x.o(i.DMA1_Channel5_IRQHandler)
    DMA1_Channel6_Event                      0x080004b5   Thumb Code     2  dma_stm32f10x.o(i.DMA1_Channel6_Event)
    DMA1_Channel6_IRQHandler                 0x080004b9   Thumb Code    24  dma_stm32f10x.o(i.DMA1_Channel6_IRQHandler)
    DMA1_Channel7_Event                      0x080004d5   Thumb Code     2  dma_stm32f10x.o(i.DMA1_Channel7_Event)
    DMA1_Channel7_IRQHandler                 0x080004d9   Thumb Code    24  dma_stm32f10x.o(i.DMA1_Channel7_IRQHandler)
    DMA2_Channel1_Event                      0x080004f5   Thumb Code     2  dma_stm32f10x.o(i.DMA2_Channel1_Event)
    DMA2_Channel1_IRQHandler                 0x080004f9   Thumb Code    24  dma_stm32f10x.o(i.DMA2_Channel1_IRQHandler)
    DMA2_Channel2_Event                      0x08000515   Thumb Code     2  dma_stm32f10x.o(i.DMA2_Channel2_Event)
    DMA2_Channel2_IRQHandler                 0x08000519   Thumb Code    26  dma_stm32f10x.o(i.DMA2_Channel2_IRQHandler)
    DMA2_Channel3_Event                      0x08000539   Thumb Code     2  dma_stm32f10x.o(i.DMA2_Channel3_Event)
    DMA2_Channel3_IRQHandler                 0x0800053d   Thumb Code    26  dma_stm32f10x.o(i.DMA2_Channel3_IRQHandler)
    DMA2_Channel4_5_IRQHandler               0x0800055d   Thumb Code    52  dma_stm32f10x.o(i.DMA2_Channel4_5_IRQHandler)
    DMA2_Channel4_Event                      0x08000595   Thumb Code     2  dma_stm32f10x.o(i.DMA2_Channel4_Event)
    DMA2_Channel5_Event                      0x08000597   Thumb Code     2  dma_stm32f10x.o(i.DMA2_Channel5_Event)
    EXTI7_Init                               0x08000599   Thumb Code    76  main.o(i.EXTI7_Init)
    EXTI9_5_IRQHandler                       0x080005e5   Thumb Code    50  main.o(i.EXTI9_5_IRQHandler)
    EXTI_ClearITPendingBit                   0x08000629   Thumb Code     6  my_stm32f10x_exti.o(i.EXTI_ClearITPendingBit)
    EXTI_GetITStatus                         0x08000635   Thumb Code    34  my_stm32f10x_exti.o(i.EXTI_GetITStatus)
    EXTI_Init                                0x0800065d   Thumb Code   142  my_stm32f10x_exti.o(i.EXTI_Init)
    FSMC_NORSRAMCmd                          0x080006f1   Thumb Code    46  stm32f10x_fsmc.o(i.FSMC_NORSRAMCmd)
    FSMC_NORSRAMInit                         0x08000725   Thumb Code   230  stm32f10x_fsmc.o(i.FSMC_NORSRAMInit)
    FSMC_SRAM_Init                           0x0800080d   Thumb Code   226  sram.o(i.FSMC_SRAM_Init)
    GPIO_Config                              0x08000901   Thumb Code    46  init.o(i.GPIO_Config)
    GPIO_EXTILineConfig                      0x08000935   Thumb Code    60  stm32f10x_gpio.o(i.GPIO_EXTILineConfig)
    GPIO_Init                                0x08000975   Thumb Code   278  stm32f10x_gpio.o(i.GPIO_Init)
    GPIO_ResetBits                           0x08000a8b   Thumb Code     4  stm32f10x_gpio.o(i.GPIO_ResetBits)
    GPIO_SetBits                             0x08000a8f   Thumb Code     4  stm32f10x_gpio.o(i.GPIO_SetBits)
    LCD_Clear                                0x08000a95   Thumb Code    88  lcd.o(i.LCD_Clear)
    LCD_GPIOInit                             0x08000af5   Thumb Code    40  lcd.o(i.LCD_GPIOInit)
    LCD_Init                                 0x08000b21   Thumb Code   588  lcd.o(i.LCD_Init)
    LCD_RESET                                0x08000d71   Thumb Code    34  lcd.o(i.LCD_RESET)
    LCD_SetWindows                           0x08000d99   Thumb Code    84  lcd.o(i.LCD_SetWindows)
    LCD_WR_DATA                              0x08000df1   Thumb Code    38  lcd.o(i.LCD_WR_DATA)
    LCD_WR_REG                               0x08000e21   Thumb Code    36  lcd.o(i.LCD_WR_REG)
    LCD_WriteRAM_Prepare                     0x08000e4d   Thumb Code    12  lcd.o(i.LCD_WriteRAM_Prepare)
    LCD_WriteReg                             0x08000e5d   Thumb Code    20  lcd.o(i.LCD_WriteReg)
    LCD_direction                            0x08000e71   Thumb Code   128  lcd.o(i.LCD_direction)
    LED0_ON                                  0x08000ef5   Thumb Code    12  led.o(i.LED0_ON)
    LED4_OFF                                 0x08000f05   Thumb Code    12  led.o(i.LED4_OFF)
    LED4_ON                                  0x08000f15   Thumb Code    12  led.o(i.LED4_ON)
    LED5_OFF                                 0x08000f25   Thumb Code    12  led.o(i.LED5_OFF)
    LED5_ON                                  0x08000f35   Thumb Code    12  led.o(i.LED5_ON)
    LED_Init                                 0x08000f45   Thumb Code    46  led.o(i.LED_Init)
    Lcd_WriteData_16Bit                      0x08000f79   Thumb Code    46  lcd.o(i.Lcd_WriteData_16Bit)
    NVIC_Init                                0x08000fb1   Thumb Code   100  misc.o(i.NVIC_Init)
    OV7670_Brightness                        0x08001021   Thumb Code    50  ov7670.o(i.OV7670_Brightness)
    OV7670_Color_Saturation                  0x08001053   Thumb Code   122  ov7670.o(i.OV7670_Color_Saturation)
    OV7670_Contrast                          0x080010cd   Thumb Code    50  ov7670.o(i.OV7670_Contrast)
    OV7670_Init                              0x08001101   Thumb Code   232  ov7670.o(i.OV7670_Init)
    OV7670_Light_Mode                        0x08001201   Thumb Code    92  ov7670.o(i.OV7670_Light_Mode)
    OV7670_Special_Effects                   0x0800125d   Thumb Code   106  ov7670.o(i.OV7670_Special_Effects)
    RCC_AHBPeriphClockCmd                    0x080012c9   Thumb Code    26  stm32f10x_rcc.o(i.RCC_AHBPeriphClockCmd)
    RCC_APB1PeriphClockCmd                   0x080012e9   Thumb Code    26  stm32f10x_rcc.o(i.RCC_APB1PeriphClockCmd)
    RCC_APB2PeriphClockCmd                   0x08001309   Thumb Code    26  stm32f10x_rcc.o(i.RCC_APB2PeriphClockCmd)
    RCC_GetClocksFreq                        0x08001329   Thumb Code   192  stm32f10x_rcc.o(i.RCC_GetClocksFreq)
    SCCB_Init                                0x080013fd   Thumb Code    76  sccb.o(i.SCCB_Init)
    SCCB_No_Ack                              0x0800144d   Thumb Code    56  sccb.o(i.SCCB_No_Ack)
    SCCB_RD_Byte                             0x0800148d   Thumb Code    68  sccb.o(i.SCCB_RD_Byte)
    SCCB_RD_Reg                              0x080014d9   Thumb Code    78  sccb.o(i.SCCB_RD_Reg)
    SCCB_SDA_IN                              0x08001529   Thumb Code    24  sccb.o(i.SCCB_SDA_IN)
    SCCB_SDA_OUT                             0x08001545   Thumb Code    30  sccb.o(i.SCCB_SDA_OUT)
    SCCB_Start                               0x08001569   Thumb Code    42  sccb.o(i.SCCB_Start)
    SCCB_Stop                                0x0800159d   Thumb Code    42  sccb.o(i.SCCB_Stop)
    SCCB_WR_Byte                             0x080015d1   Thumb Code   122  sccb.o(i.SCCB_WR_Byte)
    SCCB_WR_Reg                              0x08001655   Thumb Code    62  sccb.o(i.SCCB_WR_Reg)
    SPI2_Init                                0x08001695   Thumb Code   148  spi.o(i.SPI2_Init)
    SPI_Cmd                                  0x08001731   Thumb Code    24  my_stm32f10x_spi.o(i.SPI_Cmd)
    SPI_Init                                 0x08001749   Thumb Code    60  my_stm32f10x_spi.o(i.SPI_Init)
    SPI_WriteByte                            0x08001785   Thumb Code    34  spi.o(i.SPI_WriteByte)
    Serial_SendByte2                         0x080017a9   Thumb Code    28  init.o(i.Serial_SendByte2)
    Serial_SendByte4                         0x080017c9   Thumb Code    28  init.o(i.Serial_SendByte4)
    Serial_SendString2                       0x080017e9   Thumb Code    26  init.o(i.Serial_SendString2)
    Serial_SendString4                       0x08001803   Thumb Code    26  init.o(i.Serial_SendString4)
    SysTick_CLKSourceConfig                  0x08001905   Thumb Code    40  misc.o(i.SysTick_CLKSourceConfig)
    SystemInit                               0x0800192d   Thumb Code    78  system_stm32f10x.o(i.SystemInit)
    Systick_Config                           0x0800198d   Thumb Code    52  init.o(i.Systick_Config)
    TIM4_IRQHandler                          0x080019c9   Thumb Code    38  time.o(i.TIM4_IRQHandler)
    TIM_ClearITPendingBit                    0x08001a09   Thumb Code     6  stm32f10x_tim.o(i.TIM_ClearITPendingBit)
    TIM_GetITStatus                          0x08001a0f   Thumb Code    34  stm32f10x_tim.o(i.TIM_GetITStatus)
    UART4_Init                               0x08001a31   Thumb Code   128  init.o(i.UART4_Init)
    USART2_Init                              0x08001ab9   Thumb Code   124  init.o(i.USART2_Init)
    USART_Cmd                                0x08001b3d   Thumb Code    24  stm32f10x_usart.o(i.USART_Cmd)
    USART_Config                             0x08001b55   Thumb Code   116  init.o(i.USART_Config)
    USART_GetFlagStatus                      0x08001bd1   Thumb Code    26  stm32f10x_usart.o(i.USART_GetFlagStatus)
    USART_Init                               0x08001bed   Thumb Code   210  stm32f10x_usart.o(i.USART_Init)
    USART_SendData                           0x08001cc5   Thumb Code     8  stm32f10x_usart.o(i.USART_SendData)
    Zbar_Test                                0x08001ccd   Thumb Code   204  main.o(i.Zbar_Test)
    Zbar_calloc                              0x08001de1   Thumb Code    36  zbar_config.o(i.Zbar_calloc)
    Zbar_free                                0x08001e05   Thumb Code    14  zbar_config.o(i.Zbar_free)
    Zbar_malloc                              0x08001e13   Thumb Code    14  zbar_config.o(i.Zbar_malloc)
    Zbar_memcpy                              0x08001e21   Thumb Code    20  zbar_config.o(i.Zbar_memcpy)
    Zbar_memset                              0x08001e35   Thumb Code    20  zbar_config.o(i.Zbar_memset)
    Zbar_realloc                             0x08001e49   Thumb Code    18  zbar_config.o(i.Zbar_realloc)
    __0fprintf$8                             0x08001e5d   Thumb Code    22  printf8.o(i.__0fprintf$8)
    __1fprintf$8                             0x08001e5d   Thumb Code     0  printf8.o(i.__0fprintf$8)
    __2fprintf                               0x08001e5d   Thumb Code     0  printf8.o(i.__0fprintf$8)
    __0printf$8                              0x08001e79   Thumb Code    22  printf8.o(i.__0printf$8)
    __1printf$8                              0x08001e79   Thumb Code     0  printf8.o(i.__0printf$8)
    __2printf                                0x08001e79   Thumb Code     0  printf8.o(i.__0printf$8)
    __scatterload_copy                       0x08001e99   Thumb Code    14  handlers.o(i.__scatterload_copy)
    __scatterload_null                       0x08001ea7   Thumb Code     2  handlers.o(i.__scatterload_null)
    __scatterload_zeroinit                   0x08001ea9   Thumb Code    14  handlers.o(i.__scatterload_zeroinit)
    _zbar_decoder_get_qr_finder_line         0x0800230f   Thumb Code     8  qr_finder.o(i._zbar_decoder_get_qr_finder_line)
    _zbar_find_qr                            0x08002317   Thumb Code   268  qr_finder.o(i._zbar_find_qr)
    _zbar_image_free                         0x08002423   Thumb Code    30  image.o(i._zbar_image_free)
    _zbar_image_scanner_add_sym              0x0800246f   Thumb Code    96  img_scanner.o(i._zbar_image_scanner_add_sym)
    _zbar_image_scanner_alloc_sym            0x080024cf   Thumb Code   216  img_scanner.o(i._zbar_image_scanner_alloc_sym)
    _zbar_image_scanner_recycle_syms         0x080025a7   Thumb Code   172  img_scanner.o(i._zbar_image_scanner_recycle_syms)
    _zbar_qr_create                          0x08002653   Thumb Code    24  qrdec.o(i._zbar_qr_create)
    _zbar_qr_decode                          0x0800266d   Thumb Code   246  qrdec.o(i._zbar_qr_decode)
    _zbar_qr_destroy                         0x08002791   Thumb Code    78  qrdec.o(i._zbar_qr_destroy)
    _zbar_qr_found_line                      0x0800280d   Thumb Code    86  qrdec.o(i._zbar_qr_found_line)
    _zbar_qr_reset                           0x08002863   Thumb Code    16  qrdec.o(i._zbar_qr_reset)
    _zbar_refcnt_init                        0x0800288b   Thumb Code     2  refcnt.o(i._zbar_refcnt_init)
    _zbar_symbol_free                        0x0800288d   Thumb Code    54  symbol.o(i._zbar_symbol_free)
    _zbar_symbol_set_create                  0x080028e1   Thumb Code    24  symbol.o(i._zbar_symbol_set_create)
    _zbar_symbol_set_free                    0x080028f9   Thumb Code    40  symbol.o(i._zbar_symbol_set_free)
    bch15_5_correct                          0x08002ab5   Thumb Code    82  bch15_5.o(i.bch15_5_correct)
    bch15_5_encode                           0x08002b07   Thumb Code    70  bch15_5.o(i.bch15_5_encode)
    buzzle6_OFF                              0x08002bc1   Thumb Code    12  led.o(i.buzzle6_OFF)
    buzzle6_ON                               0x08002bd1   Thumb Code    12  led.o(i.buzzle6_ON)
    camera_refresh                           0x08002d39   Thumb Code   230  main.o(i.camera_refresh)
    delay_ms                                 0x08002ead   Thumb Code    72  init.o(i.delay_ms)
    delay_us                                 0x08002ef9   Thumb Code    72  init.o(i.delay_us)
    fputc                                    0x080030d1   Thumb Code    24  init.o(i.fputc)
    isaac_init                               0x08003165   Thumb Code   330  isaac.o(i.isaac_init)
    isaac_next_uint                          0x08003371   Thumb Code    42  isaac.o(i.isaac_next_uint)
    isaac_next_uint32                        0x0800339b   Thumb Code    28  isaac.o(i.isaac_next_uint32)
    main                                     0x080035d9   Thumb Code   200  main.o(i.main)
    my_mem_free                              0x080036a9   Thumb Code    96  malloc.o(i.my_mem_free)
    my_mem_init                              0x08003715   Thumb Code    54  malloc.o(i.my_mem_init)
    my_mem_malloc                            0x08003759   Thumb Code   156  malloc.o(i.my_mem_malloc)
    my_mem_perused                           0x08003801   Thumb Code    54  malloc.o(i.my_mem_perused)
    myfree                                   0x08003841   Thumb Code    30  malloc.o(i.myfree)
    mymalloc                                 0x08003865   Thumb Code    34  malloc.o(i.mymalloc)
    mymemcpy                                 0x0800388d   Thumb Code    26  malloc.o(i.mymemcpy)
    mymemset                                 0x080038a7   Thumb Code    20  malloc.o(i.mymemset)
    myrealloc                                0x080038bd   Thumb Code    64  malloc.o(i.myrealloc)
    qr_binarize                              0x08004311   Thumb Code   644  binarize.o(i.qr_binarize)
    qr_code_data_list_clear                  0x08004665   Thumb Code    44  qrdec.o(i.qr_code_data_list_clear)
    qr_code_data_list_extract_text           0x08004691   Thumb Code  1292  qrdectxt.o(i.qr_code_data_list_extract_text)
    qr_code_data_list_init                   0x08004b9d   Thumb Code    10  qrdec.o(i.qr_code_data_list_init)
    qr_ihypot                                0x08009191   Thumb Code   264  util.o(i.qr_ihypot)
    qr_ilog                                  0x0800929d   Thumb Code    92  util.o(i.qr_ilog)
    qr_isqrt                                 0x08009391   Thumb Code    44  util.o(i.qr_isqrt)
    qr_reader_match_centers                  0x08009b9b   Thumb Code   488  qrdec.o(i.qr_reader_match_centers)
    rs_correct                               0x0800b065   Thumb Code   370  rs.o(i.rs_correct)
    rs_gf256_init                            0x0800b3ed   Thumb Code    68  rs.o(i.rs_gf256_init)
    zbar_decode_width                        0x0800bbb9   Thumb Code   100  decoder.o(i.zbar_decode_width)
    zbar_decoder_create                      0x0800bc1d   Thumb Code    56  decoder.o(i.zbar_decoder_create)
    zbar_decoder_destroy                     0x0800bc95   Thumb Code    22  decoder.o(i.zbar_decoder_destroy)
    zbar_decoder_get_data                    0x0800bcab   Thumb Code     6  decoder.o(i.zbar_decoder_get_data)
    zbar_decoder_get_data_length             0x0800bcb1   Thumb Code     6  decoder.o(i.zbar_decoder_get_data_length)
    zbar_decoder_get_type                    0x0800bcb7   Thumb Code     8  decoder.o(i.zbar_decoder_get_type)
    zbar_decoder_get_userdata                0x0800bcbf   Thumb Code     6  decoder.o(i.zbar_decoder_get_userdata)
    zbar_decoder_new_scan                    0x0800bcc5   Thumb Code    30  decoder.o(i.zbar_decoder_new_scan)
    zbar_decoder_reset                       0x0800bce3   Thumb Code    28  decoder.o(i.zbar_decoder_reset)
    zbar_decoder_set_config                  0x0800bcff   Thumb Code   198  decoder.o(i.zbar_decoder_set_config)
    zbar_decoder_set_handler                 0x0800bdc5   Thumb Code     8  decoder.o(i.zbar_decoder_set_handler)
    zbar_decoder_set_userdata                0x0800bdcd   Thumb Code     4  decoder.o(i.zbar_decoder_set_userdata)
    zbar_get_symbol_name                     0x0800bdd1   Thumb Code   102  symbol.o(i.zbar_get_symbol_name)
    zbar_image_create                        0x0800be9d   Thumb Code    34  image.o(i.zbar_image_create)
    zbar_image_destroy                       0x0800bebf   Thumb Code    16  image.o(i.zbar_image_destroy)
    zbar_image_first_symbol                  0x0800becf   Thumb Code    16  image.o(i.zbar_image_first_symbol)
    zbar_image_free_data                     0x0800bee1   Thumb Code    82  image.o(i.zbar_image_free_data)
    zbar_image_scanner_create                0x0800bf39   Thumb Code   102  img_scanner.o(i.zbar_image_scanner_create)
    zbar_image_scanner_destroy               0x0800bfc5   Thumb Code   132  img_scanner.o(i.zbar_image_scanner_destroy)
    zbar_image_scanner_recycle_image         0x0800c049   Thumb Code   100  img_scanner.o(i.zbar_image_scanner_recycle_image)
    zbar_image_scanner_set_config            0x0800c0ad   Thumb Code   118  img_scanner.o(i.zbar_image_scanner_set_config)
    zbar_image_set_data                      0x0800c123   Thumb Code    28  image.o(i.zbar_image_set_data)
    zbar_image_set_format                    0x0800c13f   Thumb Code     4  image.o(i.zbar_image_set_format)
    zbar_image_set_size                      0x0800c143   Thumb Code     6  image.o(i.zbar_image_set_size)
    zbar_scan_image                          0x0800c149   Thumb Code   852  img_scanner.o(i.zbar_scan_image)
    zbar_scan_y                              0x0800c521   Thumb Code   422  scanner.o(i.zbar_scan_y)
    zbar_scanner_create                      0x0800c6c7   Thumb Code    28  scanner.o(i.zbar_scanner_create)
    zbar_scanner_destroy                     0x0800c6e3   Thumb Code    12  scanner.o(i.zbar_scanner_destroy)
    zbar_scanner_flush                       0x0800c6ef   Thumb Code    80  scanner.o(i.zbar_scanner_flush)
    zbar_scanner_get_edge                    0x0800c73f   Thumb Code    42  scanner.o(i.zbar_scanner_get_edge)
    zbar_scanner_get_width                   0x0800c769   Thumb Code     6  scanner.o(i.zbar_scanner_get_width)
    zbar_scanner_new_scan                    0x0800c76f   Thumb Code    70  scanner.o(i.zbar_scanner_new_scan)
    zbar_scanner_reset                       0x0800c7b5   Thumb Code    42  scanner.o(i.zbar_scanner_reset)
    zbar_symbol_get_data                     0x0800c7df   Thumb Code     6  symbol.o(i.zbar_symbol_get_data)
    zbar_symbol_get_type                     0x0800c7e5   Thumb Code     6  symbol.o(i.zbar_symbol_get_type)
    zbar_symbol_next                         0x0800c7eb   Thumb Code    12  symbol.o(i.zbar_symbol_next)
    zbar_symbol_set_ref                      0x0800c7f7   Thumb Code    30  symbol.o(i.zbar_symbol_set_ref)
    zbar_utf8_to_gb18030                     0x0800c815   Thumb Code   228  qrdectxt.o(i.zbar_utf8_to_gb18030)
    memtblsize                               0x0800c8fc   Data           8  malloc.o(.constdata)
    memblksize                               0x0800c904   Data           8  malloc.o(.constdata)
    memsize                                  0x0800c90c   Data           8  malloc.o(.constdata)
    unicode_to_gb18030_table1                0x0800cbcc   Data       41804  qrdectxt.o(.constdata)
    ov7670_init_reg_tbl                      0x08016f18   Data         336  ov7670.o(.constdata)
    Region$$Table$$Base                      0x0801714c   Number         0  anon$$obj.o(Region$$Table)
    Region$$Table$$Limit                     0x0801716c   Number         0  anon$$obj.o(Region$$Table)
    colorQR                                  0x20000000   Data           1  main.o(.data)
    ov_sta                                   0x20000001   Data           1  main.o(.data)
    malloc_cortol                            0x20000008   Data          28  malloc.o(.data)
    _zbar_verbosity                          0x20000024   Data           4  error.o(.data)
    ov_frame                                 0x2000005c   Data           1  time.o(.data)
    __stderr                                 0x20000074   Data           4  stderr.o(.data)
    __stdout                                 0x20000078   Data           4  stdout.o(.data)
    mem1base                                 0x20000080   Data       56320  malloc.o(.bss)
    mem1mapbase                              0x2000dc80   Data        3520  malloc.o(.bss)
    lcddev                                   0x2000ea40   Data          14  lcd.o(.bss)
    __initial_sp                             0x2000fa50   Data           0  startup_stm32f10x_hd.o(STACK)
    mem2base                                 0x68000000   Data       1013760  malloc.o(.ARM.__AT_0x68000000)
    mem2mapbase                              0x680f7800   Data       63360  malloc.o(.ARM.__AT_0x680F7800)
    data_buf                                 0x68106f80   Data       57600  main.o(.ARM.__AT_0x68106F80)



==============================================================================

Memory Map of the image

  Image Entry point : 0x08000131

  Load Region LR_IROM1 (Base: 0x08000000, Size: 0x000171e8, Max: 0x00080000, ABSOLUTE)

    Execution Region ER_IROM1 (Exec base: 0x08000000, Load base: 0x08000000, Size: 0x0001716c, Max: 0x00080000, ABSOLUTE)

    Exec Addr    Load Addr    Size         Type   Attr      Idx    E Section Name        Object

    0x08000000   0x08000000   0x00000130   Data   RO         5257    RESET               startup_stm32f10x_hd.o
    0x08000130   0x08000130   0x00000000   Code   RO         5308  * .ARM.Collect$$$$00000000  mc_w.l(entry.o)
    0x08000130   0x08000130   0x00000004   Code   RO         5652    .ARM.Collect$$$$00000001  mc_w.l(entry2.o)
    0x08000134   0x08000134   0x00000004   Code   RO         5655    .ARM.Collect$$$$00000004  mc_w.l(entry5.o)
    0x08000138   0x08000138   0x00000000   Code   RO         5657    .ARM.Collect$$$$00000008  mc_w.l(entry7b.o)
    0x08000138   0x08000138   0x00000000   Code   RO         5659    .ARM.Collect$$$$0000000A  mc_w.l(entry8b.o)
    0x08000138   0x08000138   0x00000008   Code   RO         5660    .ARM.Collect$$$$0000000B  mc_w.l(entry9a.o)
    0x08000140   0x08000140   0x00000004   Code   RO         5667    .ARM.Collect$$$$0000000E  mc_w.l(entry12b.o)
    0x08000144   0x08000144   0x00000000   Code   RO         5662    .ARM.Collect$$$$0000000F  mc_w.l(entry10a.o)
    0x08000144   0x08000144   0x00000000   Code   RO         5664    .ARM.Collect$$$$00000011  mc_w.l(entry11a.o)
    0x08000144   0x08000144   0x00000004   Code   RO         5653    .ARM.Collect$$$$00002712  mc_w.l(entry2.o)
    0x08000148   0x08000148   0x00000024   Code   RO         5258    .text               startup_stm32f10x_hd.o
    0x0800016c   0x0800016c   0x00000062   Code   RO         5320    .text               mc_w.l(ldiv.o)
    0x080001ce   0x080001ce   0x00000024   Code   RO         5322    .text               mc_w.l(llsshr.o)
    0x080001f2   0x080001f2   0x0000009c   Code   RO         5324    .text               mc_w.l(qsort.o)
    0x0800028e   0x0800028e   0x00000040   Code   RO         5328    .text               mc_w.l(memmovea.o)
    0x080002ce   0x080002ce   0x0000001c   Code   RO         5338    .text               mc_w.l(strcmp.o)
    0x080002ea   0x080002ea   0x00000014   Code   RO         5340    .text               mc_w.l(memchr.o)
    0x080002fe   0x080002fe   0x0000001a   Code   RO         5342    .text               mc_w.l(memcmp.o)
    0x08000318   0x08000318   0x00000062   Code   RO         5671    .text               mc_w.l(uldiv.o)
    0x0800037a   0x0800037a   0x00000002   PAD
    0x0800037c   0x0800037c   0x00000024   Code   RO         5716    .text               mc_w.l(init.o)
    0x080003a0   0x080003a0   0x0000001e   Code   RO         5718    .text               mc_w.l(llshl.o)
    0x080003be   0x080003be   0x00000020   Code   RO         5720    .text               mc_w.l(llushr.o)
    0x080003de   0x080003de   0x00000002   PAD
    0x080003e0   0x080003e0   0x00000034   Code   RO         2851    i.Buzzle_Init       buzzle.o
    0x08000414   0x08000414   0x00000002   Code   RO         5012    i.DMA1_Channel1_Event  dma_stm32f10x.o
    0x08000416   0x08000416   0x00000002   PAD
    0x08000418   0x08000418   0x0000001c   Code   RO         5013    i.DMA1_Channel1_IRQHandler  dma_stm32f10x.o
    0x08000434   0x08000434   0x00000002   Code   RO         5014    i.DMA1_Channel2_Event  dma_stm32f10x.o
    0x08000436   0x08000436   0x00000002   PAD
    0x08000438   0x08000438   0x0000001c   Code   RO         5015    i.DMA1_Channel2_IRQHandler  dma_stm32f10x.o
    0x08000454   0x08000454   0x00000002   Code   RO         5016    i.DMA1_Channel3_Event  dma_stm32f10x.o
    0x08000456   0x08000456   0x00000002   PAD
    0x08000458   0x08000458   0x0000001c   Code   RO         5017    i.DMA1_Channel3_IRQHandler  dma_stm32f10x.o
    0x08000474   0x08000474   0x00000002   Code   RO         5018    i.DMA1_Channel4_Event  dma_stm32f10x.o
    0x08000476   0x08000476   0x00000002   PAD
    0x08000478   0x08000478   0x0000001c   Code   RO         5019    i.DMA1_Channel4_IRQHandler  dma_stm32f10x.o
    0x08000494   0x08000494   0x00000002   Code   RO         5020    i.DMA1_Channel5_Event  dma_stm32f10x.o
    0x08000496   0x08000496   0x00000002   PAD
    0x08000498   0x08000498   0x0000001c   Code   RO         5021    i.DMA1_Channel5_IRQHandler  dma_stm32f10x.o
    0x080004b4   0x080004b4   0x00000002   Code   RO         5022    i.DMA1_Channel6_Event  dma_stm32f10x.o
    0x080004b6   0x080004b6   0x00000002   PAD
    0x080004b8   0x080004b8   0x0000001c   Code   RO         5023    i.DMA1_Channel6_IRQHandler  dma_stm32f10x.o
    0x080004d4   0x080004d4   0x00000002   Code   RO         5024    i.DMA1_Channel7_Event  dma_stm32f10x.o
    0x080004d6   0x080004d6   0x00000002   PAD
    0x080004d8   0x080004d8   0x0000001c   Code   RO         5025    i.DMA1_Channel7_IRQHandler  dma_stm32f10x.o
    0x080004f4   0x080004f4   0x00000002   Code   RO         5026    i.DMA2_Channel1_Event  dma_stm32f10x.o
    0x080004f6   0x080004f6   0x00000002   PAD
    0x080004f8   0x080004f8   0x0000001c   Code   RO         5027    i.DMA2_Channel1_IRQHandler  dma_stm32f10x.o
    0x08000514   0x08000514   0x00000002   Code   RO         5028    i.DMA2_Channel2_Event  dma_stm32f10x.o
    0x08000516   0x08000516   0x00000002   PAD
    0x08000518   0x08000518   0x00000020   Code   RO         5029    i.DMA2_Channel2_IRQHandler  dma_stm32f10x.o
    0x08000538   0x08000538   0x00000002   Code   RO         5030    i.DMA2_Channel3_Event  dma_stm32f10x.o
    0x0800053a   0x0800053a   0x00000002   PAD
    0x0800053c   0x0800053c   0x00000020   Code   RO         5031    i.DMA2_Channel3_IRQHandler  dma_stm32f10x.o
    0x0800055c   0x0800055c   0x00000038   Code   RO         5032    i.DMA2_Channel4_5_IRQHandler  dma_stm32f10x.o
    0x08000594   0x08000594   0x00000002   Code   RO         5033    i.DMA2_Channel4_Event  dma_stm32f10x.o
    0x08000596   0x08000596   0x00000002   Code   RO         5035    i.DMA2_Channel5_Event  dma_stm32f10x.o
    0x08000598   0x08000598   0x0000004c   Code   RO            4    i.EXTI7_Init        main.o
    0x080005e4   0x080005e4   0x00000044   Code   RO            5    i.EXTI9_5_IRQHandler  main.o
    0x08000628   0x08000628   0x0000000c   Code   RO         2624    i.EXTI_ClearITPendingBit  my_stm32f10x_exti.o
    0x08000634   0x08000634   0x00000028   Code   RO         2628    i.EXTI_GetITStatus  my_stm32f10x_exti.o
    0x0800065c   0x0800065c   0x00000094   Code   RO         2629    i.EXTI_Init         my_stm32f10x_exti.o
    0x080006f0   0x080006f0   0x00000034   Code   RO         3429    i.FSMC_NORSRAMCmd   stm32f10x_fsmc.o
    0x08000724   0x08000724   0x000000e6   Code   RO         3431    i.FSMC_NORSRAMInit  stm32f10x_fsmc.o
    0x0800080a   0x0800080a   0x00000002   PAD
    0x0800080c   0x0800080c   0x000000f4   Code   RO          307    i.FSMC_SRAM_Init    sram.o
    0x08000900   0x08000900   0x00000034   Code   RO          196    i.GPIO_Config       init.o
    0x08000934   0x08000934   0x00000040   Code   RO         3553    i.GPIO_EXTILineConfig  stm32f10x_gpio.o
    0x08000974   0x08000974   0x00000116   Code   RO         3556    i.GPIO_Init         stm32f10x_gpio.o
    0x08000a8a   0x08000a8a   0x00000004   Code   RO         3563    i.GPIO_ResetBits    stm32f10x_gpio.o
    0x08000a8e   0x08000a8e   0x00000004   Code   RO         3564    i.GPIO_SetBits      stm32f10x_gpio.o
    0x08000a92   0x08000a92   0x00000002   PAD
    0x08000a94   0x08000a94   0x00000060   Code   RO         2161    i.LCD_Clear         lcd.o
    0x08000af4   0x08000af4   0x0000002c   Code   RO         2164    i.LCD_GPIOInit      lcd.o
    0x08000b20   0x08000b20   0x00000250   Code   RO         2165    i.LCD_Init          lcd.o
    0x08000d70   0x08000d70   0x00000028   Code   RO         2166    i.LCD_RESET         lcd.o
    0x08000d98   0x08000d98   0x00000058   Code   RO         2169    i.LCD_SetWindows    lcd.o
    0x08000df0   0x08000df0   0x00000030   Code   RO         2170    i.LCD_WR_DATA       lcd.o
    0x08000e20   0x08000e20   0x0000002c   Code   RO         2171    i.LCD_WR_REG        lcd.o
    0x08000e4c   0x08000e4c   0x00000010   Code   RO         2172    i.LCD_WriteRAM_Prepare  lcd.o
    0x08000e5c   0x08000e5c   0x00000014   Code   RO         2173    i.LCD_WriteReg      lcd.o
    0x08000e70   0x08000e70   0x00000084   Code   RO         2174    i.LCD_direction     lcd.o
    0x08000ef4   0x08000ef4   0x00000010   Code   RO         2888    i.LED0_ON           led.o
    0x08000f04   0x08000f04   0x00000010   Code   RO         2889    i.LED4_OFF          led.o
    0x08000f14   0x08000f14   0x00000010   Code   RO         2890    i.LED4_ON           led.o
    0x08000f24   0x08000f24   0x00000010   Code   RO         2892    i.LED5_OFF          led.o
    0x08000f34   0x08000f34   0x00000010   Code   RO         2893    i.LED5_ON           led.o
    0x08000f44   0x08000f44   0x00000034   Code   RO         2895    i.LED_Init          led.o
    0x08000f78   0x08000f78   0x00000038   Code   RO         2175    i.Lcd_WriteData_16Bit  lcd.o
    0x08000fb0   0x08000fb0   0x00000070   Code   RO         2974    i.NVIC_Init         misc.o
    0x08001020   0x08001020   0x00000032   Code   RO         2301    i.OV7670_Brightness  ov7670.o
    0x08001052   0x08001052   0x0000007a   Code   RO         2302    i.OV7670_Color_Saturation  ov7670.o
    0x080010cc   0x080010cc   0x00000032   Code   RO         2303    i.OV7670_Contrast   ov7670.o
    0x080010fe   0x080010fe   0x00000002   PAD
    0x08001100   0x08001100   0x00000100   Code   RO         2304    i.OV7670_Init       ov7670.o
    0x08001200   0x08001200   0x0000005c   Code   RO         2305    i.OV7670_Light_Mode  ov7670.o
    0x0800125c   0x0800125c   0x0000006a   Code   RO         2306    i.OV7670_Special_Effects  ov7670.o
    0x080012c6   0x080012c6   0x00000002   PAD
    0x080012c8   0x080012c8   0x00000020   Code   RO         3749    i.RCC_AHBPeriphClockCmd  stm32f10x_rcc.o
    0x080012e8   0x080012e8   0x00000020   Code   RO         3750    i.RCC_APB1PeriphClockCmd  stm32f10x_rcc.o
    0x08001308   0x08001308   0x00000020   Code   RO         3752    i.RCC_APB2PeriphClockCmd  stm32f10x_rcc.o
    0x08001328   0x08001328   0x000000d4   Code   RO         3760    i.RCC_GetClocksFreq  stm32f10x_rcc.o
    0x080013fc   0x080013fc   0x00000050   Code   RO         2374    i.SCCB_Init         sccb.o
    0x0800144c   0x0800144c   0x00000040   Code   RO         2375    i.SCCB_No_Ack       sccb.o
    0x0800148c   0x0800148c   0x0000004c   Code   RO         2376    i.SCCB_RD_Byte      sccb.o
    0x080014d8   0x080014d8   0x0000004e   Code   RO         2377    i.SCCB_RD_Reg       sccb.o
    0x08001526   0x08001526   0x00000002   PAD
    0x08001528   0x08001528   0x0000001c   Code   RO         2378    i.SCCB_SDA_IN       sccb.o
    0x08001544   0x08001544   0x00000024   Code   RO         2379    i.SCCB_SDA_OUT      sccb.o
    0x08001568   0x08001568   0x00000034   Code   RO         2380    i.SCCB_Start        sccb.o
    0x0800159c   0x0800159c   0x00000034   Code   RO         2381    i.SCCB_Stop         sccb.o
    0x080015d0   0x080015d0   0x00000084   Code   RO         2382    i.SCCB_WR_Byte      sccb.o
    0x08001654   0x08001654   0x0000003e   Code   RO         2383    i.SCCB_WR_Reg       sccb.o
    0x08001692   0x08001692   0x00000002   PAD
    0x08001694   0x08001694   0x0000009c   Code   RO         2581    i.SPI2_Init         spi.o
    0x08001730   0x08001730   0x00000018   Code   RO         2697    i.SPI_Cmd           my_stm32f10x_spi.o
    0x08001748   0x08001748   0x0000003c   Code   RO         2710    i.SPI_Init          my_stm32f10x_spi.o
    0x08001784   0x08001784   0x00000022   Code   RO         2583    i.SPI_WriteByte     spi.o
    0x080017a6   0x080017a6   0x00000002   PAD
    0x080017a8   0x080017a8   0x00000020   Code   RO          199    i.Serial_SendByte2  init.o
    0x080017c8   0x080017c8   0x00000020   Code   RO          200    i.Serial_SendByte4  init.o
    0x080017e8   0x080017e8   0x0000001a   Code   RO          201    i.Serial_SendString2  init.o
    0x08001802   0x08001802   0x0000001a   Code   RO          202    i.Serial_SendString4  init.o
    0x0800181c   0x0800181c   0x00000008   Code   RO         5265    i.SetSysClock       system_stm32f10x.o
    0x08001824   0x08001824   0x000000e0   Code   RO         5266    i.SetSysClockTo72   system_stm32f10x.o
    0x08001904   0x08001904   0x00000028   Code   RO         2978    i.SysTick_CLKSourceConfig  misc.o
    0x0800192c   0x0800192c   0x00000060   Code   RO         5268    i.SystemInit        system_stm32f10x.o
    0x0800198c   0x0800198c   0x0000003c   Code   RO          203    i.Systick_Config    init.o
    0x080019c8   0x080019c8   0x00000040   Code   RO         2459    i.TIM4_IRQHandler   time.o
    0x08001a08   0x08001a08   0x00000006   Code   RO         4271    i.TIM_ClearITPendingBit  stm32f10x_tim.o
    0x08001a0e   0x08001a0e   0x00000022   Code   RO         4297    i.TIM_GetITStatus   stm32f10x_tim.o
    0x08001a30   0x08001a30   0x00000088   Code   RO          204    i.UART4_Init        init.o
    0x08001ab8   0x08001ab8   0x00000084   Code   RO          205    i.USART2_Init       init.o
    0x08001b3c   0x08001b3c   0x00000018   Code   RO         4824    i.USART_Cmd         stm32f10x_usart.o
    0x08001b54   0x08001b54   0x0000007c   Code   RO          206    i.USART_Config      init.o
    0x08001bd0   0x08001bd0   0x0000001a   Code   RO         4827    i.USART_GetFlagStatus  stm32f10x_usart.o
    0x08001bea   0x08001bea   0x00000002   PAD
    0x08001bec   0x08001bec   0x000000d8   Code   RO         4831    i.USART_Init        stm32f10x_usart.o
    0x08001cc4   0x08001cc4   0x00000008   Code   RO         4841    i.USART_SendData    stm32f10x_usart.o
    0x08001ccc   0x08001ccc   0x00000114   Code   RO            7    i.Zbar_Test         main.o
    0x08001de0   0x08001de0   0x00000024   Code   RO         1203    i.Zbar_calloc       zbar_config.o
    0x08001e04   0x08001e04   0x0000000e   Code   RO         1204    i.Zbar_free         zbar_config.o
    0x08001e12   0x08001e12   0x0000000e   Code   RO         1205    i.Zbar_malloc       zbar_config.o
    0x08001e20   0x08001e20   0x00000014   Code   RO         1206    i.Zbar_memcpy       zbar_config.o
    0x08001e34   0x08001e34   0x00000014   Code   RO         1207    i.Zbar_memset       zbar_config.o
    0x08001e48   0x08001e48   0x00000012   Code   RO         1208    i.Zbar_realloc      zbar_config.o
    0x08001e5a   0x08001e5a   0x00000002   PAD
    0x08001e5c   0x08001e5c   0x0000001c   Code   RO         5560    i.__0fprintf$8      mc_w.l(printf8.o)
    0x08001e78   0x08001e78   0x00000020   Code   RO         5561    i.__0printf$8       mc_w.l(printf8.o)
    0x08001e98   0x08001e98   0x0000000e   Code   RO         5728    i.__scatterload_copy  mc_w.l(handlers.o)
    0x08001ea6   0x08001ea6   0x00000002   Code   RO         5729    i.__scatterload_null  mc_w.l(handlers.o)
    0x08001ea8   0x08001ea8   0x0000000e   Code   RO         5730    i.__scatterload_zeroinit  mc_w.l(handlers.o)
    0x08001eb6   0x08001eb6   0x00000002   PAD
    0x08001eb8   0x08001eb8   0x00000404   Code   RO         5568    i._printf_core      mc_w.l(printf8.o)
    0x080022bc   0x080022bc   0x00000024   Code   RO         5569    i._printf_post_padding  mc_w.l(printf8.o)
    0x080022e0   0x080022e0   0x0000002e   Code   RO         5570    i._printf_pre_padding  mc_w.l(printf8.o)
    0x0800230e   0x0800230e   0x00000008   Code   RO         1964    i._zbar_decoder_get_qr_finder_line  qr_finder.o
    0x08002316   0x08002316   0x0000010c   Code   RO         1965    i._zbar_find_qr     qr_finder.o
    0x08002422   0x08002422   0x0000001e   Code   RO          571    i._zbar_image_free  image.o
    0x08002440   0x08002440   0x0000002e   Code   RO          572    i._zbar_image_refcnt  image.o
    0x0800246e   0x0800246e   0x00000060   Code   RO          741    i._zbar_image_scanner_add_sym  img_scanner.o
    0x080024ce   0x080024ce   0x000000d8   Code   RO          850    i._zbar_image_scanner_alloc_sym  img_scanner.o
    0x080025a6   0x080025a6   0x000000ac   Code   RO          742    i._zbar_image_scanner_recycle_syms  img_scanner.o
    0x08002652   0x08002652   0x00000018   Code   RO         1390    i._zbar_qr_create   qrdec.o
    0x0800266a   0x0800266a   0x00000002   PAD
    0x0800266c   0x0800266c   0x00000124   Code   RO         1391    i._zbar_qr_decode   qrdec.o
    0x08002790   0x08002790   0x0000007c   Code   RO         1392    i._zbar_qr_destroy  qrdec.o
    0x0800280c   0x0800280c   0x00000056   Code   RO         1393    i._zbar_qr_found_line  qrdec.o
    0x08002862   0x08002862   0x00000010   Code   RO         1394    i._zbar_qr_reset    qrdec.o
    0x08002872   0x08002872   0x0000000c   Code   RO          743    i._zbar_refcnt      img_scanner.o
    0x0800287e   0x0800287e   0x0000000c   Code   RO          988    i._zbar_refcnt      symbol.o
    0x0800288a   0x0800288a   0x00000002   Code   RO          894    i._zbar_refcnt_init  refcnt.o
    0x0800288c   0x0800288c   0x00000036   Code   RO          989    i._zbar_symbol_free  symbol.o
    0x080028c2   0x080028c2   0x0000001e   Code   RO          990    i._zbar_symbol_refcnt  symbol.o
    0x080028e0   0x080028e0   0x00000018   Code   RO          991    i._zbar_symbol_set_create  symbol.o
    0x080028f8   0x080028f8   0x00000028   Code   RO         1124    i._zbar_symbol_set_free  symbol.o
    0x08002920   0x08002920   0x00000090   Code   RO         1254    i.bch15_5_calc_epos  bch15_5.o
    0x080029b0   0x080029b0   0x00000068   Code   RO         1255    i.bch15_5_calc_omega  bch15_5.o
    0x08002a18   0x08002a18   0x0000009c   Code   RO         1256    i.bch15_5_calc_syndrome  bch15_5.o
    0x08002ab4   0x08002ab4   0x00000052   Code   RO         1257    i.bch15_5_correct   bch15_5.o
    0x08002b06   0x08002b06   0x00000046   Code   RO         1258    i.bch15_5_encode    bch15_5.o
    0x08002b4c   0x08002b4c   0x00000074   Code   RO         1395    i.bch18_6_correct   qrdec.o
    0x08002bc0   0x08002bc0   0x00000010   Code   RO         2896    i.buzzle6_OFF       led.o
    0x08002bd0   0x08002bd0   0x00000010   Code   RO         2897    i.buzzle6_ON        led.o
    0x08002be0   0x08002be0   0x0000006a   Code   RO          744    i.cache_lookup      img_scanner.o
    0x08002c4a   0x08002c4a   0x000000ae   Code   RO          745    i.cache_sym         img_scanner.o
    0x08002cf8   0x08002cf8   0x00000040   Code   RO          909    i.calc_thresh       scanner.o
    0x08002d38   0x08002d38   0x00000104   Code   RO            8    i.camera_refresh    main.o
    0x08002e3c   0x08002e3c   0x00000026   Code   RO         1966    i.decode_e          qr_finder.o
    0x08002e62   0x08002e62   0x00000048   Code   RO          456    i.decoder_set_config_bool  decoder.o
    0x08002eaa   0x08002eaa   0x00000002   PAD
    0x08002eac   0x08002eac   0x0000004c   Code   RO          207    i.delay_ms          init.o
    0x08002ef8   0x08002ef8   0x0000004c   Code   RO          208    i.delay_us          init.o
    0x08002f44   0x08002f44   0x0000018c   Code   RO          746    i.dump_stats        img_scanner.o
    0x080030d0   0x080030d0   0x0000001c   Code   RO          209    i.fputc             init.o
    0x080030ec   0x080030ec   0x00000012   Code   RO         1967    i.get_width         qr_finder.o
    0x080030fe   0x080030fe   0x00000002   PAD
    0x08003100   0x08003100   0x00000024   Code   RO         1259    i.gf16_div          bch15_5.o
    0x08003124   0x08003124   0x0000001c   Code   RO         1260    i.gf16_hmul         bch15_5.o
    0x08003140   0x08003140   0x00000024   Code   RO         1261    i.gf16_mul          bch15_5.o
    0x08003164   0x08003164   0x00000150   Code   RO         1349    i.isaac_init        isaac.o
    0x080032b4   0x080032b4   0x000000bc   Code   RO         1350    i.isaac_mix         isaac.o
    0x08003370   0x08003370   0x0000002a   Code   RO         1351    i.isaac_next_uint   isaac.o
    0x0800339a   0x0800339a   0x0000001c   Code   RO         1352    i.isaac_next_uint32  isaac.o
    0x080033b6   0x080033b6   0x00000220   Code   RO         1353    i.isaac_update      isaac.o
    0x080035d6   0x080035d6   0x00000002   PAD
    0x080035d8   0x080035d8   0x000000d0   Code   RO           10    i.main              main.o
    0x080036a8   0x080036a8   0x0000006c   Code   RO          346    i.my_mem_free       malloc.o
    0x08003714   0x08003714   0x00000044   Code   RO          347    i.my_mem_init       malloc.o
    0x08003758   0x08003758   0x000000a8   Code   RO          348    i.my_mem_malloc     malloc.o
    0x08003800   0x08003800   0x00000040   Code   RO          349    i.my_mem_perused    malloc.o
    0x08003840   0x08003840   0x00000024   Code   RO          350    i.myfree            malloc.o
    0x08003864   0x08003864   0x00000028   Code   RO          351    i.mymalloc          malloc.o
    0x0800388c   0x0800388c   0x0000001a   Code   RO          352    i.mymemcpy          malloc.o
    0x080038a6   0x080038a6   0x00000014   Code   RO          353    i.mymemset          malloc.o
    0x080038ba   0x080038ba   0x00000002   PAD
    0x080038bc   0x080038bc   0x00000044   Code   RO          354    i.myrealloc         malloc.o
    0x08003900   0x08003900   0x0000001e   Code   RO         1968    i.pair_width        qr_finder.o
    0x0800391e   0x0800391e   0x00000038   Code   RO          910    i.process_edge      scanner.o
    0x08003956   0x08003956   0x000000f6   Code   RO         1396    i.qr_aff_init       qrdec.o
    0x08003a4c   0x08003a4c   0x00000116   Code   RO         1397    i.qr_aff_line_step  qrdec.o
    0x08003b62   0x08003b62   0x00000048   Code   RO         1398    i.qr_aff_project    qrdec.o
    0x08003baa   0x08003baa   0x0000002c   Code   RO         1399    i.qr_aff_unproject  qrdec.o
    0x08003bd6   0x08003bd6   0x00000076   Code   RO         1400    i.qr_alignment_pattern_fetch  qrdec.o
    0x08003c4c   0x08003c4c   0x000006c4   Code   RO         1401    i.qr_alignment_pattern_search  qrdec.o
    0x08004310   0x08004310   0x00000284   Code   RO         1307    i.qr_binarize       binarize.o
    0x08004594   0x08004594   0x0000004c   Code   RO         1402    i.qr_cmp_edge_pt    qrdec.o
    0x080045e0   0x080045e0   0x00000042   Code   RO         1403    i.qr_code_data_clear  qrdec.o
    0x08004622   0x08004622   0x00000042   Code   RO         1404    i.qr_code_data_list_add  qrdec.o
    0x08004664   0x08004664   0x0000002c   Code   RO         1405    i.qr_code_data_list_clear  qrdec.o
    0x08004690   0x08004690   0x0000050c   Code   RO         1764    i.qr_code_data_list_extract_text  qrdectxt.o
    0x08004b9c   0x08004b9c   0x0000000a   Code   RO         1406    i.qr_code_data_list_init  qrdec.o
    0x08004ba6   0x08004ba6   0x00000002   PAD
    0x08004ba8   0x08004ba8   0x00000458   Code   RO         1407    i.qr_code_data_parse  qrdec.o
    0x08005000   0x08005000   0x000001b8   Code   RO         1408    i.qr_code_decode    qrdec.o
    0x080051b8   0x080051b8   0x00000040   Code   RO         1409    i.qr_code_ncodewords  qrdec.o
    0x080051f8   0x080051f8   0x00000210   Code   RO         1410    i.qr_data_mask_fill  qrdec.o
    0x08005408   0x08005408   0x0000006e   Code   RO         1411    i.qr_finder_center_cmp  qrdec.o
    0x08005476   0x08005476   0x00000002   PAD
    0x08005478   0x08005478   0x00000124   Code   RO         1412    i.qr_finder_centers_locate  qrdec.o
    0x0800559c   0x0800559c   0x0000021e   Code   RO         1413    i.qr_finder_cluster_lines  qrdec.o
    0x080057ba   0x080057ba   0x00000002   PAD
    0x080057bc   0x080057bc   0x000000e8   Code   RO         1414    i.qr_finder_edge_pts_aff_classify  qrdec.o
    0x080058a4   0x080058a4   0x000000b2   Code   RO         1415    i.qr_finder_edge_pts_fill  qrdec.o
    0x08005956   0x08005956   0x00000002   PAD
    0x08005958   0x08005958   0x00000100   Code   RO         1416    i.qr_finder_edge_pts_hom_classify  qrdec.o
    0x08005a58   0x08005a58   0x00000224   Code   RO         1417    i.qr_finder_estimate_module_size_and_version  qrdec.o
    0x08005c7c   0x08005c7c   0x00000228   Code   RO         1418    i.qr_finder_find_crossings  qrdec.o
    0x08005ea4   0x08005ea4   0x0000040a   Code   RO         1419    i.qr_finder_fmt_info_decode  qrdec.o
    0x080062ae   0x080062ae   0x00000032   Code   RO         1420    i.qr_finder_lines_are_crossing  qrdec.o
    0x080062e0   0x080062e0   0x000001a8   Code   RO         1421    i.qr_finder_locate_crossing  qrdec.o
    0x08006488   0x08006488   0x00000082   Code   RO         1422    i.qr_finder_quick_crossing_check  qrdec.o
    0x0800650a   0x0800650a   0x000001f4   Code   RO         1423    i.qr_finder_ransac  qrdec.o
    0x080066fe   0x080066fe   0x00000184   Code   RO         1424    i.qr_finder_version_decode  qrdec.o
    0x08006882   0x08006882   0x0000004c   Code   RO         1425    i.qr_finder_vline_cmp  qrdec.o
    0x080068ce   0x080068ce   0x0000001e   Code   RO         1426    i.qr_hamming_dist   qrdec.o
    0x080068ec   0x080068ec   0x000000a0   Code   RO          747    i.qr_handler        img_scanner.o
    0x0800698c   0x0800698c   0x00000068   Code   RO         1427    i.qr_hom_cell_fproject  qrdec.o
    0x080069f4   0x080069f4   0x00000b10   Code   RO         1428    i.qr_hom_cell_init  qrdec.o
    0x08007504   0x08007504   0x00000058   Code   RO         1429    i.qr_hom_cell_project  qrdec.o
    0x0800755c   0x0800755c   0x00001098   Code   RO         1430    i.qr_hom_fit        qrdec.o
    0x080085f4   0x080085f4   0x00000068   Code   RO         1431    i.qr_hom_fproject   qrdec.o
    0x0800865c   0x0800865c   0x00000a6a   Code   RO         1432    i.qr_hom_init       qrdec.o
    0x080090c6   0x080090c6   0x000000ca   Code   RO         1433    i.qr_hom_unproject  qrdec.o
    0x08009190   0x08009190   0x0000010c   Code   RO         1940    i.qr_ihypot         util.o
    0x0800929c   0x0800929c   0x0000005c   Code   RO         1941    i.qr_ilog           util.o
    0x080092f8   0x080092f8   0x00000098   Code   RO         1434    i.qr_img_get_bit    qrdec.o
    0x08009390   0x08009390   0x0000002c   Code   RO         1942    i.qr_isqrt          util.o
    0x080093bc   0x080093bc   0x00000014   Code   RO         1435    i.qr_line_eval      qrdec.o
    0x080093d0   0x080093d0   0x00000152   Code   RO         1436    i.qr_line_fit       qrdec.o
    0x08009522   0x08009522   0x00000070   Code   RO         1437    i.qr_line_fit_finder_edge  qrdec.o
    0x08009592   0x08009592   0x00000146   Code   RO         1438    i.qr_line_fit_finder_pair  qrdec.o
    0x080096d8   0x080096d8   0x00000328   Code   RO         1439    i.qr_line_fit_points  qrdec.o
    0x08009a00   0x08009a00   0x00000076   Code   RO         1440    i.qr_line_isect     qrdec.o
    0x08009a76   0x08009a76   0x0000002a   Code   RO         1441    i.qr_line_orient    qrdec.o
    0x08009aa0   0x08009aa0   0x00000010   Code   RO         1442    i.qr_pack_buf_avail  qrdec.o
    0x08009ab0   0x08009ab0   0x0000000c   Code   RO         1443    i.qr_pack_buf_init  qrdec.o
    0x08009abc   0x08009abc   0x00000076   Code   RO         1444    i.qr_pack_buf_read  qrdec.o
    0x08009b32   0x08009b32   0x00000022   Code   RO         1445    i.qr_point_ccw      qrdec.o
    0x08009b54   0x08009b54   0x0000001e   Code   RO         1446    i.qr_point_distance2  qrdec.o
    0x08009b72   0x08009b72   0x0000000e   Code   RO         1447    i.qr_point_translate  qrdec.o
    0x08009b80   0x08009b80   0x0000001a   Code   RO         1448    i.qr_reader_init    qrdec.o
    0x08009b9a   0x08009b9a   0x000001e8   Code   RO         1449    i.qr_reader_match_centers  qrdec.o
    0x08009d82   0x08009d82   0x0000038e   Code   RO         1450    i.qr_reader_try_configuration  qrdec.o
    0x0800a110   0x0800a110   0x00000282   Code   RO         1451    i.qr_samples_unpack  qrdec.o
    0x0800a392   0x0800a392   0x00000012   Code   RO         1452    i.qr_sampling_grid_clear  qrdec.o
    0x0800a3a4   0x0800a3a4   0x00000064   Code   RO         1453    i.qr_sampling_grid_fp_mask_rect  qrdec.o
    0x0800a408   0x0800a408   0x00000a3c   Code   RO         1454    i.qr_sampling_grid_init  qrdec.o
    0x0800ae44   0x0800ae44   0x00000022   Code   RO         1455    i.qr_sampling_grid_is_in_fp  qrdec.o
    0x0800ae66   0x0800ae66   0x0000016a   Code   RO         1456    i.qr_sampling_grid_sample  qrdec.o
    0x0800afd0   0x0800afd0   0x0000001a   Code   RO          748    i.quiet_border      img_scanner.o
    0x0800afea   0x0800afea   0x0000002a   Code   RO          749    i.recycle_syms      img_scanner.o
    0x0800b014   0x0800b014   0x00000050   Code   RO         1830    i.rs_calc_syndrome  rs.o
    0x0800b064   0x0800b064   0x00000172   Code   RO         1832    i.rs_correct        rs.o
    0x0800b1d6   0x0800b1d6   0x0000015c   Code   RO         1833    i.rs_cubic_solve    rs.o
    0x0800b332   0x0800b332   0x000000a0   Code   RO         1835    i.rs_find_roots     rs.o
    0x0800b3d2   0x0800b3d2   0x0000001a   Code   RO         1836    i.rs_gdiv           rs.o
    0x0800b3ec   0x0800b3ec   0x00000044   Code   RO         1837    i.rs_gf256_init     rs.o
    0x0800b430   0x0800b430   0x0000001a   Code   RO         1838    i.rs_gmul           rs.o
    0x0800b44a   0x0800b44a   0x00000022   Code   RO         1839    i.rs_gsqrt          rs.o
    0x0800b46c   0x0800b46c   0x00000016   Code   RO         1840    i.rs_hgmul          rs.o
    0x0800b482   0x0800b482   0x00000058   Code   RO         1841    i.rs_init_lambda    rs.o
    0x0800b4da   0x0800b4da   0x00000106   Code   RO         1842    i.rs_modified_berlekamp_massey  rs.o
    0x0800b5e0   0x0800b5e0   0x00000014   Code   RO         1843    i.rs_poly_copy      rs.o
    0x0800b5f4   0x0800b5f4   0x00000018   Code   RO         1845    i.rs_poly_mul_x     rs.o
    0x0800b60c   0x0800b60c   0x00000076   Code   RO         1846    i.rs_poly_mult      rs.o
    0x0800b682   0x0800b682   0x00000012   Code   RO         1847    i.rs_poly_zero      rs.o
    0x0800b694   0x0800b694   0x00000226   Code   RO         1848    i.rs_quadratic_solve  rs.o
    0x0800b8ba   0x0800b8ba   0x0000019c   Code   RO         1849    i.rs_quartic_solve  rs.o
    0x0800ba56   0x0800ba56   0x0000003a   Code   RO          750    i.sym_add_point     img_scanner.o
    0x0800ba90   0x0800ba90   0x0000003a   Code   RO         1765    i.sym_add_point     qrdectxt.o
    0x0800baca   0x0800baca   0x000000ee   Code   RO          751    i.symbol_handler    img_scanner.o
    0x0800bbb8   0x0800bbb8   0x00000064   Code   RO          457    i.zbar_decode_width  decoder.o
    0x0800bc1c   0x0800bc1c   0x00000078   Code   RO          458    i.zbar_decoder_create  decoder.o
    0x0800bc94   0x0800bc94   0x00000016   Code   RO          459    i.zbar_decoder_destroy  decoder.o
    0x0800bcaa   0x0800bcaa   0x00000006   Code   RO          461    i.zbar_decoder_get_data  decoder.o
    0x0800bcb0   0x0800bcb0   0x00000006   Code   RO          462    i.zbar_decoder_get_data_length  decoder.o
    0x0800bcb6   0x0800bcb6   0x00000008   Code   RO          463    i.zbar_decoder_get_type  decoder.o
    0x0800bcbe   0x0800bcbe   0x00000006   Code   RO          464    i.zbar_decoder_get_userdata  decoder.o
    0x0800bcc4   0x0800bcc4   0x0000001e   Code   RO          465    i.zbar_decoder_new_scan  decoder.o
    0x0800bce2   0x0800bce2   0x0000001c   Code   RO          466    i.zbar_decoder_reset  decoder.o
    0x0800bcfe   0x0800bcfe   0x000000c6   Code   RO          467    i.zbar_decoder_set_config  decoder.o
    0x0800bdc4   0x0800bdc4   0x00000008   Code   RO          468    i.zbar_decoder_set_handler  decoder.o
    0x0800bdcc   0x0800bdcc   0x00000004   Code   RO          469    i.zbar_decoder_set_userdata  decoder.o
    0x0800bdd0   0x0800bdd0   0x000000cc   Code   RO          993    i.zbar_get_symbol_name  symbol.o
    0x0800be9c   0x0800be9c   0x00000022   Code   RO          574    i.zbar_image_create  image.o
    0x0800bebe   0x0800bebe   0x00000010   Code   RO          575    i.zbar_image_destroy  image.o
    0x0800bece   0x0800bece   0x00000010   Code   RO          576    i.zbar_image_first_symbol  image.o
    0x0800bede   0x0800bede   0x00000002   PAD
    0x0800bee0   0x0800bee0   0x00000058   Code   RO          706    i.zbar_image_free_data  image.o
    0x0800bf38   0x0800bf38   0x0000008c   Code   RO          752    i.zbar_image_scanner_create  img_scanner.o
    0x0800bfc4   0x0800bfc4   0x00000084   Code   RO          753    i.zbar_image_scanner_destroy  img_scanner.o
    0x0800c048   0x0800c048   0x00000064   Code   RO          844    i.zbar_image_scanner_recycle_image  img_scanner.o
    0x0800c0ac   0x0800c0ac   0x00000076   Code   RO          756    i.zbar_image_scanner_set_config  img_scanner.o
    0x0800c122   0x0800c122   0x0000001c   Code   RO          586    i.zbar_image_set_data  image.o
    0x0800c13e   0x0800c13e   0x00000004   Code   RO          587    i.zbar_image_set_format  image.o
    0x0800c142   0x0800c142   0x00000006   Code   RO          589    i.zbar_image_set_size  image.o
    0x0800c148   0x0800c148   0x000003d8   Code   RO          758    i.zbar_scan_image   img_scanner.o
    0x0800c520   0x0800c520   0x000001a6   Code   RO          911    i.zbar_scan_y       scanner.o
    0x0800c6c6   0x0800c6c6   0x0000001c   Code   RO          912    i.zbar_scanner_create  scanner.o
    0x0800c6e2   0x0800c6e2   0x0000000c   Code   RO          913    i.zbar_scanner_destroy  scanner.o
    0x0800c6ee   0x0800c6ee   0x00000050   Code   RO          976    i.zbar_scanner_flush  scanner.o
    0x0800c73e   0x0800c73e   0x0000002a   Code   RO          915    i.zbar_scanner_get_edge  scanner.o
    0x0800c768   0x0800c768   0x00000006   Code   RO          917    i.zbar_scanner_get_width  scanner.o
    0x0800c76e   0x0800c76e   0x00000046   Code   RO          918    i.zbar_scanner_new_scan  scanner.o
    0x0800c7b4   0x0800c7b4   0x0000002a   Code   RO          919    i.zbar_scanner_reset  scanner.o
    0x0800c7de   0x0800c7de   0x00000006   Code   RO          997    i.zbar_symbol_get_data  symbol.o
    0x0800c7e4   0x0800c7e4   0x00000006   Code   RO         1003    i.zbar_symbol_get_type  symbol.o
    0x0800c7ea   0x0800c7ea   0x0000000c   Code   RO         1004    i.zbar_symbol_next  symbol.o
    0x0800c7f6   0x0800c7f6   0x0000001e   Code   RO         1008    i.zbar_symbol_set_ref  symbol.o
    0x0800c814   0x0800c814   0x000000e8   Code   RO         1768    i.zbar_utf8_to_gb18030  qrdectxt.o
    0x0800c8fc   0x0800c8fc   0x00000018   Data   RO          358    .constdata          malloc.o
    0x0800c914   0x0800c914   0x0000001b   Data   RO          759    .constdata          img_scanner.o
    0x0800c92f   0x0800c92f   0x0000002f   Data   RO         1262    .constdata          bch15_5.o
    0x0800c95e   0x0800c95e   0x00000008   Data   RO         1354    .constdata          isaac.o
    0x0800c966   0x0800c966   0x00000002   PAD
    0x0800c968   0x0800c968   0x00000264   Data   RO         1457    .constdata          qrdec.o
    0x0800cbcc   0x0800cbcc   0x0000a34c   Data   RO         1769    .constdata          qrdectxt.o
    0x08016f18   0x08016f18   0x00000150   Data   RO         2308    .constdata          ov7670.o
    0x08017068   0x08017068   0x000000e3   Data   RO         1153    .conststring        error.o
    0x0801714b   0x0801714b   0x00000001   PAD
    0x0801714c   0x0801714c   0x00000020   Data   RO         5726    Region$$Table       anon$$obj.o


    Execution Region RW_IRAM1 (Exec base: 0x20000000, Load base: 0x0801716c, Size: 0x0000fa50, Max: 0x00010000, ABSOLUTE)

    Exec Addr    Load Addr    Size         Type   Attr      Idx    E Section Name        Object

    0x20000000   0x0801716c   0x00000002   Data   RW           12    .data               main.o
    0x20000002   0x0801716e   0x00000004   Data   RW          210    .data               init.o
    0x20000006   0x08017172   0x00000002   PAD
    0x20000008   0x08017174   0x0000001c   Data   RW          359    .data               malloc.o
    0x20000024   0x08017190   0x00000038   Data   RW         1154    .data               error.o
    0x2000005c   0x080171c8   0x00000001   Data   RW         2461    .data               time.o
    0x2000005d   0x080171c9   0x00000014   Data   RW         3780    .data               stm32f10x_rcc.o
    0x20000071   0x080171dd   0x00000003   PAD
    0x20000074   0x080171e0   0x00000004   Data   RW         5319    .data               mc_w.l(stderr.o)
    0x20000078   0x080171e4   0x00000004   Data   RW         5668    .data               mc_w.l(stdout.o)
    0x2000007c   0x080171e8   0x00000004   PAD
    0x20000080        -       0x0000e9c0   Zero   RW          357    .bss                malloc.o
    0x2000ea40        -       0x0000000e   Zero   RW         2179    .bss                lcd.o
    0x2000ea4e   0x080171e8   0x00000002   PAD
    0x2000ea50        -       0x00001000   Zero   RW         5255    STACK               startup_stm32f10x_hd.o



  Load Region LR$$.ARM.__AT_0x68000000 (Base: 0x68000000, Size: 0x00000000, Max: 0x000f7800, ABSOLUTE)

    Execution Region ER$$.ARM.__AT_0x68000000 (Exec base: 0x68000000, Load base: 0x68000000, Size: 0x000f7800, Max: 0x000f7800, ABSOLUTE, UNINIT)

    Exec Addr    Load Addr    Size         Type   Attr      Idx    E Section Name        Object

    0x68000000        -       0x000f7800   Zero   RW          355    .ARM.__AT_0x68000000  malloc.o



  Load Region LR$$.ARM.__AT_0x680F7800 (Base: 0x680f7800, Size: 0x00000000, Max: 0x0000f780, ABSOLUTE)

    Execution Region ER$$.ARM.__AT_0x680F7800 (Exec base: 0x680f7800, Load base: 0x680f7800, Size: 0x0000f780, Max: 0x0000f780, ABSOLUTE, UNINIT)

    Exec Addr    Load Addr    Size         Type   Attr      Idx    E Section Name        Object

    0x680f7800        -       0x0000f780   Zero   RW          356    .ARM.__AT_0x680F7800  malloc.o



  Load Region LR$$.ARM.__AT_0x68106F80 (Base: 0x68106f80, Size: 0x00000000, Max: 0x0000e100, ABSOLUTE)

    Execution Region ER$$.ARM.__AT_0x68106F80 (Exec base: 0x68106f80, Load base: 0x68106f80, Size: 0x0000e100, Max: 0x0000e100, ABSOLUTE, UNINIT)

    Exec Addr    Load Addr    Size         Type   Attr      Idx    E Section Name        Object

    0x68106f80        -       0x0000e100   Zero   RW           11    .ARM.__AT_0x68106F80  main.o


==============================================================================

Image component sizes


      Code (inc. data)   RO Data    RW Data    ZI Data      Debug   Object Name

       656         44         47          0          0       5839   bch15_5.o
       644          0          0          0          0       6966   binarize.o
        52          6          0          0          0        474   buzzle.o
       608         64          0          0          0      13114   decoder.o
       368         50          0          0          0      11683   dma_stm32f10x.o
         0          0        227         56          0       2522   error.o
       268          6          0          0          0      11013   image.o
      3170        408         27          0          0      20487   img_scanner.o
       800         58          0          4          0       7823   init.o
      1138         10          8          0          0       4463   isaac.o
      1176         62          0          0         14       7585   lcd.o
       164         34          0          0          0       3338   led.o
       888        128          0          2      57600     272168   main.o
       598         64         24         28    1136960       7379   malloc.o
       152         12          0          0          0       1778   misc.o
       200         18          0          0          0       4484   my_stm32f10x_exti.o
        84          0          0          0          0       9249   my_stm32f10x_spi.o
       676         32        336          0          0       4205   ov7670.o
       362          0          0          0          0       7951   qr_finder.o
     28480        190        612          0          0      71991   qrdec.o
      1582         14      41804          0          0      13720   qrdectxt.o
         2          0          0          0          0        408   refcnt.o
      2626          0          0          0          0      15441   rs.o
       822          0          0          0          0      10254   scanner.o
       660         60          0          0          0       5070   sccb.o
       190          8          0          0          0       8488   spi.o
       244         18          0          0          0        697   sram.o
        36          8        304          0       4096        816   startup_stm32f10x_hd.o
       282          6          0          0          0       2045   stm32f10x_fsmc.o
       350          4          0          0          0       3930   stm32f10x_gpio.o
       308         38          0         20          0       5262   stm32f10x_rcc.o
        40          0          0          0          0       1986   stm32f10x_tim.o
       274          6          0          0          0       4292   stm32f10x_usart.o
       418        108          0          0          0       9440   symbol.o
       328         28          0          0          0       2105   system_stm32f10x.o
        64         26          0          1          0        653   time.o
       404          4          0          0          0       1993   util.o
       122          0          0          0          0       3407   zbar_config.o

    ----------------------------------------------------------------------
     49294       1514      43424        116    1198672     564519   Object Totals
         0          0         32          0          0          0   (incl. Generated)
        58          0          3          5          2          0   (incl. Padding)

    ----------------------------------------------------------------------

      Code (inc. data)   RO Data    RW Data    ZI Data      Debug   Library Member Name

         0          0          0          0          0          0   entry.o
         0          0          0          0          0          0   entry10a.o
         0          0          0          0          0          0   entry11a.o
         4          0          0          0          0          0   entry12b.o
         8          4          0          0          0          0   entry2.o
         4          0          0          0          0          0   entry5.o
         0          0          0          0          0          0   entry7b.o
         0          0          0          0          0          0   entry8b.o
         8          4          0          0          0          0   entry9a.o
        30          0          0          0          0          0   handlers.o
        36          8          0          0          0         68   init.o
        98          0          0          0          0         84   ldiv.o
        30          0          0          0          0         68   llshl.o
        36          0          0          0          0         68   llsshr.o
        32          0          0          0          0         68   llushr.o
        20          0          0          0          0         68   memchr.o
        26          0          0          0          0         80   memcmp.o
        64          0          0          0          0         76   memmovea.o
      1170         60          0          0          0        436   printf8.o
       156          0          0          0          0         88   qsort.o
         0          0          0          4          0          0   stderr.o
         0          0          0          4          0          0   stdout.o
        28          0          0          0          0         76   strcmp.o
        98          0          0          0          0         92   uldiv.o

    ----------------------------------------------------------------------
      1854         76          0          8          4       1272   Library Totals
         6          0          0          0          4          0   (incl. Padding)

    ----------------------------------------------------------------------

      Code (inc. data)   RO Data    RW Data    ZI Data      Debug   Library Name

      1848         76          0          8          0       1272   mc_w.l

    ----------------------------------------------------------------------
      1854         76          0          8          4       1272   Library Totals

    ----------------------------------------------------------------------

==============================================================================


      Code (inc. data)   RO Data    RW Data    ZI Data      Debug   

     51148       1590      43424        124    1198676     550343   Grand Totals
     51148       1590      43424        124    1198676     550343   ELF Image Totals
     51148       1590      43424        124          0          0   ROM Totals

==============================================================================

    Total RO  Size (Code + RO Data)                94572 (  92.36kB)
    Total RW  Size (RW Data + ZI Data)           1198800 (1170.70kB)
    Total ROM Size (Code + RO Data + RW Data)      94696 (  92.48kB)

==============================================================================

